
===================================================
 running tb_samegame
===================================================
Questa Altera Starter FPGA Edition-64 vlog 2025.2 Compiler 2025.05 May 31 2025
Start time: 01:45:53 on Sep 27,2026
vlog -sv ..\..\rtl\board_memory.sv ..\..\rtl\floodfill_engine.sv ..\..\rtl\gravity_engine.sv ..\..\rtl\column_shift_engine.sv tb_samegame.sv 
** Note: (vlog-220) 'H:/altera_lite/25.1std/questa_fse/win64/../modelsim.ini' is used as the ini file.
-- Compiling module board_memory
-- Compiling module floodfill_engine
-- Compiling module gravity_engine
-- Compiling module column_shift_engine
-- Compiling module tb_samegame

Top level modules:
	tb_samegame
End time: 01:45:54 on Sep 27,2026, Elapsed time: 0:00:01
Errors: 0, Warnings: 0
Reading pref.tcl

# 2025.2

# ** Note: (vsim-220) 'H:/altera_lite/25.1std/questa_fse/win64/../modelsim.ini' is used as the ini file.
# vsim -c -do "run -all; quit -f" tb_samegame 
# Start time: 01:45:56 on Sep 27,2026
# ** Note: (vsim-3812) Design is being optimized...
# ** Note: (vopt-220) 'H:/altera_lite/25.1std/questa_fse/win64/../modelsim.ini' is used as the ini file.
# //  Questa Altera Starter FPGA Edition-64
# //  Version 2025.2 win64 May 31 2025
# //
# // Unpublished work. Copyright 2025 Siemens
# //
# // This material contains trade secrets or otherwise confidential information
# // owned by Siemens Industry Software Inc. or its affiliates (collectively,
# // "SISW"), or its licensors. Access to and use of this information is strictly
# // limited as set forth in the Customer's applicable agreements with SISW.
# //
# // This material may not be copied, distributed, or otherwise disclosed outside
# // of the Customer's facilities without the express written permission of SISW,
# // and may not be used in any way not expressly authorized by SISW.
# //
# Loading sv_std.std
# Loading work.tb_samegame(fast)
# run -all
# [1] board clear after reset
# [2] flood fill: 2x2 group of Logo0
# [3] flood fill on empty cell
# [4] gravity compaction
# [5] column shift: A B Empty C D Empty -> A B C D Empty Empty
# ================================
#   checks=218 errors=0
#   ALL PASS
# ================================
# ** Note: $finish    : tb_samegame.sv(290)
#    Time: 27035 ns  Iteration: 0  Instance: /tb_samegame
# End time: 01:45:58 on Sep 27,2026, Elapsed time: 0:00:02
# Errors: 0, Warnings: 0

===================================================
 running tb_renderer
===================================================
Questa Altera Starter FPGA Edition-64 vlog 2025.2 Compiler 2025.05 May 31 2025
Start time: 01:45:59 on Sep 27,2026
vlog -sv ..\..\rtl\board_memory.sv ..\..\rtl\logo_ram.sv ..\..\rtl\lcd_renderer.sv tb_renderer.sv 
** Note: (vlog-220) 'H:/altera_lite/25.1std/questa_fse/win64/../modelsim.ini' is used as the ini file.
-- Compiling module board_memory
-- Compiling module logo_ram
-- Compiling module lcd_renderer
-- Compiling module tb_renderer

Top level modules:
	tb_renderer
End time: 01:45:59 on Sep 27,2026, Elapsed time: 0:00:00
Errors: 0, Warnings: 0
Reading pref.tcl

# 2025.2

# ** Note: (vsim-220) 'H:/altera_lite/25.1std/questa_fse/win64/../modelsim.ini' is used as the ini file.
# vsim -c -do "run -all; quit -f" tb_renderer 
# Start time: 01:46:01 on Sep 27,2026
# ** Note: (vsim-3812) Design is being optimized...
# ** Note: (vopt-220) 'H:/altera_lite/25.1std/questa_fse/win64/../modelsim.ini' is used as the ini file.
# //  Questa Altera Starter FPGA Edition-64
# //  Version 2025.2 win64 May 31 2025
# //
# // Unpublished work. Copyright 2025 Siemens
# //
# // This material contains trade secrets or otherwise confidential information
# // owned by Siemens Industry Software Inc. or its affiliates (collectively,
# // "SISW"), or its licensors. Access to and use of this information is strictly
# // limited as set forth in the Customer's applicable agreements with SISW.
# //
# // This material may not be copied, distributed, or otherwise disclosed outside
# // of the Customer's facilities without the express written permission of SISW,
# // and may not be used in any way not expressly authorized by SISW.
# //
# Loading sv_std.std
# Loading work.tb_renderer(fast)
# run -all
# [1] static sweep (mode 0)
#     checks=76801 errors=0
# [2] fall end (mode 2, fall_px = 240)
#     checks=153602 errors=0
# [3] shift end (mode 3, shift_px = 320)
#     checks=230403 errors=0
# [4] fall middle (mode 2)
#     checks=307204 errors=0
# [5] blink (mode 1, blink_on = 0)
#     checks=384005 errors=0
# [6] cursor overlay inverts exactly one cell
#     checks=460806 errors=0
# [6b] cursor on an empty cell is visible (black -> white)
#     checks=537612 errors=0
# [6c] cursor off -> board unchanged
#     checks=614413 errors=0
# [6d] game-over banner overrides the top band only
#     checks=691214 errors=0
#     checks=691224 errors=0
# [6e] banner cleared -> board visible again
#     checks=768025 errors=0
# ================================
#   checks=768025 errors=0
#   ALL PASS
# ================================
# ** Note: $finish    : tb_renderer.sv(561)
#    Time: 169048360 ns  Iteration: 1  Instance: /tb_renderer
# End time: 01:48:27 on Sep 27,2026, Elapsed time: 0:02:26
# Errors: 0, Warnings: 0

===================================================
 running tb_game_fsm
===================================================
Questa Altera Starter FPGA Edition-64 vlog 2025.2 Compiler 2025.05 May 31 2025
Start time: 01:48:28 on Sep 27,2026
vlog -sv ..\..\rtl\board_memory.sv ..\..\rtl\rng_generator.sv ..\..\rtl\floodfill_engine.sv ..\..\rtl\erase_engine.sv ..\..\rtl\gravity_engine.sv ..\..\rtl\column_shift_engine.sv ..\..\rtl\score_manager.sv ..\..\rtl\game_fsm.sv tb_game_fsm.sv 
** Note: (vlog-220) 'H:/altera_lite/25.1std/questa_fse/win64/../modelsim.ini' is used as the ini file.
-- Compiling module board_memory
-- Compiling module rng_generator
-- Compiling module floodfill_engine
-- Compiling module erase_engine
-- Compiling module gravity_engine
-- Compiling module column_shift_engine
-- Compiling module score_manager
-- Compiling module game_fsm
-- Compiling module tb_game_fsm

Top level modules:
	tb_game_fsm
End time: 01:48:28 on Sep 27,2026, Elapsed time: 0:00:00
Errors: 0, Warnings: 0
Reading pref.tcl

# 2025.2

# ** Note: (vsim-220) 'H:/altera_lite/25.1std/questa_fse/win64/../modelsim.ini' is used as the ini file.
# vsim -c -do "run -all; quit -f" tb_game_fsm 
# Start time: 01:48:30 on Sep 27,2026
# ** Note: (vsim-3812) Design is being optimized...
# ** Note: (vopt-220) 'H:/altera_lite/25.1std/questa_fse/win64/../modelsim.ini' is used as the ini file.
# //  Questa Altera Starter FPGA Edition-64
# //  Version 2025.2 win64 May 31 2025
# //
# // Unpublished work. Copyright 2025 Siemens
# //
# // This material contains trade secrets or otherwise confidential information
# // owned by Siemens Industry Software Inc. or its affiliates (collectively,
# // "SISW"), or its licensors. Access to and use of this information is strictly
# // limited as set forth in the Customer's applicable agreements with SISW.
# //
# // This material may not be copied, distributed, or otherwise disclosed outside
# // of the Customer's facilities without the express written permission of SISW,
# // and may not be used in any way not expressly authorized by SISW.
# //
# Loading sv_std.std
# Loading work.tb_game_fsm(fast)
# run -all
# [1] board generation after reset
# [2] tap a 2x2 group -> erase + fall + shift, score += 4^2
# [3] tap an isolated cell (group of 1) -> nothing happens
# [4] tap an EMPTY cell -> nothing happens
# [5] animation mode sequence = blink, fall, shift
#     anim_mode sequence: 1230
#     frames: fall=27 shift=21  spans: fall=200 px shift=160 px
#   FAIL fall phase <= 22 frames (real span needs 20, worst case 24) : got 0 expected 1
#   FAIL shift phase <= 18 frames (real span needs 16, worst case 32) : got 0 expected 1
# [6] no dead-lock over many random taps
#     12 taps issued, final state=S_GAMEOVER score=96
# [7] generated board uses all five logos
#     logo histogram: 35 38 39 44 36
# [8] game-over scan includes the last cell
# ================================
#   checks=57 errors=2
#   *** FAILURES ***
# ================================
# ** Note: $finish    : tb_game_fsm.sv(547)
#    Time: 3990360 ns  Iteration: 1  Instance: /tb_game_fsm
# End time: 01:48:35 on Sep 27,2026, Elapsed time: 0:00:05
# Errors: 0, Warnings: 0

===================================================
 running tb_ufm_boot
===================================================
Questa Altera Starter FPGA Edition-64 vlog 2025.2 Compiler 2025.05 May 31 2025
Start time: 01:48:36 on Sep 27,2026
vlog -sv ..\..\rtl\ufm_bootloader.sv ..\..\rtl\logo_ram.sv tb_ufm_boot.sv 
** Note: (vlog-220) 'H:/altera_lite/25.1std/questa_fse/win64/../modelsim.ini' is used as the ini file.
-- Compiling module ufm_bootloader
-- Compiling module logo_ram
-- Compiling module ufm_model
-- Compiling module tb_ufm_boot

Top level modules:
	tb_ufm_boot
End time: 01:48:36 on Sep 27,2026, Elapsed time: 0:00:00
Errors: 0, Warnings: 0
Reading pref.tcl

# 2025.2

# ** Note: (vsim-220) 'H:/altera_lite/25.1std/questa_fse/win64/../modelsim.ini' is used as the ini file.
# vsim -c -do "run -all; quit -f" tb_ufm_boot 
# Start time: 01:48:38 on Sep 27,2026
# ** Note: (vsim-3812) Design is being optimized...
# ** Note: (vopt-220) 'H:/altera_lite/25.1std/questa_fse/win64/../modelsim.ini' is used as the ini file.
# //  Questa Altera Starter FPGA Edition-64
# //  Version 2025.2 win64 May 31 2025
# //
# // Unpublished work. Copyright 2025 Siemens
# //
# // This material contains trade secrets or otherwise confidential information
# // owned by Siemens Industry Software Inc. or its affiliates (collectively,
# // "SISW"), or its licensors. Access to and use of this information is strictly
# // limited as set forth in the Customer's applicable agreements with SISW.
# //
# // This material may not be copied, distributed, or otherwise disclosed outside
# // of the Customer's facilities without the express written permission of SISW,
# // and may not be used in any way not expressly authorized by SISW.
# //
# Loading sv_std.std
# Loading work.tb_ufm_boot(fast)
# run -all
# [1] UFM -> logo_ram boot
#     A: boot_done=1 writes=2000   (readdatavalid BEFORE waitrequest)
#     B: boot_done=1 writes=2000   (readdatavalid AFTER  waitrequest)
# [2] copied image contents
#     checks=4006 errors=0
# [3] dead UFM slave (watchdog / retry / boot_fail)
#     C: boot_done=1 boot_fail=1 writes=0 (cycles=1174000)
# [4] flash in its internal reset at start (waitrequest held high)
#     D: boot_done=1 boot_fail=0 writes=2000 (cycles=0)
# [5] erased flash (every word 0xFFFFFFFF) -> boot_blank
#     E: boot_done=1 boot_fail=0 boot_blank=1 writes=2000 (cycles=0)
# ================================
#   checks=4019 errors=0
#   ALL PASS
# ================================
# ** Note: $finish    : tb_ufm_boot.sv(481)
#    Time: 24320171 ns  Iteration: 0  Instance: /tb_ufm_boot
# End time: 01:48:50 on Sep 27,2026, Elapsed time: 0:00:12
# Errors: 0, Warnings: 0

===================================================
 running tb_ps2_controller
===================================================
Questa Altera Starter FPGA Edition-64 vlog 2025.2 Compiler 2025.05 May 31 2025
Start time: 01:48:50 on Sep 27,2026
vlog -sv ..\..\rtl\ps2_controller.sv tb_ps2_controller.sv 
** Note: (vlog-220) 'H:/altera_lite/25.1std/questa_fse/win64/../modelsim.ini' is used as the ini file.
-- Compiling module ps2_controller
-- Compiling module ps2_slave_model
-- Compiling module tb_ps2_controller

Top level modules:
	tb_ps2_controller
End time: 01:48:50 on Sep 27,2026, Elapsed time: 0:00:00
Errors: 0, Warnings: 0
Reading pref.tcl

# 2025.2

# ** Note: (vsim-220) 'H:/altera_lite/25.1std/questa_fse/win64/../modelsim.ini' is used as the ini file.
# vsim -c -do "run -all; quit -f" tb_ps2_controller 
# Start time: 01:48:52 on Sep 27,2026
# ** Note: (vsim-3812) Design is being optimized...
# ** Note: (vopt-220) 'H:/altera_lite/25.1std/questa_fse/win64/../modelsim.ini' is used as the ini file.
# //  Questa Altera Starter FPGA Edition-64
# //  Version 2025.2 win64 May 31 2025
# //
# // Unpublished work. Copyright 2025 Siemens
# //
# // This material contains trade secrets or otherwise confidential information
# // owned by Siemens Industry Software Inc. or its affiliates (collectively,
# // "SISW"), or its licensors. Access to and use of this information is strictly
# // limited as set forth in the Customer's applicable agreements with SISW.
# //
# // This material may not be copied, distributed, or otherwise disclosed outside
# // of the Customer's facilities without the express written permission of SISW,
# // and may not be used in any way not expressly authorized by SISW.
# //
# Loading sv_std.std
# Loading work.tb_ps2_controller(fast)
# run -all
# [1] poll + signature: pad present, nothing pressed
#     raw rx = ff 41 5a ff ff   sig_idx=2
#     checks=3 errors=0
# [2] direction keys (ACTIVE LOW on the wire)
#     checks=11 errors=0
# [3] select button: ???E= buttons_hi bit5 -> 0xDF
#     checks=16 errors=0
# [4] no pad (all-ones reply) -> no phantom presses
#     raw rx2=ff rx3=ff rx4=ff
#     checks=18 errors=0
# [5] bad signature but plausible buttons -> still no press
#     checks=20 errors=0
# [6] recovery: signature back -> pad works again
#     checks=22 errors=0
# [7] bus framing
#     40 rising clock edges in one transaction
# [8] bring-up diagnostics
# [8b] with no pad, dbg_dat_low must stay clear
#     polls=15 dat_low=0 rx2=ff
#     checks=34 errors=0
# [9] reply byte classification (what the LEDs show)
#     checks=42 errors=0
# [10] loopback detection (echoing our own commands)
#     rx2=00 loopback=1
#     checks=47 errors=0
#     checks=47 errors=0
# ================================
#   checks=47 errors=0
#   ALL PASS
# ================================
# ** Note: $finish    : tb_ps2_controller.sv(482)
#    Time: 416853030 ns  Iteration: 1  Instance: /tb_ps2_controller
# End time: 01:51:11 on Sep 27,2026, Elapsed time: 0:02:19
# Errors: 0, Warnings: 0

===================================================
 running tb_samegame_top (integration)
===================================================
Questa Altera Starter FPGA Edition-64 vlog 2025.2 Compiler 2025.05 May 31 2025
Start time: 01:51:11 on Sep 27,2026
vlog -sv -work work_top tb_samegame_top.sv logo_flash_tb.sv ..\..\rtl\samegame_pkg.sv ..\..\rtl\reset_sync.sv ..\..\rtl\debounce.sv ..\..\rtl\spi_byte_master.sv ..\..\rtl\lcd_ili9341_ctrl.sv ..\..\rtl\frame_seq.sv ..\..\rtl\board_memory.sv ..\..\rtl\floodfill_engine.sv ..\..\rtl\erase_engine.sv ..\..\rtl\gravity_engine.sv ..\..\rtl\column_shift_engine.sv ..\..\rtl\score_manager.sv ..\..\rtl\rng_generator.sv ..\..\rtl\game_fsm.sv ..\..\rtl\logo_ram.sv ..\..\rtl\lcd_renderer.sv ..\..\rtl\ufm_bootloader.sv ..\..\rtl\ps2_controller.sv ..\..\rtl\samegame_top.sv 
** Note: (vlog-220) 'H:/altera_lite/25.1std/questa_fse/win64/../modelsim.ini' is used as the ini file.
-- Compiling module ufm_model_top
-- Compiling module tb_samegame_top
-- Compiling module logo_flash
-- Compiling package samegame_pkg
-- Compiling module reset_sync
-- Compiling module debounce
-- Compiling module spi_byte_master
-- Compiling module lcd_ili9341_ctrl
-- Compiling module frame_seq
-- Compiling module board_memory
-- Compiling module floodfill_engine
-- Compiling module erase_engine
-- Compiling module gravity_engine
-- Compiling module column_shift_engine
-- Compiling module score_manager
-- Compiling module rng_generator
-- Compiling module game_fsm
-- Compiling module logo_ram
-- Compiling module lcd_renderer
-- Compiling module ufm_bootloader
-- Compiling module ps2_controller
-- Compiling module samegame_top

Top level modules:
	tb_samegame_top
End time: 01:51:11 on Sep 27,2026, Elapsed time: 0:00:00
Errors: 0, Warnings: 0
Reading pref.tcl

# 2025.2

# ** Note: (vsim-220) 'H:/altera_lite/25.1std/questa_fse/win64/../modelsim.ini' is used as the ini file.
# vsim -c -work work_top -do "run -all; quit -f" tb_samegame_top 
# Start time: 01:51:13 on Sep 27,2026
# ** Note: (vsim-3812) Design is being optimized...
# ** Note: (vopt-220) 'H:/altera_lite/25.1std/questa_fse/win64/../modelsim.ini' is used as the ini file.
# //  Questa Altera Starter FPGA Edition-64
# //  Version 2025.2 win64 May 31 2025
# //
# // Unpublished work. Copyright 2025 Siemens
# //
# // This material contains trade secrets or otherwise confidential information
# // owned by Siemens Industry Software Inc. or its affiliates (collectively,
# // "SISW"), or its licensors. Access to and use of this information is strictly
# // limited as set forth in the Customer's applicable agreements with SISW.
# //
# // This material may not be copied, distributed, or otherwise disclosed outside
# // of the Customer's facilities without the express written permission of SISW,
# // and may not be used in any way not expressly authorized by SISW.
# //
# Loading sv_std.std
# Loading work.tb_samegame_top(fast)
# run -all
# [1] UFM boot
#     boot_done=1 after 26005 cycles
#     logo_ram mismatches = 0 / 2000
# [2] panel init
#     lcd_ready=1 after 5913653 cycles
#     game state=S_PLAY after 0 cycles
#     board non-empty cells = 192 / 192
#   ok   board non-empty cells = 192
# [3] streaming frames (this takes a while)
#     pixels captured=806394  non-background=779170  (cycles=0)
#     pix_req=76800 pix_valid=76800
#   ok   non-background pixels > 0 = 1
#   ok   at least one full frame captured = 1
#   ok   pix_req answered by pix_valid = 76800
#     background pixels=27224  logo pixels=779170
# ================================
#   ALL PASS
# ================================
# ** Note: $finish    : tb_samegame_top.sv(378)
#    Time: 118793540 ns  Iteration: 1  Instance: /tb_samegame_top
# End time: 01:52:33 on Sep 27,2026, Elapsed time: 0:01:20
# Errors: 0, Warnings: 0

===================================================
 ALL TESTBENCHES PASSED
===================================================
