Questa Altera Starter FPGA Edition-64 vlog 2025.2 Compiler 2025.05 May 31 2025
Start time: 03:45:01 on Sep 26,2026
vlog -sv ..\..\rtl\board_memory.sv ..\..\rtl\logo_ram.sv ..\..\rtl\lcd_renderer.sv tb_renderer.sv 
** Note: (vlog-220) 'H:/altera_lite/25.1std/questa_fse/win64/../modelsim.ini' is used as the ini file.
-- Compiling module board_memory
-- Compiling module logo_ram
-- Compiling module lcd_renderer
-- Compiling module tb_renderer

Top level modules:
	tb_renderer
End time: 03:45:02 on Sep 26,2026, Elapsed time: 0:00:01
Errors: 0, Warnings: 0
Reading pref.tcl

# 2025.2

# ** Note: (vsim-220) 'H:/altera_lite/25.1std/questa_fse/win64/../modelsim.ini' is used as the ini file.
# vsim -c -do "run -all; quit -f" tb_renderer 
# Start time: 03:45:03 on Sep 26,2026
# ** Note: (vsim-3812) Design is being optimized...
# ** Note: (vopt-220) 'H:/altera_lite/25.1std/questa_fse/win64/../modelsim.ini' is used as the ini file.
# //  Questa Altera Starter FPGA Edition-64
# //  Version 2025.2 win64 May 31 2025
# //
# // Unpublished work. Copyright 2025 Siemens
# //
# // This material contains trade secrets or otherwise confidential information
# // owned by Siemens Industry Software Inc. or its affiliates (collectively,
# // "SISW"), or its licensors. Access to and use of this information is strictly
# // limited as set forth in the Customer's applicable agreements with SISW.
# //
# // This material may not be copied, distributed, or otherwise disclosed outside
# // of the Customer's facilities without the express written permission of SISW,
# // and may not be used in any way not expressly authorized by SISW.
# //
# Loading sv_std.std
# Loading work.tb_renderer(fast)
# run -all
# [1] static sweep (mode 0)
#     checks=76801 errors=0
# [2] fall end (mode 2, fall_px = 240)
#     checks=153602 errors=0
# [3] shift end (mode 3, shift_px = 320)
#     checks=230403 errors=0
# [4] fall middle (mode 2)
#     checks=307204 errors=0
# [5] blink (mode 1, blink_on = 0)
#     checks=384005 errors=0
# ================================
#   checks=384005 errors=0
#   ALL PASS
# ================================
# ** Note: $finish    : tb_renderer.sv(365)
#    Time: 7755600 ns  Iteration: 1  Instance: /tb_renderer
# End time: 03:45:18 on Sep 26,2026, Elapsed time: 0:00:15
# Errors: 0, Warnings: 0
