Questa Altera Starter FPGA Edition-64 vlog 2025.2 Compiler 2025.05 May 31 2025
Start time: 10:18:42 on Sep 26,2026
vlog -sv -work work_top tb_samegame_top.sv logo_flash_tb.sv ..\..\rtl\samegame_pkg.sv ..\..\rtl\reset_sync.sv ..\..\rtl\debounce.sv ..\..\rtl\spi_byte_master.sv ..\..\rtl\lcd_ili9341_ctrl.sv ..\..\rtl\frame_seq.sv ..\..\rtl\board_memory.sv ..\..\rtl\floodfill_engine.sv ..\..\rtl\erase_engine.sv ..\..\rtl\gravity_engine.sv ..\..\rtl\column_shift_engine.sv ..\..\rtl\score_manager.sv ..\..\rtl\rng_generator.sv ..\..\rtl\game_fsm.sv ..\..\rtl\logo_ram.sv ..\..\rtl\lcd_renderer.sv ..\..\rtl\ufm_bootloader.sv ..\..\rtl\touch_controller.sv ..\..\rtl\samegame_top.sv 
** Note: (vlog-220) 'H:/altera_lite/25.1std/questa_fse/win64/../modelsim.ini' is used as the ini file.
-- Compiling module ufm_model_top
-- Compiling module tb_samegame_top
-- Compiling module logo_flash
-- Compiling package samegame_pkg
-- Compiling module reset_sync
-- Compiling module debounce
-- Compiling module spi_byte_master
-- Compiling module lcd_ili9341_ctrl
-- Compiling module frame_seq
-- Compiling module board_memory
-- Compiling module floodfill_engine
-- Compiling module erase_engine
-- Compiling module gravity_engine
-- Compiling module column_shift_engine
-- Compiling module score_manager
-- Compiling module rng_generator
-- Compiling module game_fsm
-- Compiling module logo_ram
-- Compiling module lcd_renderer
-- Compiling module ufm_bootloader
-- Compiling module touch_controller
-- Compiling module samegame_top

Top level modules:
	tb_samegame_top
End time: 10:18:43 on Sep 26,2026, Elapsed time: 0:00:01
Errors: 0, Warnings: 0
Reading pref.tcl

# 2025.2

# ** Note: (vsim-220) 'H:/altera_lite/25.1std/questa_fse/win64/../modelsim.ini' is used as the ini file.
# vsim -c -work work_top -do "run -all; quit -f" tb_samegame_top 
# Start time: 10:18:44 on Sep 26,2026
# ** Note: (vsim-3812) Design is being optimized...
# ** Note: (vopt-220) 'H:/altera_lite/25.1std/questa_fse/win64/../modelsim.ini' is used as the ini file.
# //  Questa Altera Starter FPGA Edition-64
# //  Version 2025.2 win64 May 31 2025
# //
# // Unpublished work. Copyright 2025 Siemens
# //
# // This material contains trade secrets or otherwise confidential information
# // owned by Siemens Industry Software Inc. or its affiliates (collectively,
# // "SISW"), or its licensors. Access to and use of this information is strictly
# // limited as set forth in the Customer's applicable agreements with SISW.
# //
# // This material may not be copied, distributed, or otherwise disclosed outside
# // of the Customer's facilities without the express written permission of SISW,
# // and may not be used in any way not expressly authorized by SISW.
# //
# Loading sv_std.std
# Loading work.tb_samegame_top(fast)
# run -all
# [1] UFM boot
#     boot_done=1 after 26005 cycles
#     logo_ram mismatches = 0 / 2000
# [2] panel init
#     lcd_ready=1 after 5913653 cycles
#     game state=S_PLAY after 0 cycles
#     board non-empty cells = 192 / 192
#   ok   board non-empty cells = 192
# [3] streaming frames (this takes a while)
#     pixels captured=806394  non-background=779162  (cycles=0)
#     pix_req=76800 pix_valid=76800
#   ok   non-background pixels > 0 = 1
#   ok   at least one full frame captured = 1
#   ok   pix_req answered by pix_valid = 76800
#     background pixels=27232  logo pixels=779162
# ================================
#   ALL PASS
# ================================
# ** Note: $finish    : tb_samegame_top.sv(334)
#    Time: 118793540 ns  Iteration: 1  Instance: /tb_samegame_top
# End time: 10:20:08 on Sep 26,2026, Elapsed time: 0:01:24
# Errors: 0, Warnings: 0
