Flow report for lcd
Sun Aug 23 01:55:44 2026
Quartus Prime Version 24.1std.0 Build 1077 03/04/2025 SC Standard Edition


---------------------
; Table of Contents ;
---------------------
  1. Legal Notice
  2. Flow Summary
  3. Flow Settings
  4. Flow Non-Default Global Settings
  5. Flow Elapsed Time
  6. Flow OS Summary
  7. Flow Log
  8. Flow Messages
  9. Flow Suppressed Messages



----------------
; Legal Notice ;
----------------
Copyright (C) 2025  Altera Corporation. All rights reserved.
Your use of Altera Corporation's design tools, logic functions 
and other software and tools, and any partner logic 
functions, and any output files from any of the foregoing 
(including device programming or simulation files), and any 
associated documentation or information are expressly subject 
to the terms and conditions of the Altera Program License 
Subscription Agreement, the Altera Quartus Prime License Agreement,
the Altera IP License Agreement, or other applicable license
agreement, including, without limitation, that your use is for
the sole purpose of programming logic devices manufactured by
Altera and sold by Altera or its authorized distributors.  Please
refer to the Altera Software License Subscription Agreements 
on the Quartus Prime software download page.



+------------------------------------------------------------------------------------------+
; Flow Summary                                                                             ;
+------------------------------------+-----------------------------------------------------+
; Flow Status                        ; Successful - Sun Aug 23 01:55:44 2026               ;
; Quartus Prime Version              ; 24.1std.0 Build 1077 03/04/2025 SC Standard Edition ;
; Revision Name                      ; lcd                                                 ;
; Top-level Entity Name              ; lcd_ctrl                                            ;
; Family                             ; MAX 10                                              ;
; Device                             ; 10M08SCE144C8G                                      ;
; Timing Models                      ; Final                                               ;
; Total logic elements               ; 2,740 / 8,064 ( 34 % )                              ;
;     Total combinational functions  ; 2,737 / 8,064 ( 34 % )                              ;
;     Dedicated logic registers      ; 214 / 8,064 ( 3 % )                                 ;
; Total registers                    ; 214                                                 ;
; Total pins                         ; 12 / 101 ( 12 % )                                   ;
; Total virtual pins                 ; 0                                                   ;
; Total memory bits                  ; 0 / 387,072 ( 0 % )                                 ;
; Embedded Multiplier 9-bit elements ; 0 / 48 ( 0 % )                                      ;
; Total PLLs                         ; 0 / 1 ( 0 % )                                       ;
; UFM blocks                         ; 0 / 1 ( 0 % )                                       ;
; ADC blocks                         ; 0                                                   ;
+------------------------------------+-----------------------------------------------------+


+-----------------------------------------+
; Flow Settings                           ;
+-------------------+---------------------+
; Option            ; Setting             ;
+-------------------+---------------------+
; Start date & time ; 08/23/2026 01:54:46 ;
; Main task         ; Compilation         ;
; Revision Name     ; lcd                 ;
+-------------------+---------------------+


+------------------------------------------------------------------------------------------------------------------------------------------------+
; Flow Non-Default Global Settings                                                                                                               ;
+-------------------------------------+----------------------------------------+---------------+-------------+-----------------------------------+
; Assignment Name                     ; Value                                  ; Default Value ; Entity Name ; Section Id                        ;
+-------------------------------------+----------------------------------------+---------------+-------------+-----------------------------------+
; COMPILER_SIGNATURE_ID               ; 270949079801098.178741768630288        ; --            ; --          ; --                                ;
; EDA_GENERATE_FUNCTIONAL_NETLIST     ; Off                                    ; --            ; --          ; eda_board_design_timing           ;
; EDA_GENERATE_FUNCTIONAL_NETLIST     ; Off                                    ; --            ; --          ; eda_board_design_boundary_scan    ;
; EDA_GENERATE_FUNCTIONAL_NETLIST     ; Off                                    ; --            ; --          ; eda_board_design_signal_integrity ;
; EDA_GENERATE_FUNCTIONAL_NETLIST     ; Off                                    ; --            ; --          ; eda_board_design_symbol           ;
; EDA_OUTPUT_DATA_FORMAT              ; Verilog Hdl                            ; --            ; --          ; eda_simulation                    ;
; EDA_SIMULATION_TOOL                 ; Questa Intel FPGA (Verilog)            ; <None>        ; --          ; --                                ;
; EDA_TIME_SCALE                      ; 1 ps                                   ; --            ; --          ; eda_simulation                    ;
; FLOW_ENABLE_POWER_ANALYZER          ; On                                     ; Off           ; --          ; --                                ;
; MAX_CORE_JUNCTION_TEMP              ; 85                                     ; --            ; --          ; --                                ;
; MIN_CORE_JUNCTION_TEMP              ; 0                                      ; --            ; --          ; --                                ;
; PARTITION_COLOR                     ; -- (Not supported for targeted family) ; --            ; lcd_ctrl    ; Top                               ;
; PARTITION_FITTER_PRESERVATION_LEVEL ; -- (Not supported for targeted family) ; --            ; lcd_ctrl    ; Top                               ;
; PARTITION_NETLIST_TYPE              ; -- (Not supported for targeted family) ; --            ; lcd_ctrl    ; Top                               ;
; POWER_BOARD_THERMAL_MODEL           ; None (CONSERVATIVE)                    ; --            ; --          ; --                                ;
; POWER_DEFAULT_INPUT_IO_TOGGLE_RATE  ; 12.5 %                                 ; 12.5%         ; --          ; --                                ;
; POWER_PRESET_COOLING_SOLUTION       ; 23 MM HEAT SINK WITH 200 LFPM AIRFLOW  ; --            ; --          ; --                                ;
; PROJECT_OUTPUT_DIRECTORY            ; output_files                           ; --            ; --          ; --                                ;
; TOP_LEVEL_ENTITY                    ; lcd_ctrl                               ; lcd           ; --          ; --                                ;
+-------------------------------------+----------------------------------------+---------------+-------------+-----------------------------------+


+--------------------------------------------------------------------------------------------------------------------------+
; Flow Elapsed Time                                                                                                        ;
+----------------------+--------------+-------------------------+---------------------+------------------------------------+
; Module Name          ; Elapsed Time ; Average Processors Used ; Peak Virtual Memory ; Total CPU Time (on all processors) ;
+----------------------+--------------+-------------------------+---------------------+------------------------------------+
; Analysis & Synthesis ; 00:00:28     ; 1.0                     ; 4859 MB             ; 00:00:37                           ;
; Fitter               ; 00:00:16     ; 1.8                     ; 6218 MB             ; 00:00:33                           ;
; Assembler            ; 00:00:01     ; 1.0                     ; 4733 MB             ; 00:00:01                           ;
; Power Analyzer       ; 00:00:02     ; 2.7                     ; 5019 MB             ; 00:00:05                           ;
; Timing Analyzer      ; 00:00:03     ; 2.5                     ; 4958 MB             ; 00:00:06                           ;
; EDA Netlist Writer   ; 00:00:01     ; 1.0                     ; 4673 MB             ; 00:00:01                           ;
; Total                ; 00:00:51     ; --                      ; --                  ; 00:01:23                           ;
+----------------------+--------------+-------------------------+---------------------+------------------------------------+


+------------------------------------------------------------------------------------+
; Flow OS Summary                                                                    ;
+----------------------+------------------+------------+------------+----------------+
; Module Name          ; Machine Hostname ; OS Name    ; OS Version ; Processor type ;
+----------------------+------------------+------------+------------+----------------+
; Analysis & Synthesis ; DESKTOP-HJ605IS  ; Windows 10 ; 10.0       ; x86_64         ;
; Fitter               ; DESKTOP-HJ605IS  ; Windows 10 ; 10.0       ; x86_64         ;
; Assembler            ; DESKTOP-HJ605IS  ; Windows 10 ; 10.0       ; x86_64         ;
; Power Analyzer       ; DESKTOP-HJ605IS  ; Windows 10 ; 10.0       ; x86_64         ;
; Timing Analyzer      ; DESKTOP-HJ605IS  ; Windows 10 ; 10.0       ; x86_64         ;
; EDA Netlist Writer   ; DESKTOP-HJ605IS  ; Windows 10 ; 10.0       ; x86_64         ;
+----------------------+------------------+------------+------------+----------------+


------------
; Flow Log ;
------------
quartus_map --read_settings_files=on --write_settings_files=off lcd -c lcd
quartus_fit --read_settings_files=off --write_settings_files=off lcd -c lcd
quartus_asm --read_settings_files=off --write_settings_files=off lcd -c lcd
quartus_pow --read_settings_files=off --write_settings_files=off lcd -c lcd
quartus_sta lcd -c lcd
quartus_eda --read_settings_files=off --write_settings_files=off lcd -c lcd



