Questa Altera Starter FPGA Edition-64 vlog 2025.2 Compiler 2025.05 May 31 2025
Start time: 03:49:28 on Sep 26,2026
vlog -sv probe_rng.sv 
** Note: (vlog-220) 'H:/altera_lite/25.1std/questa_fse/win64/../modelsim.ini' is used as the ini file.
-- Compiling module probe_rng

Top level modules:
	probe_rng
End time: 03:49:28 on Sep 26,2026, Elapsed time: 0:00:00
Errors: 0, Warnings: 0
Reading pref.tcl

# 2025.2

# ** Note: (vsim-220) 'H:/altera_lite/25.1std/questa_fse/win64/../modelsim.ini' is used as the ini file.
# vsim -c -do "run -all; quit -f" probe_rng 
# Start time: 03:49:30 on Sep 26,2026
# ** Note: (vsim-3812) Design is being optimized...
# ** Note: (vopt-220) 'H:/altera_lite/25.1std/questa_fse/win64/../modelsim.ini' is used as the ini file.
# //  Questa Altera Starter FPGA Edition-64
# //  Version 2025.2 win64 May 31 2025
# //
# // Unpublished work. Copyright 2025 Siemens
# //
# // This material contains trade secrets or otherwise confidential information
# // owned by Siemens Industry Software Inc. or its affiliates (collectively,
# // "SISW"), or its licensors. Access to and use of this information is strictly
# // limited as set forth in the Customer's applicable agreements with SISW.
# //
# // This material may not be copied, distributed, or otherwise disclosed outside
# // of the Customer's facilities without the express written permission of SISW,
# // and may not be used in any way not expressly authorized by SISW.
# //
# Loading sv_std.std
# Loading work.probe_rng(fast)
# run -all
# current rule  (r[2:0] < 5 ? r[2:0] : 0), 100000 cells:
#    Logo0 :  79983  (80.0%)
#    Logo1 :  19984  (20.0%)
#    Logo2 :  19969  (20.0%)
#    Logo3 :  19986  (20.0%)
#    Logo4 :  19982  (20.0%)
# rejection-sampling rule, 100000 accepted cells:
#    Logo0 :  20079  (20.1%)
#    Logo1 :  19984  (20.0%)
#    Logo2 :  19969  (20.0%)
#    Logo3 :  19986  (20.0%)
#    Logo4 :  19982  (20.0%)
# ** Note: $finish    : probe_rng.sv(66)
#    Time: 3198210 ns  Iteration: 1  Instance: /probe_rng
# End time: 03:49:34 on Sep 26,2026, Elapsed time: 0:00:04
# Errors: 0, Warnings: 0
