Analysis & Synthesis report for audio2
Mon Sep  7 23:40:40 2026
Quartus Prime Version 25.1std.0 Build 1129 10/21/2025 SC Lite Edition


---------------------
; Table of Contents ;
---------------------
  1. Legal Notice
  2. Analysis & Synthesis Summary
  3. Analysis & Synthesis Settings
  4. Parallel Compilation
  5. Multiplexer Restructuring Statistics (Restructuring Performed)
  6. Parameter Settings for User Entity Instance: por_reset:u_por
  7. Parameter Settings for User Entity Instance: jingle_player:u_jingle
  8. Parameter Settings for User Entity Instance: jingle_player:u_jingle|reverb:u_reverb
  9. Parameter Settings for User Entity Instance: jingle_player:u_jingle|reverb:u_reverb|comb_filter:u_comb0
 10. Parameter Settings for User Entity Instance: jingle_player:u_jingle|reverb:u_reverb|comb_filter:u_comb1
 11. Parameter Settings for User Entity Instance: jingle_player:u_jingle|reverb:u_reverb|comb_filter:u_comb2
 12. Parameter Settings for User Entity Instance: jingle_player:u_jingle|reverb:u_reverb|allpass_filter:u_allpass
 13. Port Connectivity Checks: "jingle_player:u_jingle|reverb:u_reverb|comb_filter:u_comb2"
 14. Port Connectivity Checks: "jingle_player:u_jingle|reverb:u_reverb|comb_filter:u_comb1"
 15. Port Connectivity Checks: "jingle_player:u_jingle|reverb:u_reverb"
 16. Elapsed Time Per Partition
 17. Analysis & Synthesis Messages



----------------
; Legal Notice ;
----------------
Copyright (C) 2025  Altera Corporation. All rights reserved.
Your use of Altera Corporation's design tools, logic functions 
and other software and tools, and any partner logic 
functions, and any output files from any of the foregoing 
(including device programming or simulation files), and any 
associated documentation or information are expressly subject 
to the terms and conditions of the Altera Program License 
Subscription Agreement, the Altera Quartus Prime License Agreement,
the Altera IP License Agreement, or other applicable license
agreement, including, without limitation, that your use is for
the sole purpose of programming logic devices manufactured by
Altera and sold by Altera or its authorized distributors.  Please
refer to the Altera Software License Subscription Agreements 
on the Quartus Prime software download page.



+--------------------------------------------------------------------------------------+
; Analysis & Synthesis Summary                                                         ;
+------------------------------------+-------------------------------------------------+
; Analysis & Synthesis Status        ; Failed - Mon Sep  7 23:40:39 2026               ;
; Quartus Prime Version              ; 25.1std.0 Build 1129 10/21/2025 SC Lite Edition ;
; Revision Name                      ; audio2                                          ;
; Top-level Entity Name              ; top                                             ;
; Family                             ; MAX 10                                          ;
; Total logic elements               ; N/A until Partition Merge                       ;
;     Total combinational functions  ; N/A until Partition Merge                       ;
;     Dedicated logic registers      ; N/A until Partition Merge                       ;
; Total registers                    ; N/A until Partition Merge                       ;
; Total pins                         ; N/A until Partition Merge                       ;
; Total virtual pins                 ; N/A until Partition Merge                       ;
; Total memory bits                  ; N/A until Partition Merge                       ;
; Embedded Multiplier 9-bit elements ; N/A until Partition Merge                       ;
; Total PLLs                         ; N/A until Partition Merge                       ;
; UFM blocks                         ; N/A until Partition Merge                       ;
; ADC blocks                         ; N/A until Partition Merge                       ;
+------------------------------------+-------------------------------------------------+


+------------------------------------------------------------------------------------------------------------+
; Analysis & Synthesis Settings                                                                              ;
+------------------------------------------------------------------+--------------------+--------------------+
; Option                                                           ; Setting            ; Default Value      ;
+------------------------------------------------------------------+--------------------+--------------------+
; Device                                                           ; 10M08SCE144C8G     ;                    ;
; Top-level entity name                                            ; top                ; audio2             ;
; Family name                                                      ; MAX 10             ; Cyclone V          ;
; Verilog Show LMF Mapping Messages                                ; Off                ;                    ;
; Verilog Version                                                  ; SystemVerilog_2005 ; Verilog_2001       ;
; Use smart compilation                                            ; Off                ; Off                ;
; Enable parallel Assembler and Timing Analyzer during compilation ; On                 ; On                 ;
; Enable compact report table                                      ; Off                ; Off                ;
; Restructure Multiplexers                                         ; Auto               ; Auto               ;
; Create Debugging Nodes for IP Cores                              ; Off                ; Off                ;
; Preserve fewer node names                                        ; On                 ; On                 ;
; Intel FPGA IP Evaluation Mode                                    ; Enable             ; Enable             ;
; VHDL Version                                                     ; VHDL_1993          ; VHDL_1993          ;
; State Machine Processing                                         ; Auto               ; Auto               ;
; Safe State Machine                                               ; Off                ; Off                ;
; Extract Verilog State Machines                                   ; On                 ; On                 ;
; Extract VHDL State Machines                                      ; On                 ; On                 ;
; Ignore Verilog initial constructs                                ; Off                ; Off                ;
; Iteration limit for constant Verilog loops                       ; 5000               ; 5000               ;
; Iteration limit for non-constant Verilog loops                   ; 250                ; 250                ;
; Add Pass-Through Logic to Inferred RAMs                          ; On                 ; On                 ;
; Infer RAMs from Raw Logic                                        ; On                 ; On                 ;
; Parallel Synthesis                                               ; On                 ; On                 ;
; DSP Block Balancing                                              ; Auto               ; Auto               ;
; NOT Gate Push-Back                                               ; On                 ; On                 ;
; Power-Up Don't Care                                              ; On                 ; On                 ;
; Remove Redundant Logic Cells                                     ; Off                ; Off                ;
; Remove Duplicate Registers                                       ; On                 ; On                 ;
; Ignore CARRY Buffers                                             ; Off                ; Off                ;
; Ignore CASCADE Buffers                                           ; Off                ; Off                ;
; Ignore GLOBAL Buffers                                            ; Off                ; Off                ;
; Ignore ROW GLOBAL Buffers                                        ; Off                ; Off                ;
; Ignore LCELL Buffers                                             ; Off                ; Off                ;
; Ignore SOFT Buffers                                              ; On                 ; On                 ;
; Limit AHDL Integers to 32 Bits                                   ; Off                ; Off                ;
; Optimization Technique                                           ; Balanced           ; Balanced           ;
; Carry Chain Length                                               ; 70                 ; 70                 ;
; Auto Carry Chains                                                ; On                 ; On                 ;
; Auto Open-Drain Pins                                             ; On                 ; On                 ;
; Perform WYSIWYG Primitive Resynthesis                            ; Off                ; Off                ;
; Auto ROM Replacement                                             ; On                 ; On                 ;
; Auto RAM Replacement                                             ; On                 ; On                 ;
; Auto DSP Block Replacement                                       ; On                 ; On                 ;
; Auto Shift Register Replacement                                  ; Auto               ; Auto               ;
; Allow Shift Register Merging across Hierarchies                  ; Auto               ; Auto               ;
; Auto Clock Enable Replacement                                    ; On                 ; On                 ;
; Strict RAM Replacement                                           ; Off                ; Off                ;
; Allow Synchronous Control Signals                                ; On                 ; On                 ;
; Force Use of Synchronous Clear Signals                           ; Off                ; Off                ;
; Auto RAM Block Balancing                                         ; On                 ; On                 ;
; Auto RAM to Logic Cell Conversion                                ; Off                ; Off                ;
; Auto Resource Sharing                                            ; Off                ; Off                ;
; Allow Any RAM Size For Recognition                               ; Off                ; Off                ;
; Allow Any ROM Size For Recognition                               ; Off                ; Off                ;
; Allow Any Shift Register Size For Recognition                    ; Off                ; Off                ;
; Use LogicLock Constraints during Resource Balancing              ; On                 ; On                 ;
; Ignore translate_off and synthesis_off directives                ; Off                ; Off                ;
; Timing-Driven Synthesis                                          ; On                 ; On                 ;
; Report Parameter Settings                                        ; On                 ; On                 ;
; Report Source Assignments                                        ; On                 ; On                 ;
; Report Connectivity Checks                                       ; On                 ; On                 ;
; Ignore Maximum Fan-Out Assignments                               ; Off                ; Off                ;
; Synchronization Register Chain Length                            ; 2                  ; 2                  ;
; Power Optimization During Synthesis                              ; Normal compilation ; Normal compilation ;
; HDL message level                                                ; Level2             ; Level2             ;
; Suppress Register Optimization Related Messages                  ; Off                ; Off                ;
; Number of Removed Registers Reported in Synthesis Report         ; 5000               ; 5000               ;
; Number of Swept Nodes Reported in Synthesis Report               ; 5000               ; 5000               ;
; Number of Inverted Registers Reported in Synthesis Report        ; 100                ; 100                ;
; Clock MUX Protection                                             ; On                 ; On                 ;
; Auto Gated Clock Conversion                                      ; Off                ; Off                ;
; Block Design Naming                                              ; Auto               ; Auto               ;
; SDC constraint protection                                        ; Off                ; Off                ;
; Synthesis Effort                                                 ; Auto               ; Auto               ;
; Shift Register Replacement - Allow Asynchronous Clear Signal     ; On                 ; On                 ;
; Pre-Mapping Resynthesis Optimization                             ; Off                ; Off                ;
; Analysis & Synthesis Message Level                               ; Medium             ; Medium             ;
; Disable Register Merging Across Hierarchies                      ; Auto               ; Auto               ;
; Resource Aware Inference For Block RAM                           ; On                 ; On                 ;
+------------------------------------------------------------------+--------------------+--------------------+


+------------------------------------------+
; Parallel Compilation                     ;
+----------------------------+-------------+
; Processors                 ; Number      ;
+----------------------------+-------------+
; Number detected on machine ; 36          ;
; Maximum allowed            ; 16          ;
;                            ;             ;
; Average used               ; 1.00        ;
; Maximum used               ; 1           ;
;                            ;             ;
; Usage by Processor         ; % Time Used ;
;     Processor 1            ; 100.0%      ;
+----------------------------+-------------+


+--------------------------------------------------------------------------------------------------------------------------------------------------------------------------------------------------+
; Multiplexer Restructuring Statistics (Restructuring Performed)                                                                                                                                   ;
+--------------------+-----------+---------------+----------------------+------------------------+------------+------------------------------------------------------------------------------------+
; Multiplexer Inputs ; Bus Width ; Baseline Area ; Area if Restructured ; Saving if Restructured ; Registered ; Example Multiplexer Output                                                         ;
+--------------------+-----------+---------------+----------------------+------------------------+------------+------------------------------------------------------------------------------------+
; 3:1                ; 8 bits    ; 16 LEs        ; 8 LEs                ; 8 LEs                  ; Yes        ; |top|jingle_player:u_jingle|rvb_hold[12]                                           ;
; 3:1                ; 8 bits    ; 16 LEs        ; 8 LEs                ; 8 LEs                  ; Yes        ; |top|jingle_player:u_jingle|reverb:u_reverb|out_sample[13]                         ;
; 3:1                ; 14 bits   ; 28 LEs        ; 14 LEs               ; 14 LEs                 ; Yes        ; |top|jingle_player:u_jingle|reverb:u_reverb|comb_filter:u_comb2|in_reg[12]         ;
; 3:1                ; 11 bits   ; 22 LEs        ; 11 LEs               ; 11 LEs                 ; Yes        ; |top|jingle_player:u_jingle|smp_cnt[0]                                             ;
; 3:1                ; 3 bits    ; 6 LEs         ; 3 LEs                ; 3 LEs                  ; Yes        ; |top|jingle_player:u_jingle|step[0]                                                ;
; 3:1                ; 27 bits   ; 54 LEs        ; 27 LEs               ; 27 LEs                 ; Yes        ; |top|jingle_player:u_jingle|dur_cnt[4]                                             ;
; 3:1                ; 28 bits   ; 56 LEs        ; 28 LEs               ; 28 LEs                 ; Yes        ; |top|jingle_player:u_jingle|reverb:u_reverb|allpass_filter:u_allpass|rd_data[1]    ;
; 3:1                ; 42 bits   ; 84 LEs        ; 42 LEs               ; 42 LEs                 ; Yes        ; |top|jingle_player:u_jingle|reverb:u_reverb|comb_filter:u_comb2|out_sample[0]      ;
; 4:1                ; 16 bits   ; 32 LEs        ; 16 LEs               ; 16 LEs                 ; Yes        ; |top|jingle_player:u_jingle|phase[0]                                               ;
; 4:1                ; 10 bits   ; 20 LEs        ; 10 LEs               ; 10 LEs                 ; Yes        ; |top|jingle_player:u_jingle|reverb:u_reverb|allpass_filter:u_allpass|ptr[7]        ;
; 4:1                ; 11 bits   ; 22 LEs        ; 11 LEs               ; 11 LEs                 ; Yes        ; |top|jingle_player:u_jingle|reverb:u_reverb|comb_filter:u_comb1|ptr[9]             ;
; 4:1                ; 11 bits   ; 22 LEs        ; 11 LEs               ; 11 LEs                 ; Yes        ; |top|jingle_player:u_jingle|reverb:u_reverb|comb_filter:u_comb0|ptr[7]             ;
; 4:1                ; 11 bits   ; 22 LEs        ; 11 LEs               ; 11 LEs                 ; Yes        ; |top|jingle_player:u_jingle|reverb:u_reverb|comb_filter:u_comb2|ptr[3]             ;
; 3:1                ; 14 bits   ; 28 LEs        ; 14 LEs               ; 14 LEs                 ; Yes        ; |top|jingle_player:u_jingle|reverb:u_reverb|allpass_filter:u_allpass|out_sample[0] ;
; 3:1                ; 42 bits   ; 84 LEs        ; 42 LEs               ; 42 LEs                 ; Yes        ; |top|jingle_player:u_jingle|reverb:u_reverb|comb_filter:u_comb0|rd_data[11]        ;
; 3:1                ; 42 bits   ; 84 LEs        ; 42 LEs               ; 42 LEs                 ; Yes        ; |top|jingle_player:u_jingle|reverb:u_reverb|comb_filter:u_comb0|filterstore[13]    ;
; 5:1                ; 5 bits    ; 15 LEs        ; 10 LEs               ; 5 LEs                  ; Yes        ; |top|jingle_player:u_jingle|env[3]                                                 ;
+--------------------+-----------+---------------+----------------------+------------------------+------------+------------------------------------------------------------------------------------+


+--------------------------------------------------------------+
; Parameter Settings for User Entity Instance: por_reset:u_por ;
+----------------+-------+-------------------------------------+
; Parameter Name ; Value ; Type                                ;
+----------------+-------+-------------------------------------+
; WIDTH          ; 6     ; Signed Integer                      ;
+----------------+-------+-------------------------------------+
Note: In order to hide this table in the UI and the text report file, please set the "Show Parameter Settings in Synthesis Report" option in "Analysis and Synthesis Settings -> More Settings" to "Off".


+---------------------------------------------------------------------+
; Parameter Settings for User Entity Instance: jingle_player:u_jingle ;
+----------------+----------+-----------------------------------------+
; Parameter Name ; Value    ; Type                                    ;
+----------------+----------+-----------------------------------------+
; CLK_HZ         ; 50000000 ; Signed Integer                          ;
; AUDIO_DIV      ; 1042     ; Signed Integer                          ;
+----------------+----------+-----------------------------------------+
Note: In order to hide this table in the UI and the text report file, please set the "Show Parameter Settings in Synthesis Report" option in "Analysis and Synthesis Settings -> More Settings" to "Off".


+-------------------------------------------------------------------------------------+
; Parameter Settings for User Entity Instance: jingle_player:u_jingle|reverb:u_reverb ;
+----------------+-------+------------------------------------------------------------+
; Parameter Name ; Value ; Type                                                       ;
+----------------+-------+------------------------------------------------------------+
; DATA_W         ; 14    ; Signed Integer                                             ;
+----------------+-------+------------------------------------------------------------+
Note: In order to hide this table in the UI and the text report file, please set the "Show Parameter Settings in Synthesis Report" option in "Analysis and Synthesis Settings -> More Settings" to "Off".


+---------------------------------------------------------------------------------------------------------+
; Parameter Settings for User Entity Instance: jingle_player:u_jingle|reverb:u_reverb|comb_filter:u_comb0 ;
+----------------+-------+--------------------------------------------------------------------------------+
; Parameter Name ; Value ; Type                                                                           ;
+----------------+-------+--------------------------------------------------------------------------------+
; DATA_W         ; 14    ; Signed Integer                                                                 ;
; DELAY_LEN      ; 1116  ; Signed Integer                                                                 ;
; ADDR_W         ; 11    ; Signed Integer                                                                 ;
; FB_GAIN_Q8     ; 215   ; Signed Integer                                                                 ;
; DAMP_Q8        ; 51    ; Signed Integer                                                                 ;
+----------------+-------+--------------------------------------------------------------------------------+
Note: In order to hide this table in the UI and the text report file, please set the "Show Parameter Settings in Synthesis Report" option in "Analysis and Synthesis Settings -> More Settings" to "Off".


+---------------------------------------------------------------------------------------------------------+
; Parameter Settings for User Entity Instance: jingle_player:u_jingle|reverb:u_reverb|comb_filter:u_comb1 ;
+----------------+-------+--------------------------------------------------------------------------------+
; Parameter Name ; Value ; Type                                                                           ;
+----------------+-------+--------------------------------------------------------------------------------+
; DATA_W         ; 14    ; Signed Integer                                                                 ;
; DELAY_LEN      ; 1277  ; Signed Integer                                                                 ;
; ADDR_W         ; 11    ; Signed Integer                                                                 ;
; FB_GAIN_Q8     ; 215   ; Signed Integer                                                                 ;
; DAMP_Q8        ; 51    ; Signed Integer                                                                 ;
+----------------+-------+--------------------------------------------------------------------------------+
Note: In order to hide this table in the UI and the text report file, please set the "Show Parameter Settings in Synthesis Report" option in "Analysis and Synthesis Settings -> More Settings" to "Off".


+---------------------------------------------------------------------------------------------------------+
; Parameter Settings for User Entity Instance: jingle_player:u_jingle|reverb:u_reverb|comb_filter:u_comb2 ;
+----------------+-------+--------------------------------------------------------------------------------+
; Parameter Name ; Value ; Type                                                                           ;
+----------------+-------+--------------------------------------------------------------------------------+
; DATA_W         ; 14    ; Signed Integer                                                                 ;
; DELAY_LEN      ; 1422  ; Signed Integer                                                                 ;
; ADDR_W         ; 11    ; Signed Integer                                                                 ;
; FB_GAIN_Q8     ; 215   ; Signed Integer                                                                 ;
; DAMP_Q8        ; 51    ; Signed Integer                                                                 ;
+----------------+-------+--------------------------------------------------------------------------------+
Note: In order to hide this table in the UI and the text report file, please set the "Show Parameter Settings in Synthesis Report" option in "Analysis and Synthesis Settings -> More Settings" to "Off".


+--------------------------------------------------------------------------------------------------------------+
; Parameter Settings for User Entity Instance: jingle_player:u_jingle|reverb:u_reverb|allpass_filter:u_allpass ;
+----------------+-------+-------------------------------------------------------------------------------------+
; Parameter Name ; Value ; Type                                                                                ;
+----------------+-------+-------------------------------------------------------------------------------------+
; DATA_W         ; 14    ; Signed Integer                                                                      ;
; DELAY_LEN      ; 556   ; Signed Integer                                                                      ;
; ADDR_W         ; 10    ; Signed Integer                                                                      ;
; GAIN_Q8        ; 128   ; Signed Integer                                                                      ;
+----------------+-------+-------------------------------------------------------------------------------------+
Note: In order to hide this table in the UI and the text report file, please set the "Show Parameter Settings in Synthesis Report" option in "Analysis and Synthesis Settings -> More Settings" to "Off".


+------------------------------------------------------------------------------------------------------------------+
; Port Connectivity Checks: "jingle_player:u_jingle|reverb:u_reverb|comb_filter:u_comb2"                           ;
+--------+--------+----------+-------------------------------------------------------------------------------------+
; Port   ; Type   ; Severity ; Details                                                                             ;
+--------+--------+----------+-------------------------------------------------------------------------------------+
; out_en ; Output ; Info     ; Connected to dangling logic. Logic that only feeds a dangling port will be removed. ;
+--------+--------+----------+-------------------------------------------------------------------------------------+


+------------------------------------------------------------------------------------------------------------------+
; Port Connectivity Checks: "jingle_player:u_jingle|reverb:u_reverb|comb_filter:u_comb1"                           ;
+--------+--------+----------+-------------------------------------------------------------------------------------+
; Port   ; Type   ; Severity ; Details                                                                             ;
+--------+--------+----------+-------------------------------------------------------------------------------------+
; out_en ; Output ; Info     ; Connected to dangling logic. Logic that only feeds a dangling port will be removed. ;
+--------+--------+----------+-------------------------------------------------------------------------------------+


+----------------------------------------------------------------------------------------------------------------------------+
; Port Connectivity Checks: "jingle_player:u_jingle|reverb:u_reverb"                                                         ;
+------------------+--------+----------+-------------------------------------------------------------------------------------+
; Port             ; Type   ; Severity ; Details                                                                             ;
+------------------+--------+----------+-------------------------------------------------------------------------------------+
; out_sample[5..0] ; Output ; Info     ; Connected to dangling logic. Logic that only feeds a dangling port will be removed. ;
+------------------+--------+----------+-------------------------------------------------------------------------------------+


+-------------------------------+
; Elapsed Time Per Partition    ;
+----------------+--------------+
; Partition Name ; Elapsed Time ;
+----------------+--------------+
; Top            ; 00:00:00     ;
+----------------+--------------+


+-------------------------------+
; Analysis & Synthesis Messages ;
+-------------------------------+
Info: *******************************************************************
Info: Running Quartus Prime Analysis & Synthesis
    Info: Version 25.1std.0 Build 1129 10/21/2025 SC Lite Edition
    Info: Processing started: Mon Sep  7 23:40:29 2026
Info: Command: quartus_map --read_settings_files=on --write_settings_files=off audio2 -c audio2
Warning (18236): Number of processors has not been specified which may cause overloading on shared machines.  Set the global assignment NUM_PARALLEL_PROCESSORS in your QSF to an appropriate value for best performance.
Info (20030): Parallel compilation is enabled and will use 16 of the 16 processors detected
Info (12021): Found 1 design units, including 1 entities, in source file por_reset.sv
    Info (12023): Found entity 1: por_reset File: H:/git/PCB_CQmax10/CQmax10/sample/audio2/por_reset.sv Line: 11
Info (12021): Found 1 design units, including 1 entities, in source file top.sv
    Info (12023): Found entity 1: top File: H:/git/PCB_CQmax10/CQmax10/sample/audio2/top.sv Line: 5
Info (12021): Found 1 design units, including 1 entities, in source file reverb.sv
    Info (12023): Found entity 1: reverb File: H:/git/PCB_CQmax10/CQmax10/sample/audio2/reverb.sv Line: 26
Info (12021): Found 1 design units, including 1 entities, in source file jingle_player.sv
    Info (12023): Found entity 1: jingle_player File: H:/git/PCB_CQmax10/CQmax10/sample/audio2/jingle_player.sv Line: 28
Warning (10335): Unrecognized synthesis attribute "falls" at comb_filter.sv(21) File: H:/git/PCB_CQmax10/CQmax10/sample/audio2/comb_filter.sv Line: 21
Warning (10335): Unrecognized synthesis attribute "back" at comb_filter.sv(21) File: H:/git/PCB_CQmax10/CQmax10/sample/audio2/comb_filter.sv Line: 21
Warning (10335): Unrecognized synthesis attribute "to" at comb_filter.sv(21) File: H:/git/PCB_CQmax10/CQmax10/sample/audio2/comb_filter.sv Line: 21
Warning (10335): Unrecognized synthesis attribute "individual" at comb_filter.sv(21) File: H:/git/PCB_CQmax10/CQmax10/sample/audio2/comb_filter.sv Line: 21
Warning (10335): Unrecognized synthesis attribute "flip" at comb_filter.sv(21) File: H:/git/PCB_CQmax10/CQmax10/sample/audio2/comb_filter.sv Line: 21
Info (12021): Found 1 design units, including 1 entities, in source file comb_filter.sv
    Info (12023): Found entity 1: comb_filter File: H:/git/PCB_CQmax10/CQmax10/sample/audio2/comb_filter.sv Line: 33
Info (12021): Found 1 design units, including 1 entities, in source file allpass_filter.sv
    Info (12023): Found entity 1: allpass_filter File: H:/git/PCB_CQmax10/CQmax10/sample/audio2/allpass_filter.sv Line: 19
Info (12127): Elaborating entity "top" for the top level hierarchy
Info (12128): Elaborating entity "por_reset" for hierarchy "por_reset:u_por" File: H:/git/PCB_CQmax10/CQmax10/sample/audio2/top.sv Line: 16
Info (12128): Elaborating entity "jingle_player" for hierarchy "jingle_player:u_jingle" File: H:/git/PCB_CQmax10/CQmax10/sample/audio2/top.sv Line: 23
Warning (10230): Verilog HDL assignment warning at jingle_player.sv(446): truncated value with size 17 to match size of target (14) File: H:/git/PCB_CQmax10/CQmax10/sample/audio2/jingle_player.sv Line: 446
Warning (10230): Verilog HDL assignment warning at jingle_player.sv(472): truncated value with size 14 to match size of target (10) File: H:/git/PCB_CQmax10/CQmax10/sample/audio2/jingle_player.sv Line: 472
Info (12128): Elaborating entity "reverb" for hierarchy "jingle_player:u_jingle|reverb:u_reverb" File: H:/git/PCB_CQmax10/CQmax10/sample/audio2/jingle_player.sv Line: 459
Warning (10230): Verilog HDL assignment warning at reverb.sv(77): truncated value with size 16 to match size of target (14) File: H:/git/PCB_CQmax10/CQmax10/sample/audio2/reverb.sv Line: 77
Warning (10230): Verilog HDL assignment warning at reverb.sv(97): truncated value with size 32 to match size of target (24) File: H:/git/PCB_CQmax10/CQmax10/sample/audio2/reverb.sv Line: 97
Warning (10230): Verilog HDL assignment warning at reverb.sv(106): truncated value with size 24 to match size of target (14) File: H:/git/PCB_CQmax10/CQmax10/sample/audio2/reverb.sv Line: 106
Info (12128): Elaborating entity "comb_filter" for hierarchy "jingle_player:u_jingle|reverb:u_reverb|comb_filter:u_comb0" File: H:/git/PCB_CQmax10/CQmax10/sample/audio2/reverb.sv Line: 53
Warning (10230): Verilog HDL assignment warning at comb_filter.sv(63): truncated value with size 32 to match size of target (24) File: H:/git/PCB_CQmax10/CQmax10/sample/audio2/comb_filter.sv Line: 63
Warning (10230): Verilog HDL assignment warning at comb_filter.sv(64): truncated value with size 24 to match size of target (14) File: H:/git/PCB_CQmax10/CQmax10/sample/audio2/comb_filter.sv Line: 64
Warning (10230): Verilog HDL assignment warning at comb_filter.sv(65): truncated value with size 32 to match size of target (24) File: H:/git/PCB_CQmax10/CQmax10/sample/audio2/comb_filter.sv Line: 65
Info (12128): Elaborating entity "comb_filter" for hierarchy "jingle_player:u_jingle|reverb:u_reverb|comb_filter:u_comb1" File: H:/git/PCB_CQmax10/CQmax10/sample/audio2/reverb.sv Line: 60
Warning (10230): Verilog HDL assignment warning at comb_filter.sv(63): truncated value with size 32 to match size of target (24) File: H:/git/PCB_CQmax10/CQmax10/sample/audio2/comb_filter.sv Line: 63
Warning (10230): Verilog HDL assignment warning at comb_filter.sv(64): truncated value with size 24 to match size of target (14) File: H:/git/PCB_CQmax10/CQmax10/sample/audio2/comb_filter.sv Line: 64
Warning (10230): Verilog HDL assignment warning at comb_filter.sv(65): truncated value with size 32 to match size of target (24) File: H:/git/PCB_CQmax10/CQmax10/sample/audio2/comb_filter.sv Line: 65
Info (12128): Elaborating entity "comb_filter" for hierarchy "jingle_player:u_jingle|reverb:u_reverb|comb_filter:u_comb2" File: H:/git/PCB_CQmax10/CQmax10/sample/audio2/reverb.sv Line: 67
Warning (10230): Verilog HDL assignment warning at comb_filter.sv(63): truncated value with size 32 to match size of target (24) File: H:/git/PCB_CQmax10/CQmax10/sample/audio2/comb_filter.sv Line: 63
Warning (10230): Verilog HDL assignment warning at comb_filter.sv(64): truncated value with size 24 to match size of target (14) File: H:/git/PCB_CQmax10/CQmax10/sample/audio2/comb_filter.sv Line: 64
Warning (10230): Verilog HDL assignment warning at comb_filter.sv(65): truncated value with size 32 to match size of target (24) File: H:/git/PCB_CQmax10/CQmax10/sample/audio2/comb_filter.sv Line: 65
Info (12128): Elaborating entity "allpass_filter" for hierarchy "jingle_player:u_jingle|reverb:u_reverb|allpass_filter:u_allpass" File: H:/git/PCB_CQmax10/CQmax10/sample/audio2/reverb.sv Line: 90
Warning (10230): Verilog HDL assignment warning at allpass_filter.sv(45): truncated value with size 32 to match size of target (24) File: H:/git/PCB_CQmax10/CQmax10/sample/audio2/allpass_filter.sv Line: 45
Warning (10230): Verilog HDL assignment warning at allpass_filter.sv(47): truncated value with size 32 to match size of target (24) File: H:/git/PCB_CQmax10/CQmax10/sample/audio2/allpass_filter.sv Line: 47
Info (276014): Found 5 instances of uninferred RAM logic
    Info (276013): RAM logic "jingle_player:u_jingle|Ram0" is uninferred because MIF is not supported for the selected family File: H:/git/PCB_CQmax10/CQmax10/sample/audio2/jingle_player.sv Line: 175
    Info (276007): RAM logic "jingle_player:u_jingle|reverb:u_reverb|allpass_filter:u_allpass|mem" is uninferred due to asynchronous read logic File: H:/git/PCB_CQmax10/CQmax10/sample/audio2/allpass_filter.sv Line: 33
    Info (276007): RAM logic "jingle_player:u_jingle|reverb:u_reverb|comb_filter:u_comb1|mem" is uninferred due to asynchronous read logic File: H:/git/PCB_CQmax10/CQmax10/sample/audio2/comb_filter.sv Line: 49
    Info (276007): RAM logic "jingle_player:u_jingle|reverb:u_reverb|comb_filter:u_comb0|mem" is uninferred due to asynchronous read logic File: H:/git/PCB_CQmax10/CQmax10/sample/audio2/comb_filter.sv Line: 49
    Info (276007): RAM logic "jingle_player:u_jingle|reverb:u_reverb|comb_filter:u_comb2|mem" is uninferred due to asynchronous read logic File: H:/git/PCB_CQmax10/CQmax10/sample/audio2/comb_filter.sv Line: 49
Error (276003): Cannot convert all sets of registers into RAM megafunctions when creating nodes. The resulting number of registers remaining in design exceeds the number of registers in the device or the number specified by the assignment max_number_of_registers_from_uninferred_rams. This can cause longer compilation time or result in insufficient memory to complete Analysis and Synthesis
Error: Quartus Prime Analysis & Synthesis was unsuccessful. 1 error, 22 warnings
    Error: Peak virtual memory: 4756 megabytes
    Error: Processing ended: Mon Sep  7 23:40:40 2026
    Error: Elapsed time: 00:00:11
    Error: Total CPU time (on all processors): 00:00:27


