Flow report for night_rider
Wed Aug 26 01:34:57 2026
Quartus Prime Version 25.1std.0 Build 1129 10/21/2025 SC Lite Edition


---------------------
; Table of Contents ;
---------------------
  1. Legal Notice
  2. Flow Summary
  3. Flow Settings
  4. Flow Non-Default Global Settings
  5. Flow Elapsed Time
  6. Flow OS Summary
  7. Flow Log
  8. Flow Messages
  9. Flow Suppressed Messages



----------------
; Legal Notice ;
----------------
Copyright (C) 2025  Altera Corporation. All rights reserved.
Your use of Altera Corporation's design tools, logic functions 
and other software and tools, and any partner logic 
functions, and any output files from any of the foregoing 
(including device programming or simulation files), and any 
associated documentation or information are expressly subject 
to the terms and conditions of the Altera Program License 
Subscription Agreement, the Altera Quartus Prime License Agreement,
the Altera IP License Agreement, or other applicable license
agreement, including, without limitation, that your use is for
the sole purpose of programming logic devices manufactured by
Altera and sold by Altera or its authorized distributors.  Please
refer to the Altera Software License Subscription Agreements 
on the Quartus Prime software download page.



+--------------------------------------------------------------------------------------+
; Flow Summary                                                                         ;
+------------------------------------+-------------------------------------------------+
; Flow Status                        ; Successful - Wed Aug 26 01:34:53 2026           ;
; Quartus Prime Version              ; 25.1std.0 Build 1129 10/21/2025 SC Lite Edition ;
; Revision Name                      ; night_rider                                     ;
; Top-level Entity Name              ; night_rider_top                                 ;
; Family                             ; MAX 10                                          ;
; Device                             ; 10M08SCE144C8G                                  ;
; Timing Models                      ; Final                                           ;
; Total logic elements               ; 181 / 8,064 ( 2 % )                             ;
;     Total combinational functions  ; 181 / 8,064 ( 2 % )                             ;
;     Dedicated logic registers      ; 44 / 8,064 ( < 1 % )                            ;
; Total registers                    ; 44                                              ;
; Total pins                         ; 10 / 101 ( 10 % )                               ;
; Total virtual pins                 ; 0                                               ;
; Total memory bits                  ; 0 / 387,072 ( 0 % )                             ;
; Embedded Multiplier 9-bit elements ; 0 / 48 ( 0 % )                                  ;
; Total PLLs                         ; 0 / 1 ( 0 % )                                   ;
; UFM blocks                         ; 0 / 1 ( 0 % )                                   ;
; ADC blocks                         ; 0                                               ;
+------------------------------------+-------------------------------------------------+


+-----------------------------------------+
; Flow Settings                           ;
+-------------------+---------------------+
; Option            ; Setting             ;
+-------------------+---------------------+
; Start date & time ; 08/26/2026 01:34:29 ;
; Main task         ; Compilation         ;
; Revision Name     ; night_rider         ;
+-------------------+---------------------+


+---------------------------------------------------------------------------------------------------------------------------------+
; Flow Non-Default Global Settings                                                                                                ;
+-------------------------------------+----------------------------------------+---------------+-----------------+----------------+
; Assignment Name                     ; Value                                  ; Default Value ; Entity Name     ; Section Id     ;
+-------------------------------------+----------------------------------------+---------------+-----------------+----------------+
; COMPILER_SIGNATURE_ID               ; 91768935357.178767566917352            ; --            ; --              ; --             ;
; EDA_OUTPUT_DATA_FORMAT              ; None                                   ; --            ; --              ; eda_simulation ;
; FLOW_ENABLE_POWER_ANALYZER          ; On                                     ; Off           ; --              ; --             ;
; MAX_CORE_JUNCTION_TEMP              ; 85                                     ; --            ; --              ; --             ;
; MIN_CORE_JUNCTION_TEMP              ; 0                                      ; --            ; --              ; --             ;
; PARTITION_COLOR                     ; -- (Not supported for targeted family) ; --            ; night_rider_top ; Top            ;
; PARTITION_FITTER_PRESERVATION_LEVEL ; -- (Not supported for targeted family) ; --            ; night_rider_top ; Top            ;
; PARTITION_NETLIST_TYPE              ; -- (Not supported for targeted family) ; --            ; night_rider_top ; Top            ;
; POWER_BOARD_THERMAL_MODEL           ; None (CONSERVATIVE)                    ; --            ; --              ; --             ;
; POWER_DEFAULT_INPUT_IO_TOGGLE_RATE  ; 12.5 %                                 ; 12.5%         ; --              ; --             ;
; POWER_PRESET_COOLING_SOLUTION       ; 23 MM HEAT SINK WITH 200 LFPM AIRFLOW  ; --            ; --              ; --             ;
; PROJECT_OUTPUT_DIRECTORY            ; output_files                           ; --            ; --              ; --             ;
; TOP_LEVEL_ENTITY                    ; night_rider_top                        ; night_rider   ; --              ; --             ;
; VERILOG_INPUT_VERSION               ; SystemVerilog_2005                     ; Verilog_2001  ; --              ; --             ;
; VERILOG_SHOW_LMF_MAPPING_MESSAGES   ; Off                                    ; --            ; --              ; --             ;
+-------------------------------------+----------------------------------------+---------------+-----------------+----------------+


+--------------------------------------------------------------------------------------------------------------------------+
; Flow Elapsed Time                                                                                                        ;
+----------------------+--------------+-------------------------+---------------------+------------------------------------+
; Module Name          ; Elapsed Time ; Average Processors Used ; Peak Virtual Memory ; Total CPU Time (on all processors) ;
+----------------------+--------------+-------------------------+---------------------+------------------------------------+
; Analysis & Synthesis ; 00:00:11     ; 1.0                     ; 4848 MB             ; 00:00:27                           ;
; Fitter               ; 00:00:07     ; 1.2                     ; 6525 MB             ; 00:00:13                           ;
; Assembler            ; 00:00:01     ; 1.0                     ; 4694 MB             ; 00:00:01                           ;
; Power Analyzer       ; 00:00:02     ; 1.2                     ; 4964 MB             ; 00:00:02                           ;
; Timing Analyzer      ; 00:00:02     ; 1.2                     ; 4904 MB             ; 00:00:03                           ;
; Total                ; 00:00:23     ; --                      ; --                  ; 00:00:46                           ;
+----------------------+--------------+-------------------------+---------------------+------------------------------------+


+------------------------------------------------------------------------------------+
; Flow OS Summary                                                                    ;
+----------------------+------------------+------------+------------+----------------+
; Module Name          ; Machine Hostname ; OS Name    ; OS Version ; Processor type ;
+----------------------+------------------+------------+------------+----------------+
; Analysis & Synthesis ; DESKTOP-FASJBQ2  ; Windows 10 ; 10.0       ; x86_64         ;
; Fitter               ; DESKTOP-FASJBQ2  ; Windows 10 ; 10.0       ; x86_64         ;
; Assembler            ; DESKTOP-FASJBQ2  ; Windows 10 ; 10.0       ; x86_64         ;
; Power Analyzer       ; DESKTOP-FASJBQ2  ; Windows 10 ; 10.0       ; x86_64         ;
; Timing Analyzer      ; DESKTOP-FASJBQ2  ; Windows 10 ; 10.0       ; x86_64         ;
+----------------------+------------------+------------+------------+----------------+


------------
; Flow Log ;
------------
quartus_map --read_settings_files=on --write_settings_files=off night_rider -c night_rider
quartus_fit --read_settings_files=off --write_settings_files=off night_rider -c night_rider
quartus_asm --read_settings_files=off --write_settings_files=off night_rider -c night_rider
quartus_pow --read_settings_files=off --write_settings_files=off night_rider -c night_rider
quartus_sta night_rider -c night_rider



