------------------------------------------------------------
Timing Analyzer Summary
------------------------------------------------------------

Type  : Slow 1200mV 85C Model Setup 'clk'
Slack : -6.324
TNS   : -766.414

Type  : Slow 1200mV 85C Model Hold 'clk'
Slack : 0.340
TNS   : 0.000

Type  : Slow 1200mV 85C Model Recovery 'clk'
Slack : -1.852
TNS   : -329.768

Type  : Slow 1200mV 85C Model Removal 'clk'
Slack : 1.806
TNS   : 0.000

Type  : Slow 1200mV 85C Model Minimum Pulse Width 'clk'
Slack : -3.000
TNS   : -318.244

Type  : Slow 1200mV 0C Model Setup 'clk'
Slack : -5.924
TNS   : -706.044

Type  : Slow 1200mV 0C Model Hold 'clk'
Slack : 0.303
TNS   : 0.000

Type  : Slow 1200mV 0C Model Recovery 'clk'
Slack : -1.602
TNS   : -280.890

Type  : Slow 1200mV 0C Model Removal 'clk'
Slack : 1.625
TNS   : 0.000

Type  : Slow 1200mV 0C Model Minimum Pulse Width 'clk'
Slack : -3.000
TNS   : -318.244

Type  : Fast 1200mV 0C Model Setup 'clk'
Slack : -1.946
TNS   : -177.058

Type  : Fast 1200mV 0C Model Hold 'clk'
Slack : 0.143
TNS   : 0.000

Type  : Fast 1200mV 0C Model Recovery 'clk'
Slack : -0.337
TNS   : -47.837

Type  : Fast 1200mV 0C Model Removal 'clk'
Slack : 0.817
TNS   : 0.000

Type  : Fast 1200mV 0C Model Minimum Pulse Width 'clk'
Slack : -3.000
TNS   : -224.037

------------------------------------------------------------
