Analysis & Synthesis report for rom_megafunc
Sat Sep 26 11:35:58 2026
Quartus Prime Version 25.1std.0 Build 1129 10/21/2025 SC Lite Edition


---------------------
; Table of Contents ;
---------------------
  1. Legal Notice
  2. Analysis & Synthesis Summary
  3. Analysis & Synthesis Settings
  4. Parallel Compilation
  5. Source assignments for altsyncram:u_rom|altsyncram_p7v:auto_generated
  6. Parameter Settings for User Entity Instance: altsyncram:u_rom
  7. altsyncram Parameter Settings by Entity Instance
  8. Post-Synthesis Netlist Statistics for Top Partition
  9. Elapsed Time Per Partition
 10. Analysis & Synthesis Messages



----------------
; Legal Notice ;
----------------
Copyright (C) 2025  Altera Corporation. All rights reserved.
Your use of Altera Corporation's design tools, logic functions 
and other software and tools, and any partner logic 
functions, and any output files from any of the foregoing 
(including device programming or simulation files), and any 
associated documentation or information are expressly subject 
to the terms and conditions of the Altera Program License 
Subscription Agreement, the Altera Quartus Prime License Agreement,
the Altera IP License Agreement, or other applicable license
agreement, including, without limitation, that your use is for
the sole purpose of programming logic devices manufactured by
Altera and sold by Altera or its authorized distributors.  Please
refer to the Altera Software License Subscription Agreements 
on the Quartus Prime software download page.



+--------------------------------------------------------------------------------------+
; Analysis & Synthesis Summary                                                         ;
+------------------------------------+-------------------------------------------------+
; Analysis & Synthesis Status        ; Successful - Sat Sep 26 11:35:58 2026           ;
; Quartus Prime Version              ; 25.1std.0 Build 1129 10/21/2025 SC Lite Edition ;
; Revision Name                      ; rom_megafunc                                    ;
; Top-level Entity Name              ; rom_megafunc                                    ;
; Family                             ; MAX 10                                          ;
; Total logic elements               ; N/A until Partition Merge                       ;
;     Total combinational functions  ; N/A until Partition Merge                       ;
;     Dedicated logic registers      ; N/A until Partition Merge                       ;
; Total registers                    ; N/A until Partition Merge                       ;
; Total pins                         ; N/A until Partition Merge                       ;
; Total virtual pins                 ; N/A until Partition Merge                       ;
; Total memory bits                  ; N/A until Partition Merge                       ;
; Embedded Multiplier 9-bit elements ; N/A until Partition Merge                       ;
; Total PLLs                         ; N/A until Partition Merge                       ;
; UFM blocks                         ; N/A until Partition Merge                       ;
; ADC blocks                         ; N/A until Partition Merge                       ;
+------------------------------------+-------------------------------------------------+


+------------------------------------------------------------------------------------------------------------+
; Analysis & Synthesis Settings                                                                              ;
+------------------------------------------------------------------+--------------------+--------------------+
; Option                                                           ; Setting            ; Default Value      ;
+------------------------------------------------------------------+--------------------+--------------------+
; Device                                                           ; 10M08SCE144C8G     ;                    ;
; Top-level entity name                                            ; rom_megafunc       ; rom_megafunc       ;
; Family name                                                      ; MAX 10             ; Cyclone V          ;
; Use smart compilation                                            ; Off                ; Off                ;
; Enable parallel Assembler and Timing Analyzer during compilation ; On                 ; On                 ;
; Enable compact report table                                      ; Off                ; Off                ;
; Restructure Multiplexers                                         ; Auto               ; Auto               ;
; Create Debugging Nodes for IP Cores                              ; Off                ; Off                ;
; Preserve fewer node names                                        ; On                 ; On                 ;
; Intel FPGA IP Evaluation Mode                                    ; Enable             ; Enable             ;
; Verilog Version                                                  ; Verilog_2001       ; Verilog_2001       ;
; VHDL Version                                                     ; VHDL_1993          ; VHDL_1993          ;
; State Machine Processing                                         ; Auto               ; Auto               ;
; Safe State Machine                                               ; Off                ; Off                ;
; Extract Verilog State Machines                                   ; On                 ; On                 ;
; Extract VHDL State Machines                                      ; On                 ; On                 ;
; Ignore Verilog initial constructs                                ; Off                ; Off                ;
; Iteration limit for constant Verilog loops                       ; 5000               ; 5000               ;
; Iteration limit for non-constant Verilog loops                   ; 250                ; 250                ;
; Add Pass-Through Logic to Inferred RAMs                          ; On                 ; On                 ;
; Infer RAMs from Raw Logic                                        ; On                 ; On                 ;
; Parallel Synthesis                                               ; On                 ; On                 ;
; DSP Block Balancing                                              ; Auto               ; Auto               ;
; NOT Gate Push-Back                                               ; On                 ; On                 ;
; Power-Up Don't Care                                              ; On                 ; On                 ;
; Remove Redundant Logic Cells                                     ; Off                ; Off                ;
; Remove Duplicate Registers                                       ; On                 ; On                 ;
; Ignore CARRY Buffers                                             ; Off                ; Off                ;
; Ignore CASCADE Buffers                                           ; Off                ; Off                ;
; Ignore GLOBAL Buffers                                            ; Off                ; Off                ;
; Ignore ROW GLOBAL Buffers                                        ; Off                ; Off                ;
; Ignore LCELL Buffers                                             ; Off                ; Off                ;
; Ignore SOFT Buffers                                              ; On                 ; On                 ;
; Limit AHDL Integers to 32 Bits                                   ; Off                ; Off                ;
; Optimization Technique                                           ; Balanced           ; Balanced           ;
; Carry Chain Length                                               ; 70                 ; 70                 ;
; Auto Carry Chains                                                ; On                 ; On                 ;
; Auto Open-Drain Pins                                             ; On                 ; On                 ;
; Perform WYSIWYG Primitive Resynthesis                            ; Off                ; Off                ;
; Auto ROM Replacement                                             ; On                 ; On                 ;
; Auto RAM Replacement                                             ; On                 ; On                 ;
; Auto DSP Block Replacement                                       ; On                 ; On                 ;
; Auto Shift Register Replacement                                  ; Auto               ; Auto               ;
; Allow Shift Register Merging across Hierarchies                  ; Auto               ; Auto               ;
; Auto Clock Enable Replacement                                    ; On                 ; On                 ;
; Strict RAM Replacement                                           ; Off                ; Off                ;
; Allow Synchronous Control Signals                                ; On                 ; On                 ;
; Force Use of Synchronous Clear Signals                           ; Off                ; Off                ;
; Auto RAM Block Balancing                                         ; On                 ; On                 ;
; Auto RAM to Logic Cell Conversion                                ; Off                ; Off                ;
; Auto Resource Sharing                                            ; Off                ; Off                ;
; Allow Any RAM Size For Recognition                               ; Off                ; Off                ;
; Allow Any ROM Size For Recognition                               ; Off                ; Off                ;
; Allow Any Shift Register Size For Recognition                    ; Off                ; Off                ;
; Use LogicLock Constraints during Resource Balancing              ; On                 ; On                 ;
; Ignore translate_off and synthesis_off directives                ; Off                ; Off                ;
; Timing-Driven Synthesis                                          ; On                 ; On                 ;
; Report Parameter Settings                                        ; On                 ; On                 ;
; Report Source Assignments                                        ; On                 ; On                 ;
; Report Connectivity Checks                                       ; On                 ; On                 ;
; Ignore Maximum Fan-Out Assignments                               ; Off                ; Off                ;
; Synchronization Register Chain Length                            ; 2                  ; 2                  ;
; Power Optimization During Synthesis                              ; Normal compilation ; Normal compilation ;
; HDL message level                                                ; Level2             ; Level2             ;
; Suppress Register Optimization Related Messages                  ; Off                ; Off                ;
; Number of Removed Registers Reported in Synthesis Report         ; 5000               ; 5000               ;
; Number of Swept Nodes Reported in Synthesis Report               ; 5000               ; 5000               ;
; Number of Inverted Registers Reported in Synthesis Report        ; 100                ; 100                ;
; Clock MUX Protection                                             ; On                 ; On                 ;
; Auto Gated Clock Conversion                                      ; Off                ; Off                ;
; Block Design Naming                                              ; Auto               ; Auto               ;
; SDC constraint protection                                        ; Off                ; Off                ;
; Synthesis Effort                                                 ; Auto               ; Auto               ;
; Shift Register Replacement - Allow Asynchronous Clear Signal     ; On                 ; On                 ;
; Pre-Mapping Resynthesis Optimization                             ; Off                ; Off                ;
; Analysis & Synthesis Message Level                               ; Medium             ; Medium             ;
; Disable Register Merging Across Hierarchies                      ; Auto               ; Auto               ;
; Resource Aware Inference For Block RAM                           ; On                 ; On                 ;
+------------------------------------------------------------------+--------------------+--------------------+


+------------------------------------------+
; Parallel Compilation                     ;
+----------------------------+-------------+
; Processors                 ; Number      ;
+----------------------------+-------------+
; Number detected on machine ; 36          ;
; Maximum allowed            ; 16          ;
;                            ;             ;
; Average used               ; 1.00        ;
; Maximum used               ; 1           ;
;                            ;             ;
; Usage by Processor         ; % Time Used ;
;     Processor 1            ; 100.0%      ;
+----------------------------+-------------+


+-----------------------------------------------------------------------+
; Source assignments for altsyncram:u_rom|altsyncram_p7v:auto_generated ;
+---------------------------------+--------------------+------+---------+
; Assignment                      ; Value              ; From ; To      ;
+---------------------------------+--------------------+------+---------+
; OPTIMIZE_POWER_DURING_SYNTHESIS ; NORMAL_COMPILATION ; -    ; -       ;
+---------------------------------+--------------------+------+---------+


+----------------------------------------------------------------------------+
; Parameter Settings for User Entity Instance: altsyncram:u_rom              ;
+------------------------------------+----------------------+----------------+
; Parameter Name                     ; Value                ; Type           ;
+------------------------------------+----------------------+----------------+
; BYTE_SIZE_BLOCK                    ; 8                    ; Untyped        ;
; AUTO_CARRY_CHAINS                  ; ON                   ; AUTO_CARRY     ;
; IGNORE_CARRY_BUFFERS               ; OFF                  ; IGNORE_CARRY   ;
; AUTO_CASCADE_CHAINS                ; ON                   ; AUTO_CASCADE   ;
; IGNORE_CASCADE_BUFFERS             ; OFF                  ; IGNORE_CASCADE ;
; WIDTH_BYTEENA                      ; 1                    ; Untyped        ;
; OPERATION_MODE                     ; ROM                  ; Untyped        ;
; WIDTH_A                            ; 16                   ; Signed Integer ;
; WIDTHAD_A                          ; 11                   ; Signed Integer ;
; NUMWORDS_A                         ; 2048                 ; Signed Integer ;
; OUTDATA_REG_A                      ; CLOCK0               ; Untyped        ;
; ADDRESS_ACLR_A                     ; NONE                 ; Untyped        ;
; OUTDATA_ACLR_A                     ; NONE                 ; Untyped        ;
; WRCONTROL_ACLR_A                   ; NONE                 ; Untyped        ;
; INDATA_ACLR_A                      ; NONE                 ; Untyped        ;
; BYTEENA_ACLR_A                     ; NONE                 ; Untyped        ;
; WIDTH_B                            ; 1                    ; Untyped        ;
; WIDTHAD_B                          ; 1                    ; Untyped        ;
; NUMWORDS_B                         ; 1                    ; Untyped        ;
; INDATA_REG_B                       ; CLOCK1               ; Untyped        ;
; WRCONTROL_WRADDRESS_REG_B          ; CLOCK1               ; Untyped        ;
; RDCONTROL_REG_B                    ; CLOCK1               ; Untyped        ;
; ADDRESS_REG_B                      ; CLOCK1               ; Untyped        ;
; OUTDATA_REG_B                      ; UNREGISTERED         ; Untyped        ;
; BYTEENA_REG_B                      ; CLOCK1               ; Untyped        ;
; INDATA_ACLR_B                      ; NONE                 ; Untyped        ;
; WRCONTROL_ACLR_B                   ; NONE                 ; Untyped        ;
; ADDRESS_ACLR_B                     ; NONE                 ; Untyped        ;
; OUTDATA_ACLR_B                     ; NONE                 ; Untyped        ;
; RDCONTROL_ACLR_B                   ; NONE                 ; Untyped        ;
; BYTEENA_ACLR_B                     ; NONE                 ; Untyped        ;
; WIDTH_BYTEENA_A                    ; 1                    ; Untyped        ;
; WIDTH_BYTEENA_B                    ; 1                    ; Untyped        ;
; RAM_BLOCK_TYPE                     ; AUTO                 ; Untyped        ;
; BYTE_SIZE                          ; 8                    ; Untyped        ;
; READ_DURING_WRITE_MODE_MIXED_PORTS ; DONT_CARE            ; Untyped        ;
; READ_DURING_WRITE_MODE_PORT_A      ; NEW_DATA_NO_NBE_READ ; Untyped        ;
; READ_DURING_WRITE_MODE_PORT_B      ; NEW_DATA_NO_NBE_READ ; Untyped        ;
; INIT_FILE                          ; logo_rom.mif         ; Untyped        ;
; INIT_FILE_LAYOUT                   ; PORT_A               ; Untyped        ;
; MAXIMUM_DEPTH                      ; 0                    ; Untyped        ;
; CLOCK_ENABLE_INPUT_A               ; NORMAL               ; Untyped        ;
; CLOCK_ENABLE_INPUT_B               ; NORMAL               ; Untyped        ;
; CLOCK_ENABLE_OUTPUT_A              ; NORMAL               ; Untyped        ;
; CLOCK_ENABLE_OUTPUT_B              ; NORMAL               ; Untyped        ;
; CLOCK_ENABLE_CORE_A                ; USE_INPUT_CLKEN      ; Untyped        ;
; CLOCK_ENABLE_CORE_B                ; USE_INPUT_CLKEN      ; Untyped        ;
; ENABLE_ECC                         ; FALSE                ; Untyped        ;
; ECC_PIPELINE_STAGE_ENABLED         ; FALSE                ; Untyped        ;
; WIDTH_ECCSTATUS                    ; 3                    ; Untyped        ;
; DEVICE_FAMILY                      ; MAX 10               ; Untyped        ;
; CBXI_PARAMETER                     ; altsyncram_p7v       ; Untyped        ;
+------------------------------------+----------------------+----------------+
Note: In order to hide this table in the UI and the text report file, please set the "Show Parameter Settings in Synthesis Report" option in "Analysis and Synthesis Settings -> More Settings" to "Off".


+--------------------------------------------------------------+
; altsyncram Parameter Settings by Entity Instance             ;
+-------------------------------------------+------------------+
; Name                                      ; Value            ;
+-------------------------------------------+------------------+
; Number of entity instances                ; 1                ;
; Entity Instance                           ; altsyncram:u_rom ;
;     -- OPERATION_MODE                     ; ROM              ;
;     -- WIDTH_A                            ; 16               ;
;     -- NUMWORDS_A                         ; 2048             ;
;     -- OUTDATA_REG_A                      ; CLOCK0           ;
;     -- WIDTH_B                            ; 1                ;
;     -- NUMWORDS_B                         ; 1                ;
;     -- ADDRESS_REG_B                      ; CLOCK1           ;
;     -- OUTDATA_REG_B                      ; UNREGISTERED     ;
;     -- RAM_BLOCK_TYPE                     ; AUTO             ;
;     -- READ_DURING_WRITE_MODE_MIXED_PORTS ; DONT_CARE        ;
+-------------------------------------------+------------------+


+-----------------------------------------------------+
; Post-Synthesis Netlist Statistics for Top Partition ;
+----------------------+------------------------------+
; Type                 ; Count                        ;
+----------------------+------------------------------+
; boundary_port        ; 28                           ;
; cycloneiii_ram_block ; 16                           ;
;                      ;                              ;
; Max LUT depth        ; 0.00                         ;
; Average LUT depth    ; 0.00                         ;
+----------------------+------------------------------+


+-------------------------------+
; Elapsed Time Per Partition    ;
+----------------+--------------+
; Partition Name ; Elapsed Time ;
+----------------+--------------+
; Top            ; 00:00:00     ;
+----------------+--------------+


+-------------------------------+
; Analysis & Synthesis Messages ;
+-------------------------------+
Info: *******************************************************************
Info: Running Quartus Prime Analysis & Synthesis
    Info: Version 25.1std.0 Build 1129 10/21/2025 SC Lite Edition
    Info: Copyright (C) 2025  Altera Corporation. All rights reserved.
    Info: Your use of Altera Corporation's design tools, logic functions 
    Info: and other software and tools, and any partner logic 
    Info: functions, and any output files from any of the foregoing 
    Info: (including device programming or simulation files), and any 
    Info: associated documentation or information are expressly subject 
    Info: to the terms and conditions of the Altera Program License 
    Info: Subscription Agreement, the Altera Quartus Prime License Agreement,
    Info: the Altera IP License Agreement, or other applicable license
    Info: agreement, including, without limitation, that your use is for
    Info: the sole purpose of programming logic devices manufactured by
    Info: Altera and sold by Altera or its authorized distributors.  Please
    Info: refer to the Altera Software License Subscription Agreements 
    Info: on the Quartus Prime software download page.
    Info: Processing started: Sat Sep 26 11:35:48 2026
Info: Command: quartus_map rom_megafunc --family="MAX 10" --part=10M08SCE144C8G
Warning (18236): Number of processors has not been specified which may cause overloading on shared machines.  Set the global assignment NUM_PARALLEL_PROCESSORS in your QSF to an appropriate value for best performance.
Info (20030): Parallel compilation is enabled and will use 16 of the 16 processors detected
Info (12021): Found 1 design units, including 1 entities, in source file rom_megafunc.v
    Info (12023): Found entity 1: rom_megafunc File: H:/git/PCB_CQmax10/CQmax10/sample/lcd_samegame/tmp_megafunc/rom_megafunc.v Line: 16
Info (12127): Elaborating entity "rom_megafunc" for the top level hierarchy
Info (12128): Elaborating entity "altsyncram" for hierarchy "altsyncram:u_rom" File: H:/git/PCB_CQmax10/CQmax10/sample/lcd_samegame/tmp_megafunc/rom_megafunc.v Line: 36
Info (12130): Elaborated megafunction instantiation "altsyncram:u_rom" File: H:/git/PCB_CQmax10/CQmax10/sample/lcd_samegame/tmp_megafunc/rom_megafunc.v Line: 36
Info (12133): Instantiated megafunction "altsyncram:u_rom" with the following parameter: File: H:/git/PCB_CQmax10/CQmax10/sample/lcd_samegame/tmp_megafunc/rom_megafunc.v Line: 36
    Info (12134): Parameter "operation_mode" = "ROM"
    Info (12134): Parameter "width_a" = "16"
    Info (12134): Parameter "widthad_a" = "11"
    Info (12134): Parameter "numwords_a" = "2048"
    Info (12134): Parameter "outdata_reg_a" = "CLOCK0"
    Info (12134): Parameter "address_aclr_a" = "NONE"
    Info (12134): Parameter "outdata_aclr_a" = "NONE"
    Info (12134): Parameter "init_file" = "logo_rom.mif"
    Info (12134): Parameter "lpm_type" = "altsyncram"
    Info (12134): Parameter "intended_device_family" = "MAX 10"
Info (12021): Found 1 design units, including 1 entities, in source file db/altsyncram_p7v.tdf
    Info (12023): Found entity 1: altsyncram_p7v File: H:/git/PCB_CQmax10/CQmax10/sample/lcd_samegame/tmp_megafunc/db/altsyncram_p7v.tdf Line: 28
Info (12128): Elaborating entity "altsyncram_p7v" for hierarchy "altsyncram:u_rom|altsyncram_p7v:auto_generated" File: h:/altera_lite/25.1std/quartus/libraries/megafunctions/altsyncram.tdf Line: 792
Info (16010): Generating hard_block partition "hard_block:auto_generated_inst"
    Info (16011): Adding 0 node(s), including 0 DDIO, 0 PLL, 0 transceiver and 0 LCELL
Error (16031): Current Internal Configuration mode does not support memory initialization or ROM. Select Internal Configuration mode with ERAM. File: H:/git/PCB_CQmax10/CQmax10/sample/lcd_samegame/tmp_megafunc/db/altsyncram_p7v.tdf Line: 32
Error (16031): Current Internal Configuration mode does not support memory initialization or ROM. Select Internal Configuration mode with ERAM. File: H:/git/PCB_CQmax10/CQmax10/sample/lcd_samegame/tmp_megafunc/db/altsyncram_p7v.tdf Line: 32
Error (16031): Current Internal Configuration mode does not support memory initialization or ROM. Select Internal Configuration mode with ERAM. File: H:/git/PCB_CQmax10/CQmax10/sample/lcd_samegame/tmp_megafunc/db/altsyncram_p7v.tdf Line: 32
Error (16031): Current Internal Configuration mode does not support memory initialization or ROM. Select Internal Configuration mode with ERAM. File: H:/git/PCB_CQmax10/CQmax10/sample/lcd_samegame/tmp_megafunc/db/altsyncram_p7v.tdf Line: 32
Error (16031): Current Internal Configuration mode does not support memory initialization or ROM. Select Internal Configuration mode with ERAM. File: H:/git/PCB_CQmax10/CQmax10/sample/lcd_samegame/tmp_megafunc/db/altsyncram_p7v.tdf Line: 32
Error (16031): Current Internal Configuration mode does not support memory initialization or ROM. Select Internal Configuration mode with ERAM. File: H:/git/PCB_CQmax10/CQmax10/sample/lcd_samegame/tmp_megafunc/db/altsyncram_p7v.tdf Line: 32
Error (16031): Current Internal Configuration mode does not support memory initialization or ROM. Select Internal Configuration mode with ERAM. File: H:/git/PCB_CQmax10/CQmax10/sample/lcd_samegame/tmp_megafunc/db/altsyncram_p7v.tdf Line: 32
Error (16031): Current Internal Configuration mode does not support memory initialization or ROM. Select Internal Configuration mode with ERAM. File: H:/git/PCB_CQmax10/CQmax10/sample/lcd_samegame/tmp_megafunc/db/altsyncram_p7v.tdf Line: 32
Error (16031): Current Internal Configuration mode does not support memory initialization or ROM. Select Internal Configuration mode with ERAM. File: H:/git/PCB_CQmax10/CQmax10/sample/lcd_samegame/tmp_megafunc/db/altsyncram_p7v.tdf Line: 32
Error (16031): Current Internal Configuration mode does not support memory initialization or ROM. Select Internal Configuration mode with ERAM. File: H:/git/PCB_CQmax10/CQmax10/sample/lcd_samegame/tmp_megafunc/db/altsyncram_p7v.tdf Line: 32
Error (16031): Current Internal Configuration mode does not support memory initialization or ROM. Select Internal Configuration mode with ERAM. File: H:/git/PCB_CQmax10/CQmax10/sample/lcd_samegame/tmp_megafunc/db/altsyncram_p7v.tdf Line: 32
Error (16031): Current Internal Configuration mode does not support memory initialization or ROM. Select Internal Configuration mode with ERAM. File: H:/git/PCB_CQmax10/CQmax10/sample/lcd_samegame/tmp_megafunc/db/altsyncram_p7v.tdf Line: 32
Error (16031): Current Internal Configuration mode does not support memory initialization or ROM. Select Internal Configuration mode with ERAM. File: H:/git/PCB_CQmax10/CQmax10/sample/lcd_samegame/tmp_megafunc/db/altsyncram_p7v.tdf Line: 32
Error (16031): Current Internal Configuration mode does not support memory initialization or ROM. Select Internal Configuration mode with ERAM. File: H:/git/PCB_CQmax10/CQmax10/sample/lcd_samegame/tmp_megafunc/db/altsyncram_p7v.tdf Line: 32
Error (16031): Current Internal Configuration mode does not support memory initialization or ROM. Select Internal Configuration mode with ERAM. File: H:/git/PCB_CQmax10/CQmax10/sample/lcd_samegame/tmp_megafunc/db/altsyncram_p7v.tdf Line: 32
Error (16031): Current Internal Configuration mode does not support memory initialization or ROM. Select Internal Configuration mode with ERAM. File: H:/git/PCB_CQmax10/CQmax10/sample/lcd_samegame/tmp_megafunc/db/altsyncram_p7v.tdf Line: 32
Error: Quartus Prime Analysis & Synthesis was unsuccessful. 16 errors, 1 warning
    Error: Peak virtual memory: 4760 megabytes
    Error: Processing ended: Sat Sep 26 11:35:58 2026
    Error: Elapsed time: 00:00:10
    Error: Total CPU time (on all processors): 00:00:08


