EDA Netlist Writer report for usb_host
Mon Sep 21 20:01:04 2026
Quartus Prime Version 25.1std.0 Build 1129 10/21/2025 SC Lite Edition


---------------------
; Table of Contents ;
---------------------
  1. Legal Notice
  2. EDA Netlist Writer Summary
  3. Simulation Settings
  4. EDA Netlist Writer Messages



----------------
; Legal Notice ;
----------------
Copyright (C) 2025  Altera Corporation. All rights reserved.
Your use of Altera Corporation's design tools, logic functions 
and other software and tools, and any partner logic 
functions, and any output files from any of the foregoing 
(including device programming or simulation files), and any 
associated documentation or information are expressly subject 
to the terms and conditions of the Altera Program License 
Subscription Agreement, the Altera Quartus Prime License Agreement,
the Altera IP License Agreement, or other applicable license
agreement, including, without limitation, that your use is for
the sole purpose of programming logic devices manufactured by
Altera and sold by Altera or its authorized distributors.  Please
refer to the Altera Software License Subscription Agreements 
on the Quartus Prime software download page.



+---------------------------------------------------------------+
; EDA Netlist Writer Summary                                    ;
+---------------------------+-----------------------------------+
; EDA Netlist Writer Status ; Failed - Mon Sep 21 20:01:04 2026 ;
; Revision Name             ; usb_host                          ;
; Top-level Entity Name     ; top                               ;
; Family                    ; MAX 10                            ;
; Simulation Files Creation ; Failed                            ;
+---------------------------+-----------------------------------+


+----------------------------------------------------------------------------------------------------------------------------------------+
; Simulation Settings                                                                                                                    ;
+---------------------------------------------------------------------------------------------------+------------------------------------+
; Option                                                                                            ; Setting                            ;
+---------------------------------------------------------------------------------------------------+------------------------------------+
; Tool Name                                                                                         ; Questa Altera FPGA (SystemVerilog) ;
; Generate functional simulation netlist                                                            ; On                                 ;
; Truncate long hierarchy paths                                                                     ; Off                                ;
; Map illegal HDL characters                                                                        ; Off                                ;
; Flatten buses into individual nodes                                                               ; Off                                ;
; Maintain hierarchy                                                                                ; Off                                ;
; Bring out device-wide set/reset signals as ports                                                  ; Off                                ;
; Enable glitch filtering                                                                           ; Off                                ;
; Do not write top level VHDL entity                                                                ; Off                                ;
; Disable detection of setup and hold time violations in the input registers of bi-directional pins ; Off                                ;
; Architecture name in VHDL output netlist                                                          ; structure                          ;
; Generate third-party EDA tool command script for RTL functional simulation                        ; Off                                ;
; Generate third-party EDA tool command script for gate-level simulation                            ; Off                                ;
+---------------------------------------------------------------------------------------------------+------------------------------------+


+-----------------------------+
; EDA Netlist Writer Messages ;
+-----------------------------+
Info: *******************************************************************
Info: Running Quartus Prime EDA Netlist Writer
    Info: Version 25.1std.0 Build 1129 10/21/2025 SC Lite Edition
    Info: Processing started: Mon Sep 21 20:00:58 2026
Info: Command: quartus_eda --read_settings_files=off --write_settings_files=off usb_host -c usb_host
Warning (18236): Number of processors has not been specified which may cause overloading on shared machines.  Set the global assignment NUM_PARALLEL_PROCESSORS in your QSF to an appropriate value for best performance.
Error (204005): Can't generate output netlist file H:/git/PCB_CQmax10/CQmax10/sample/usb_host/simulation/questa/usb_host.svo -- output netlist files are read-only
Error: Quartus Prime EDA Netlist Writer was unsuccessful. 1 error, 1 warning
    Error: Peak virtual memory: 4665 megabytes
    Error: Processing ended: Mon Sep 21 20:01:04 2026
    Error: Elapsed time: 00:00:06
    Error: Total CPU time (on all processors): 00:00:03


