Flow report for usb_host
Thu Sep 17 01:32:36 2026
Quartus Prime Version 25.1std.0 Build 1129 10/21/2025 SC Lite Edition


---------------------
; Table of Contents ;
---------------------
  1. Legal Notice
  2. Flow Summary
  3. Flow Settings
  4. Flow Non-Default Global Settings
  5. Flow Elapsed Time
  6. Flow OS Summary
  7. Flow Log
  8. Flow Messages
  9. Flow Suppressed Messages



----------------
; Legal Notice ;
----------------
Copyright (C) 2025  Altera Corporation. All rights reserved.
Your use of Altera Corporation's design tools, logic functions 
and other software and tools, and any partner logic 
functions, and any output files from any of the foregoing 
(including device programming or simulation files), and any 
associated documentation or information are expressly subject 
to the terms and conditions of the Altera Program License 
Subscription Agreement, the Altera Quartus Prime License Agreement,
the Altera IP License Agreement, or other applicable license
agreement, including, without limitation, that your use is for
the sole purpose of programming logic devices manufactured by
Altera and sold by Altera or its authorized distributors.  Please
refer to the Altera Software License Subscription Agreements 
on the Quartus Prime software download page.



+--------------------------------------------------------------------------------------+
; Flow Summary                                                                         ;
+------------------------------------+-------------------------------------------------+
; Flow Status                        ; Successful - Thu Sep 17 01:32:36 2026           ;
; Quartus Prime Version              ; 25.1std.0 Build 1129 10/21/2025 SC Lite Edition ;
; Revision Name                      ; usb_host                                        ;
; Top-level Entity Name              ; top                                             ;
; Family                             ; MAX 10                                          ;
; Device                             ; 10M08SCE144C8G                                  ;
; Timing Models                      ; Final                                           ;
; Total logic elements               ; 1,240 / 8,064 ( 15 % )                          ;
;     Total combinational functions  ; 1,100 / 8,064 ( 14 % )                          ;
;     Dedicated logic registers      ; 560 / 8,064 ( 7 % )                             ;
; Total registers                    ; 560                                             ;
; Total pins                         ; 16 / 101 ( 16 % )                               ;
; Total virtual pins                 ; 0                                               ;
; Total memory bits                  ; 512 / 387,072 ( < 1 % )                         ;
; Embedded Multiplier 9-bit elements ; 0 / 48 ( 0 % )                                  ;
; Total PLLs                         ; 1 / 1 ( 100 % )                                 ;
; UFM blocks                         ; 0 / 1 ( 0 % )                                   ;
; ADC blocks                         ; 0                                               ;
+------------------------------------+-------------------------------------------------+


+-----------------------------------------+
; Flow Settings                           ;
+-------------------+---------------------+
; Option            ; Setting             ;
+-------------------+---------------------+
; Start date & time ; 09/17/2026 01:31:00 ;
; Main task         ; Compilation         ;
; Revision Name     ; usb_host            ;
+-------------------+---------------------+


+---------------------------------------------------------------------------------------------------------------------------+
; Flow Non-Default Global Settings                                                                                          ;
+--------------------------+-------------------------------------------------+---------------+-------------+----------------+
; Assignment Name          ; Value                                           ; Default Value ; Entity Name ; Section Id     ;
+--------------------------+-------------------------------------------------+---------------+-------------+----------------+
; COMPILER_SIGNATURE_ID    ; 91769150489.178957626020820                     ; --            ; --          ; --             ;
; EDA_OUTPUT_DATA_FORMAT   ; Systemverilog Hdl                               ; --            ; --          ; eda_simulation ;
; EDA_SIMULATION_TOOL      ; Questa Altera FPGA (SystemVerilog)              ; <None>        ; --          ; --             ;
; EDA_TIME_SCALE           ; 1 ps                                            ; --            ; --          ; eda_simulation ;
; MAX_CORE_JUNCTION_TEMP   ; 85                                              ; --            ; --          ; --             ;
; MIN_CORE_JUNCTION_TEMP   ; 0                                               ; --            ; --          ; --             ;
; MISC_FILE                ; rtl/third_party/nand2mario/usb_hid_host_rom.hex ; --            ; --          ; --             ;
; PROJECT_OUTPUT_DIRECTORY ; output_files                                    ; --            ; --          ; --             ;
; TOP_LEVEL_ENTITY         ; top                                             ; usb_host      ; --          ; --             ;
+--------------------------+-------------------------------------------------+---------------+-------------+----------------+


+--------------------------------------------------------------------------------------------------------------------------+
; Flow Elapsed Time                                                                                                        ;
+----------------------+--------------+-------------------------+---------------------+------------------------------------+
; Module Name          ; Elapsed Time ; Average Processors Used ; Peak Virtual Memory ; Total CPU Time (on all processors) ;
+----------------------+--------------+-------------------------+---------------------+------------------------------------+
; Analysis & Synthesis ; 00:00:53     ; 1.0                     ; 4924 MB             ; 00:01:32                           ;
; Fitter               ; 00:00:17     ; 1.4                     ; 6549 MB             ; 00:00:28                           ;
; Assembler            ; 00:00:03     ; 1.0                     ; 4700 MB             ; 00:00:03                           ;
; Power Analyzer       ; 00:00:08     ; 1.2                     ; 5015 MB             ; 00:00:09                           ;
; Timing Analyzer      ; 00:00:05     ; 1.4                     ; 4962 MB             ; 00:00:06                           ;
; EDA Netlist Writer   ; 00:00:03     ; 1.0                     ; 4669 MB             ; 00:00:03                           ;
; Total                ; 00:01:29     ; --                      ; --                  ; 00:02:21                           ;
+----------------------+--------------+-------------------------+---------------------+------------------------------------+


+------------------------------------------------------------------------------------+
; Flow OS Summary                                                                    ;
+----------------------+------------------+------------+------------+----------------+
; Module Name          ; Machine Hostname ; OS Name    ; OS Version ; Processor type ;
+----------------------+------------------+------------+------------+----------------+
; Analysis & Synthesis ; DESKTOP-FASJBQ2  ; Windows 10 ; 10.0       ; x86_64         ;
; Fitter               ; DESKTOP-FASJBQ2  ; Windows 10 ; 10.0       ; x86_64         ;
; Assembler            ; DESKTOP-FASJBQ2  ; Windows 10 ; 10.0       ; x86_64         ;
; Power Analyzer       ; DESKTOP-FASJBQ2  ; Windows 10 ; 10.0       ; x86_64         ;
; Timing Analyzer      ; DESKTOP-FASJBQ2  ; Windows 10 ; 10.0       ; x86_64         ;
; EDA Netlist Writer   ; DESKTOP-FASJBQ2  ; Windows 10 ; 10.0       ; x86_64         ;
+----------------------+------------------+------------+------------+----------------+


------------
; Flow Log ;
------------
quartus_map --read_settings_files=on --write_settings_files=off usb_host -c usb_host
quartus_fit --read_settings_files=off --write_settings_files=off usb_host -c usb_host
quartus_asm --read_settings_files=off --write_settings_files=off usb_host -c usb_host
quartus_pow --read_settings_files=off --write_settings_files=off usb_host -c usb_host
quartus_sta usb_host -c usb_host
quartus_eda --read_settings_files=off --write_settings_files=off usb_host -c usb_host



