Analysis & Synthesis report for lcd_game
Wed Sep 23 16:06:57 2026
Quartus Prime Version 25.1std.0 Build 1129 10/21/2025 SC Lite Edition


---------------------
; Table of Contents ;
---------------------
  1. Legal Notice
  2. Analysis & Synthesis Summary
  3. Analysis & Synthesis Settings
  4. Parallel Compilation
  5. Analysis & Synthesis Source Files Read
  6. Analysis & Synthesis Resource Usage Summary
  7. Analysis & Synthesis Resource Utilization by Entity
  8. State Machine - |lcd_test_top|frame_seq:u_fseq|state
  9. State Machine - |lcd_test_top|lcd_ili9341_ctrl:u_lcd|state
 10. State Machine - |lcd_test_top|lcd_ili9341_ctrl:u_lcd|spi_byte_master:u_spi|state
 11. Registers Removed During Synthesis
 12. Removed Registers Triggering Further Register Optimizations
 13. General Register Statistics
 14. Multiplexer Restructuring Statistics (Restructuring Performed)
 15. Parameter Settings for User Entity Instance: Top-level Entity: |lcd_test_top
 16. Parameter Settings for User Entity Instance: reset_sync:u_reset
 17. Parameter Settings for User Entity Instance: debounce:u_debounce
 18. Parameter Settings for User Entity Instance: framebuffer:u_fb
 19. Parameter Settings for User Entity Instance: framebuffer_pixel_src:u_pixsrc
 20. Parameter Settings for User Entity Instance: lcd_ili9341_ctrl:u_lcd
 21. Parameter Settings for User Entity Instance: lcd_ili9341_ctrl:u_lcd|spi_byte_master:u_spi
 22. Parameter Settings for User Entity Instance: frame_seq:u_fseq
 23. Parameter Settings for Inferred Entity Instance: lcd_ili9341_ctrl:u_lcd|lpm_mult:Mult0
 24. lpm_mult Parameter Settings by Entity Instance
 25. Port Connectivity Checks: "frame_seq:u_fseq"
 26. Port Connectivity Checks: "framebuffer:u_fb"
 27. Post-Synthesis Netlist Statistics for Top Partition
 28. Elapsed Time Per Partition
 29. Analysis & Synthesis Messages



----------------
; Legal Notice ;
----------------
Copyright (C) 2025  Altera Corporation. All rights reserved.
Your use of Altera Corporation's design tools, logic functions 
and other software and tools, and any partner logic 
functions, and any output files from any of the foregoing 
(including device programming or simulation files), and any 
associated documentation or information are expressly subject 
to the terms and conditions of the Altera Program License 
Subscription Agreement, the Altera Quartus Prime License Agreement,
the Altera IP License Agreement, or other applicable license
agreement, including, without limitation, that your use is for
the sole purpose of programming logic devices manufactured by
Altera and sold by Altera or its authorized distributors.  Please
refer to the Altera Software License Subscription Agreements 
on the Quartus Prime software download page.



+--------------------------------------------------------------------------------------+
; Analysis & Synthesis Summary                                                         ;
+------------------------------------+-------------------------------------------------+
; Analysis & Synthesis Status        ; Successful - Wed Sep 23 16:06:57 2026           ;
; Quartus Prime Version              ; 25.1std.0 Build 1129 10/21/2025 SC Lite Edition ;
; Revision Name                      ; lcd_game                                        ;
; Top-level Entity Name              ; lcd_test_top                                    ;
; Family                             ; MAX 10                                          ;
; Total logic elements               ; 461                                             ;
;     Total combinational functions  ; 458                                             ;
;     Dedicated logic registers      ; 196                                             ;
; Total registers                    ; 196                                             ;
; Total pins                         ; 13                                              ;
; Total virtual pins                 ; 0                                               ;
; Total memory bits                  ; 0                                               ;
; Embedded Multiplier 9-bit elements ; 0                                               ;
; Total PLLs                         ; 0                                               ;
; UFM blocks                         ; 0                                               ;
; ADC blocks                         ; 0                                               ;
+------------------------------------+-------------------------------------------------+


+------------------------------------------------------------------------------------------------------------+
; Analysis & Synthesis Settings                                                                              ;
+------------------------------------------------------------------+--------------------+--------------------+
; Option                                                           ; Setting            ; Default Value      ;
+------------------------------------------------------------------+--------------------+--------------------+
; Device                                                           ; 10M08SCE144C8G     ;                    ;
; Top-level entity name                                            ; lcd_test_top       ; lcd_game           ;
; Family name                                                      ; MAX 10             ; Cyclone V          ;
; Maximum processors allowed for parallel compilation              ; All                ;                    ;
; Use smart compilation                                            ; Off                ; Off                ;
; Enable parallel Assembler and Timing Analyzer during compilation ; On                 ; On                 ;
; Enable compact report table                                      ; Off                ; Off                ;
; Restructure Multiplexers                                         ; Auto               ; Auto               ;
; Create Debugging Nodes for IP Cores                              ; Off                ; Off                ;
; Preserve fewer node names                                        ; On                 ; On                 ;
; Intel FPGA IP Evaluation Mode                                    ; Enable             ; Enable             ;
; Verilog Version                                                  ; Verilog_2001       ; Verilog_2001       ;
; VHDL Version                                                     ; VHDL_1993          ; VHDL_1993          ;
; State Machine Processing                                         ; Auto               ; Auto               ;
; Safe State Machine                                               ; Off                ; Off                ;
; Extract Verilog State Machines                                   ; On                 ; On                 ;
; Extract VHDL State Machines                                      ; On                 ; On                 ;
; Ignore Verilog initial constructs                                ; Off                ; Off                ;
; Iteration limit for constant Verilog loops                       ; 5000               ; 5000               ;
; Iteration limit for non-constant Verilog loops                   ; 250                ; 250                ;
; Add Pass-Through Logic to Inferred RAMs                          ; On                 ; On                 ;
; Infer RAMs from Raw Logic                                        ; On                 ; On                 ;
; Parallel Synthesis                                               ; On                 ; On                 ;
; DSP Block Balancing                                              ; Auto               ; Auto               ;
; NOT Gate Push-Back                                               ; On                 ; On                 ;
; Power-Up Don't Care                                              ; On                 ; On                 ;
; Remove Redundant Logic Cells                                     ; Off                ; Off                ;
; Remove Duplicate Registers                                       ; On                 ; On                 ;
; Ignore CARRY Buffers                                             ; Off                ; Off                ;
; Ignore CASCADE Buffers                                           ; Off                ; Off                ;
; Ignore GLOBAL Buffers                                            ; Off                ; Off                ;
; Ignore ROW GLOBAL Buffers                                        ; Off                ; Off                ;
; Ignore LCELL Buffers                                             ; Off                ; Off                ;
; Ignore SOFT Buffers                                              ; On                 ; On                 ;
; Limit AHDL Integers to 32 Bits                                   ; Off                ; Off                ;
; Optimization Technique                                           ; Balanced           ; Balanced           ;
; Carry Chain Length                                               ; 70                 ; 70                 ;
; Auto Carry Chains                                                ; On                 ; On                 ;
; Auto Open-Drain Pins                                             ; On                 ; On                 ;
; Perform WYSIWYG Primitive Resynthesis                            ; Off                ; Off                ;
; Auto ROM Replacement                                             ; On                 ; On                 ;
; Auto RAM Replacement                                             ; On                 ; On                 ;
; Auto DSP Block Replacement                                       ; On                 ; On                 ;
; Auto Shift Register Replacement                                  ; Auto               ; Auto               ;
; Allow Shift Register Merging across Hierarchies                  ; Auto               ; Auto               ;
; Auto Clock Enable Replacement                                    ; On                 ; On                 ;
; Strict RAM Replacement                                           ; Off                ; Off                ;
; Allow Synchronous Control Signals                                ; On                 ; On                 ;
; Force Use of Synchronous Clear Signals                           ; Off                ; Off                ;
; Auto RAM Block Balancing                                         ; On                 ; On                 ;
; Auto RAM to Logic Cell Conversion                                ; Off                ; Off                ;
; Auto Resource Sharing                                            ; Off                ; Off                ;
; Allow Any RAM Size For Recognition                               ; Off                ; Off                ;
; Allow Any ROM Size For Recognition                               ; Off                ; Off                ;
; Allow Any Shift Register Size For Recognition                    ; Off                ; Off                ;
; Use LogicLock Constraints during Resource Balancing              ; On                 ; On                 ;
; Ignore translate_off and synthesis_off directives                ; Off                ; Off                ;
; Timing-Driven Synthesis                                          ; On                 ; On                 ;
; Report Parameter Settings                                        ; On                 ; On                 ;
; Report Source Assignments                                        ; On                 ; On                 ;
; Report Connectivity Checks                                       ; On                 ; On                 ;
; Ignore Maximum Fan-Out Assignments                               ; Off                ; Off                ;
; Synchronization Register Chain Length                            ; 2                  ; 2                  ;
; Power Optimization During Synthesis                              ; Normal compilation ; Normal compilation ;
; HDL message level                                                ; Level2             ; Level2             ;
; Suppress Register Optimization Related Messages                  ; Off                ; Off                ;
; Number of Removed Registers Reported in Synthesis Report         ; 5000               ; 5000               ;
; Number of Swept Nodes Reported in Synthesis Report               ; 5000               ; 5000               ;
; Number of Inverted Registers Reported in Synthesis Report        ; 100                ; 100                ;
; Clock MUX Protection                                             ; On                 ; On                 ;
; Auto Gated Clock Conversion                                      ; Off                ; Off                ;
; Block Design Naming                                              ; Auto               ; Auto               ;
; SDC constraint protection                                        ; Off                ; Off                ;
; Synthesis Effort                                                 ; Auto               ; Auto               ;
; Shift Register Replacement - Allow Asynchronous Clear Signal     ; On                 ; On                 ;
; Pre-Mapping Resynthesis Optimization                             ; Off                ; Off                ;
; Analysis & Synthesis Message Level                               ; Medium             ; Medium             ;
; Disable Register Merging Across Hierarchies                      ; Auto               ; Auto               ;
; Resource Aware Inference For Block RAM                           ; On                 ; On                 ;
+------------------------------------------------------------------+--------------------+--------------------+


+------------------------------------------+
; Parallel Compilation                     ;
+----------------------------+-------------+
; Processors                 ; Number      ;
+----------------------------+-------------+
; Number detected on machine ; 36          ;
; Maximum allowed            ; 16          ;
;                            ;             ;
; Average used               ; 1.00        ;
; Maximum used               ; 16          ;
;                            ;             ;
; Usage by Processor         ; % Time Used ;
;     Processor 1            ; 100.0%      ;
;     Processor 2            ;   0.0%      ;
;     Processor 3            ;   0.0%      ;
;     Processor 4            ;   0.0%      ;
;     Processor 5            ;   0.0%      ;
;     Processor 6            ;   0.0%      ;
;     Processor 7            ;   0.0%      ;
;     Processor 8            ;   0.0%      ;
;     Processors 9-16        ;   0.0%      ;
+----------------------------+-------------+


+------------------------------------------------------------------------------------------------------------------------------------------------------------------------------+
; Analysis & Synthesis Source Files Read                                                                                                                                       ;
+----------------------------------+-----------------+------------------------------+--------------------------------------------------------------------------------+---------+
; File Name with User-Entered Path ; Used in Netlist ; File Type                    ; File Name with Absolute Path                                                   ; Library ;
+----------------------------------+-----------------+------------------------------+--------------------------------------------------------------------------------+---------+
; rtl/lcd_test_top.sv              ; yes             ; User SystemVerilog HDL File  ; H:/git/PCB_CQmax10/CQmax10/sample/lcd_game/rtl/lcd_test_top.sv                 ;         ;
; rtl/lcd_ili9341_ctrl.sv          ; yes             ; User SystemVerilog HDL File  ; H:/git/PCB_CQmax10/CQmax10/sample/lcd_game/rtl/lcd_ili9341_ctrl.sv             ;         ;
; rtl/spi_byte_master.sv           ; yes             ; User SystemVerilog HDL File  ; H:/git/PCB_CQmax10/CQmax10/sample/lcd_game/rtl/spi_byte_master.sv              ;         ;
; rtl/framebuffer.v                ; yes             ; User SystemVerilog HDL File  ; H:/git/PCB_CQmax10/CQmax10/sample/lcd_game/rtl/framebuffer.v                   ;         ;
; rtl/framebuffer_pixel_src.sv     ; yes             ; User SystemVerilog HDL File  ; H:/git/PCB_CQmax10/CQmax10/sample/lcd_game/rtl/framebuffer_pixel_src.sv        ;         ;
; rtl/frame_seq.sv                 ; yes             ; User SystemVerilog HDL File  ; H:/git/PCB_CQmax10/CQmax10/sample/lcd_game/rtl/frame_seq.sv                    ;         ;
; rtl/reset_sync.sv                ; yes             ; User SystemVerilog HDL File  ; H:/git/PCB_CQmax10/CQmax10/sample/lcd_game/rtl/reset_sync.sv                   ;         ;
; rtl/debounce.sv                  ; yes             ; User SystemVerilog HDL File  ; H:/git/PCB_CQmax10/CQmax10/sample/lcd_game/rtl/debounce.sv                     ;         ;
; lpm_mult.tdf                     ; yes             ; Megafunction                 ; h:/altera_lite/25.1std/quartus/libraries/megafunctions/lpm_mult.tdf            ;         ;
; aglobal251.inc                   ; yes             ; Megafunction                 ; h:/altera_lite/25.1std/quartus/libraries/megafunctions/aglobal251.inc          ;         ;
; lpm_add_sub.inc                  ; yes             ; Megafunction                 ; h:/altera_lite/25.1std/quartus/libraries/megafunctions/lpm_add_sub.inc         ;         ;
; multcore.inc                     ; yes             ; Megafunction                 ; h:/altera_lite/25.1std/quartus/libraries/megafunctions/multcore.inc            ;         ;
; bypassff.inc                     ; yes             ; Megafunction                 ; h:/altera_lite/25.1std/quartus/libraries/megafunctions/bypassff.inc            ;         ;
; altshift.inc                     ; yes             ; Megafunction                 ; h:/altera_lite/25.1std/quartus/libraries/megafunctions/altshift.inc            ;         ;
; multcore.tdf                     ; yes             ; Megafunction                 ; h:/altera_lite/25.1std/quartus/libraries/megafunctions/multcore.tdf            ;         ;
; csa_add.inc                      ; yes             ; Megafunction                 ; h:/altera_lite/25.1std/quartus/libraries/megafunctions/csa_add.inc             ;         ;
; mpar_add.inc                     ; yes             ; Megafunction                 ; h:/altera_lite/25.1std/quartus/libraries/megafunctions/mpar_add.inc            ;         ;
; muleabz.inc                      ; yes             ; Megafunction                 ; h:/altera_lite/25.1std/quartus/libraries/megafunctions/muleabz.inc             ;         ;
; mul_lfrg.inc                     ; yes             ; Megafunction                 ; h:/altera_lite/25.1std/quartus/libraries/megafunctions/mul_lfrg.inc            ;         ;
; mul_boothc.inc                   ; yes             ; Megafunction                 ; h:/altera_lite/25.1std/quartus/libraries/megafunctions/mul_boothc.inc          ;         ;
; alt_ded_mult.inc                 ; yes             ; Megafunction                 ; h:/altera_lite/25.1std/quartus/libraries/megafunctions/alt_ded_mult.inc        ;         ;
; alt_ded_mult_y.inc               ; yes             ; Megafunction                 ; h:/altera_lite/25.1std/quartus/libraries/megafunctions/alt_ded_mult_y.inc      ;         ;
; dffpipe.inc                      ; yes             ; Megafunction                 ; h:/altera_lite/25.1std/quartus/libraries/megafunctions/dffpipe.inc             ;         ;
; mpar_add.tdf                     ; yes             ; Megafunction                 ; h:/altera_lite/25.1std/quartus/libraries/megafunctions/mpar_add.tdf            ;         ;
; lpm_add_sub.tdf                  ; yes             ; Megafunction                 ; h:/altera_lite/25.1std/quartus/libraries/megafunctions/lpm_add_sub.tdf         ;         ;
; addcore.inc                      ; yes             ; Megafunction                 ; h:/altera_lite/25.1std/quartus/libraries/megafunctions/addcore.inc             ;         ;
; look_add.inc                     ; yes             ; Megafunction                 ; h:/altera_lite/25.1std/quartus/libraries/megafunctions/look_add.inc            ;         ;
; alt_stratix_add_sub.inc          ; yes             ; Megafunction                 ; h:/altera_lite/25.1std/quartus/libraries/megafunctions/alt_stratix_add_sub.inc ;         ;
; db/add_sub_arg.tdf               ; yes             ; Auto-Generated Megafunction  ; H:/git/PCB_CQmax10/CQmax10/sample/lcd_game/db/add_sub_arg.tdf                  ;         ;
; altshift.tdf                     ; yes             ; Megafunction                 ; h:/altera_lite/25.1std/quartus/libraries/megafunctions/altshift.tdf            ;         ;
+----------------------------------+-----------------+------------------------------+--------------------------------------------------------------------------------+---------+


+---------------------------------------------------------+
; Analysis & Synthesis Resource Usage Summary             ;
+---------------------------------------------+-----------+
; Resource                                    ; Usage     ;
+---------------------------------------------+-----------+
; Estimated Total logic elements              ; 461       ;
;                                             ;           ;
; Total combinational functions               ; 458       ;
; Logic element usage by number of LUT inputs ;           ;
;     -- 4 input functions                    ; 193       ;
;     -- 3 input functions                    ; 103       ;
;     -- <=2 input functions                  ; 162       ;
;                                             ;           ;
; Logic elements by mode                      ;           ;
;     -- normal mode                          ; 321       ;
;     -- arithmetic mode                      ; 137       ;
;                                             ;           ;
; Total registers                             ; 196       ;
;     -- Dedicated logic registers            ; 196       ;
;     -- I/O registers                        ; 0         ;
;                                             ;           ;
; I/O pins                                    ; 13        ;
;                                             ;           ;
; Embedded Multiplier 9-bit elements          ; 0         ;
;                                             ;           ;
; Maximum fan-out node                        ; clk~input ;
; Maximum fan-out                             ; 196       ;
; Total fan-out                               ; 2153      ;
; Average fan-out                             ; 3.17      ;
+---------------------------------------------+-----------+


+-------------------------------------------------------------------------------------------------------------------------------------------------------------------------------------------------------------------------------------------------------------------------------------------------------------------------------------------------------------------------------------+
; Analysis & Synthesis Resource Utilization by Entity                                                                                                                                                                                                                                                                                                                                 ;
+------------------------------------------------+---------------------+---------------------------+-------------+------------+--------------+---------+-----------+------+--------------+------------+----------------------------------------------------------------------------------------------------------------------------------------+-----------------------+--------------+
; Compilation Hierarchy Node                     ; Combinational ALUTs ; Dedicated Logic Registers ; Memory Bits ; UFM Blocks ; DSP Elements ; DSP 9x9 ; DSP 18x18 ; Pins ; Virtual Pins ; ADC blocks ; Full Hierarchy Name                                                                                                                    ; Entity Name           ; Library Name ;
+------------------------------------------------+---------------------+---------------------------+-------------+------------+--------------+---------+-----------+------+--------------+------------+----------------------------------------------------------------------------------------------------------------------------------------+-----------------------+--------------+
; |lcd_test_top                                  ; 458 (3)             ; 196 (2)                   ; 0           ; 0          ; 0            ; 0       ; 0         ; 13   ; 0            ; 0          ; |lcd_test_top                                                                                                                          ; lcd_test_top          ; work         ;
;    |debounce:u_debounce|                       ; 31 (31)             ; 23 (23)                   ; 0           ; 0          ; 0            ; 0       ; 0         ; 0    ; 0            ; 0          ; |lcd_test_top|debounce:u_debounce                                                                                                      ; debounce              ; work         ;
;    |frame_seq:u_fseq|                          ; 52 (52)             ; 36 (36)                   ; 0           ; 0          ; 0            ; 0       ; 0         ; 0    ; 0            ; 0          ; |lcd_test_top|frame_seq:u_fseq                                                                                                         ; frame_seq             ; work         ;
;    |framebuffer:u_fb|                          ; 20 (20)             ; 15 (15)                   ; 0           ; 0          ; 0            ; 0       ; 0         ; 0    ; 0            ; 0          ; |lcd_test_top|framebuffer:u_fb                                                                                                         ; framebuffer           ; work         ;
;    |framebuffer_pixel_src:u_pixsrc|            ; 2 (2)               ; 2 (2)                     ; 0           ; 0          ; 0            ; 0       ; 0         ; 0    ; 0            ; 0          ; |lcd_test_top|framebuffer_pixel_src:u_pixsrc                                                                                           ; framebuffer_pixel_src ; work         ;
;    |lcd_ili9341_ctrl:u_lcd|                    ; 350 (261)           ; 115 (96)                  ; 0           ; 0          ; 0            ; 0       ; 0         ; 0    ; 0            ; 0          ; |lcd_test_top|lcd_ili9341_ctrl:u_lcd                                                                                                   ; lcd_ili9341_ctrl      ; work         ;
;       |lpm_mult:Mult0|                         ; 59 (0)              ; 0 (0)                     ; 0           ; 0          ; 0            ; 0       ; 0         ; 0    ; 0            ; 0          ; |lcd_test_top|lcd_ili9341_ctrl:u_lcd|lpm_mult:Mult0                                                                                    ; lpm_mult              ; work         ;
;          |multcore:mult_core|                  ; 59 (27)             ; 0 (0)                     ; 0           ; 0          ; 0            ; 0       ; 0         ; 0    ; 0            ; 0          ; |lcd_test_top|lcd_ili9341_ctrl:u_lcd|lpm_mult:Mult0|multcore:mult_core                                                                 ; multcore              ; work         ;
;             |mpar_add:padder|                  ; 32 (0)              ; 0 (0)                     ; 0           ; 0          ; 0            ; 0       ; 0         ; 0    ; 0            ; 0          ; |lcd_test_top|lcd_ili9341_ctrl:u_lcd|lpm_mult:Mult0|multcore:mult_core|mpar_add:padder                                                 ; mpar_add              ; work         ;
;                |lpm_add_sub:adder[0]|          ; 32 (0)              ; 0 (0)                     ; 0           ; 0          ; 0            ; 0       ; 0         ; 0    ; 0            ; 0          ; |lcd_test_top|lcd_ili9341_ctrl:u_lcd|lpm_mult:Mult0|multcore:mult_core|mpar_add:padder|lpm_add_sub:adder[0]                            ; lpm_add_sub           ; work         ;
;                   |add_sub_arg:auto_generated| ; 32 (32)             ; 0 (0)                     ; 0           ; 0          ; 0            ; 0       ; 0         ; 0    ; 0            ; 0          ; |lcd_test_top|lcd_ili9341_ctrl:u_lcd|lpm_mult:Mult0|multcore:mult_core|mpar_add:padder|lpm_add_sub:adder[0]|add_sub_arg:auto_generated ; add_sub_arg           ; work         ;
;       |spi_byte_master:u_spi|                  ; 30 (30)             ; 19 (19)                   ; 0           ; 0          ; 0            ; 0       ; 0         ; 0    ; 0            ; 0          ; |lcd_test_top|lcd_ili9341_ctrl:u_lcd|spi_byte_master:u_spi                                                                             ; spi_byte_master       ; work         ;
;    |reset_sync:u_reset|                        ; 0 (0)               ; 3 (3)                     ; 0           ; 0          ; 0            ; 0       ; 0         ; 0    ; 0            ; 0          ; |lcd_test_top|reset_sync:u_reset                                                                                                       ; reset_sync            ; work         ;
+------------------------------------------------+---------------------+---------------------------+-------------+------------+--------------+---------+-----------+------+--------------+------------+----------------------------------------------------------------------------------------------------------------------------------------+-----------------------+--------------+
Note: For table entries with two numbers listed, the numbers in parentheses indicate the number of resources of the given type used by the specific entity alone. The numbers listed outside of parentheses indicate the total resources of the given type used by the specific entity and all of its sub-entities in the hierarchy.


Encoding Type:  One-Hot
+-----------------------------------------------------------------------------+
; State Machine - |lcd_test_top|frame_seq:u_fseq|state                        ;
+---------------------+-------------------+-------------+---------------------+
; Name                ; state.F_WAIT_INIT ; state.F_REQ ; state.F_WAIT_PERIOD ;
+---------------------+-------------------+-------------+---------------------+
; state.F_WAIT_INIT   ; 0                 ; 0           ; 0                   ;
; state.F_WAIT_PERIOD ; 1                 ; 0           ; 1                   ;
; state.F_REQ         ; 1                 ; 1           ; 0                   ;
+---------------------+-------------------+-------------+---------------------+


Encoding Type:  One-Hot
+-----------------------------------------------------------------------------------------------------------------------------------------------------------------------------------------------------------------------------------------------------------+
; State Machine - |lcd_test_top|lcd_ili9341_ctrl:u_lcd|state                                                                                                                                                                                                ;
+--------------------+-------------------+------------------+-----------------+-------------------+------------------+-------------------+---------------+--------------------+-------------------+-------------------+-------------------+-----------------+
; Name               ; state.S_FRAME_END ; state.S_SCAN_TXW ; state.S_SCAN_TX ; state.S_SCAN_WAIT ; state.S_SCAN_REQ ; state.S_FRAME_HDR ; state.S_READY ; state.S_INIT_DELAY ; state.S_INIT_WAIT ; state.S_INIT_SEND ; state.S_INIT_STEP ; state.S_POWERON ;
+--------------------+-------------------+------------------+-----------------+-------------------+------------------+-------------------+---------------+--------------------+-------------------+-------------------+-------------------+-----------------+
; state.S_POWERON    ; 0                 ; 0                ; 0               ; 0                 ; 0                ; 0                 ; 0             ; 0                  ; 0                 ; 0                 ; 0                 ; 0               ;
; state.S_INIT_STEP  ; 0                 ; 0                ; 0               ; 0                 ; 0                ; 0                 ; 0             ; 0                  ; 0                 ; 0                 ; 1                 ; 1               ;
; state.S_INIT_SEND  ; 0                 ; 0                ; 0               ; 0                 ; 0                ; 0                 ; 0             ; 0                  ; 0                 ; 1                 ; 0                 ; 1               ;
; state.S_INIT_WAIT  ; 0                 ; 0                ; 0               ; 0                 ; 0                ; 0                 ; 0             ; 0                  ; 1                 ; 0                 ; 0                 ; 1               ;
; state.S_INIT_DELAY ; 0                 ; 0                ; 0               ; 0                 ; 0                ; 0                 ; 0             ; 1                  ; 0                 ; 0                 ; 0                 ; 1               ;
; state.S_READY      ; 0                 ; 0                ; 0               ; 0                 ; 0                ; 0                 ; 1             ; 0                  ; 0                 ; 0                 ; 0                 ; 1               ;
; state.S_FRAME_HDR  ; 0                 ; 0                ; 0               ; 0                 ; 0                ; 1                 ; 0             ; 0                  ; 0                 ; 0                 ; 0                 ; 1               ;
; state.S_SCAN_REQ   ; 0                 ; 0                ; 0               ; 0                 ; 1                ; 0                 ; 0             ; 0                  ; 0                 ; 0                 ; 0                 ; 1               ;
; state.S_SCAN_WAIT  ; 0                 ; 0                ; 0               ; 1                 ; 0                ; 0                 ; 0             ; 0                  ; 0                 ; 0                 ; 0                 ; 1               ;
; state.S_SCAN_TX    ; 0                 ; 0                ; 1               ; 0                 ; 0                ; 0                 ; 0             ; 0                  ; 0                 ; 0                 ; 0                 ; 1               ;
; state.S_SCAN_TXW   ; 0                 ; 1                ; 0               ; 0                 ; 0                ; 0                 ; 0             ; 0                  ; 0                 ; 0                 ; 0                 ; 1               ;
; state.S_FRAME_END  ; 1                 ; 0                ; 0               ; 0                 ; 0                ; 0                 ; 0             ; 0                  ; 0                 ; 0                 ; 0                 ; 1               ;
+--------------------+-------------------+------------------+-----------------+-------------------+------------------+-------------------+---------------+--------------------+-------------------+-------------------+-------------------+-----------------+


Encoding Type:  One-Hot
+----------------------------------------------------------------------------------+
; State Machine - |lcd_test_top|lcd_ili9341_ctrl:u_lcd|spi_byte_master:u_spi|state ;
+--------------+--------------+--------------+-------------------------------------+
; Name         ; state.S_IDLE ; state.S_HIGH ; state.S_LOW                         ;
+--------------+--------------+--------------+-------------------------------------+
; state.S_IDLE ; 0            ; 0            ; 0                                   ;
; state.S_LOW  ; 1            ; 0            ; 1                                   ;
; state.S_HIGH ; 1            ; 1            ; 0                                   ;
+--------------+--------------+--------------+-------------------------------------+


+----------------------------------------------------------------------------------------------------------------+
; Registers Removed During Synthesis                                                                             ;
+------------------------------------------------------+---------------------------------------------------------+
; Register name                                        ; Reason for Removal                                      ;
+------------------------------------------------------+---------------------------------------------------------+
; framebuffer_pixel_src:u_pixsrc|pix_color[5,8,10..15] ; Stuck at VCC due to stuck port data_in                  ;
; framebuffer_pixel_src:u_pixsrc|raddr0[0..10]         ; Lost fanout                                             ;
; lcd_ili9341_ctrl:u_lcd|cur_color[8,10..15]           ; Merged with lcd_ili9341_ctrl:u_lcd|cur_color[5]         ;
; framebuffer_pixel_src:u_pixsrc|pix_color[1..4,6,7,9] ; Merged with framebuffer_pixel_src:u_pixsrc|pix_color[0] ;
; lcd_ili9341_ctrl:u_lcd|cur_color[1..4,6,7,9]         ; Merged with lcd_ili9341_ctrl:u_lcd|cur_color[0]         ;
; framebuffer_pixel_src:u_pixsrc|pix_color[0]          ; Stuck at GND due to stuck port data_in                  ;
; lcd_ili9341_ctrl:u_lcd|cur_color[0]                  ; Stuck at GND due to stuck port data_in                  ;
; lcd_ili9341_ctrl:u_lcd|pix_x[0,1]                    ; Lost fanout                                             ;
; lcd_ili9341_ctrl:u_lcd|pix_y[0..7]                   ; Lost fanout                                             ;
; lcd_ili9341_ctrl:u_lcd|pix_x[2..8]                   ; Lost fanout                                             ;
; lcd_ili9341_ctrl:u_lcd|row_cnt[0..7]                 ; Lost fanout                                             ;
; lcd_ili9341_ctrl:u_lcd|col_cnt[0..8]                 ; Lost fanout                                             ;
; lcd_ili9341_ctrl:u_lcd|state~14                      ; Lost fanout                                             ;
; lcd_ili9341_ctrl:u_lcd|state~15                      ; Lost fanout                                             ;
; lcd_ili9341_ctrl:u_lcd|state~16                      ; Lost fanout                                             ;
; lcd_ili9341_ctrl:u_lcd|state~17                      ; Lost fanout                                             ;
; Total Number of Removed Registers = 80               ;                                                         ;
+------------------------------------------------------+---------------------------------------------------------+


+------------------------------------------------------------------------------------------------------------------+
; Removed Registers Triggering Further Register Optimizations                                                      ;
+---------------------------------------------+---------------------------+----------------------------------------+
; Register name                               ; Reason for Removal        ; Registers Removed due to This Register ;
+---------------------------------------------+---------------------------+----------------------------------------+
; framebuffer_pixel_src:u_pixsrc|pix_color[0] ; Stuck at GND              ; lcd_ili9341_ctrl:u_lcd|cur_color[0]    ;
;                                             ; due to stuck port data_in ;                                        ;
; lcd_ili9341_ctrl:u_lcd|pix_x[1]             ; Lost Fanouts              ; lcd_ili9341_ctrl:u_lcd|col_cnt[1]      ;
; lcd_ili9341_ctrl:u_lcd|pix_x[0]             ; Lost Fanouts              ; lcd_ili9341_ctrl:u_lcd|col_cnt[0]      ;
; lcd_ili9341_ctrl:u_lcd|pix_y[7]             ; Lost Fanouts              ; lcd_ili9341_ctrl:u_lcd|row_cnt[7]      ;
; lcd_ili9341_ctrl:u_lcd|pix_y[6]             ; Lost Fanouts              ; lcd_ili9341_ctrl:u_lcd|row_cnt[6]      ;
; lcd_ili9341_ctrl:u_lcd|pix_y[5]             ; Lost Fanouts              ; lcd_ili9341_ctrl:u_lcd|row_cnt[5]      ;
; lcd_ili9341_ctrl:u_lcd|pix_y[4]             ; Lost Fanouts              ; lcd_ili9341_ctrl:u_lcd|row_cnt[4]      ;
; lcd_ili9341_ctrl:u_lcd|pix_y[3]             ; Lost Fanouts              ; lcd_ili9341_ctrl:u_lcd|row_cnt[3]      ;
; lcd_ili9341_ctrl:u_lcd|pix_y[2]             ; Lost Fanouts              ; lcd_ili9341_ctrl:u_lcd|row_cnt[2]      ;
+---------------------------------------------+---------------------------+----------------------------------------+


+------------------------------------------------------+
; General Register Statistics                          ;
+----------------------------------------------+-------+
; Statistic                                    ; Value ;
+----------------------------------------------+-------+
; Total registers                              ; 196   ;
; Number of registers using Synchronous Clear  ; 130   ;
; Number of registers using Synchronous Load   ; 40    ;
; Number of registers using Asynchronous Clear ; 3     ;
; Number of registers using Asynchronous Load  ; 0     ;
; Number of registers using Clock Enable       ; 146   ;
; Number of registers using Preset             ; 0     ;
+----------------------------------------------+-------+


+------------------------------------------------------------------------------------------------------------------------------------------------------------------------------------+
; Multiplexer Restructuring Statistics (Restructuring Performed)                                                                                                                     ;
+--------------------+-----------+---------------+----------------------+------------------------+------------+----------------------------------------------------------------------+
; Multiplexer Inputs ; Bus Width ; Baseline Area ; Area if Restructured ; Saving if Restructured ; Registered ; Example Multiplexer Output                                           ;
+--------------------+-----------+---------------+----------------------+------------------------+------------+----------------------------------------------------------------------+
; 3:1                ; 14 bits   ; 28 LEs        ; 14 LEs               ; 14 LEs                 ; Yes        ; |lcd_test_top|framebuffer:u_fb|clr_addr[9]                           ;
; 4:1                ; 19 bits   ; 38 LEs        ; 19 LEs               ; 19 LEs                 ; Yes        ; |lcd_test_top|debounce:u_debounce|cnt[18]                            ;
; 6:1                ; 32 bits   ; 128 LEs       ; 32 LEs               ; 96 LEs                 ; Yes        ; |lcd_test_top|frame_seq:u_fseq|timer[15]                             ;
; 6:1                ; 4 bits    ; 16 LEs        ; 8 LEs                ; 8 LEs                  ; Yes        ; |lcd_test_top|lcd_ili9341_ctrl:u_lcd|spi_byte_master:u_spi|bitcnt[2] ;
; 6:1                ; 7 bits    ; 28 LEs        ; 14 LEs               ; 14 LEs                 ; Yes        ; |lcd_test_top|lcd_ili9341_ctrl:u_lcd|spi_byte_master:u_spi|shreg[5]  ;
; 6:1                ; 17 bits   ; 68 LEs        ; 34 LEs               ; 34 LEs                 ; Yes        ; |lcd_test_top|lcd_ili9341_ctrl:u_lcd|pix_left[8]                     ;
; 6:1                ; 4 bits    ; 16 LEs        ; 4 LEs                ; 12 LEs                 ; Yes        ; |lcd_test_top|lcd_ili9341_ctrl:u_lcd|hdr_step[3]                     ;
; 6:1                ; 12 bits   ; 48 LEs        ; 12 LEs               ; 36 LEs                 ; Yes        ; |lcd_test_top|lcd_ili9341_ctrl:u_lcd|delay_cnt[1]                    ;
; 6:1                ; 10 bits   ; 40 LEs        ; 20 LEs               ; 20 LEs                 ; Yes        ; |lcd_test_top|lcd_ili9341_ctrl:u_lcd|delay_cnt[8]                    ;
; 6:1                ; 10 bits   ; 40 LEs        ; 20 LEs               ; 20 LEs                 ; Yes        ; |lcd_test_top|lcd_ili9341_ctrl:u_lcd|delay_cnt[17]                   ;
; 8:1                ; 7 bits    ; 35 LEs        ; 7 LEs                ; 28 LEs                 ; Yes        ; |lcd_test_top|lcd_ili9341_ctrl:u_lcd|init_idx[3]                     ;
; 8:1                ; 6 bits    ; 30 LEs        ; 12 LEs               ; 18 LEs                 ; Yes        ; |lcd_test_top|lcd_ili9341_ctrl:u_lcd|spi_data[6]                     ;
; 8:1                ; 8 bits    ; 40 LEs        ; 8 LEs                ; 32 LEs                 ; Yes        ; |lcd_test_top|lcd_ili9341_ctrl:u_lcd|gap_cnt[0]                      ;
; 5:1                ; 3 bits    ; 9 LEs         ; 6 LEs                ; 3 LEs                  ; No         ; |lcd_test_top|frame_seq:u_fseq|state                                 ;
; 7:1                ; 2 bits    ; 8 LEs         ; 6 LEs                ; 2 LEs                  ; No         ; |lcd_test_top|lcd_ili9341_ctrl:u_lcd|spi_byte_master:u_spi|state     ;
; 16:1               ; 3 bits    ; 30 LEs        ; 9 LEs                ; 21 LEs                 ; No         ; |lcd_test_top|lcd_ili9341_ctrl:u_lcd|state                           ;
+--------------------+-----------+---------------+----------------------+------------------------+------------+----------------------------------------------------------------------+


+------------------------------------------------------------------------------+
; Parameter Settings for User Entity Instance: Top-level Entity: |lcd_test_top ;
+------------------+------------------+----------------------------------------+
; Parameter Name   ; Value            ; Type                                   ;
+------------------+------------------+----------------------------------------+
; CLK_FREQ_HZ      ; 50000000         ; Signed Integer                         ;
; FRAME_PERIOD_MS  ; 250              ; Signed Integer                         ;
; POWERON_WAIT_MS  ; 150              ; Signed Integer                         ;
; SCLK_HALF_CYCLES ; 2                ; Signed Integer                         ;
; MS_SCALE         ; 1                ; Signed Integer                         ;
; MADCTL_VALUE     ; 00101000         ; Unsigned Binary                        ;
; COLOR_BIT0       ; 1111110100100000 ; Unsigned Binary                        ;
; COLOR_BIT1       ; 1111111111111111 ; Unsigned Binary                        ;
; COLOR_INFO       ; 1111110100100000 ; Unsigned Binary                        ;
+------------------+------------------+----------------------------------------+
Note: In order to hide this table in the UI and the text report file, please set the "Show Parameter Settings in Synthesis Report" option in "Analysis and Synthesis Settings -> More Settings" to "Off".


+-----------------------------------------------------------------+
; Parameter Settings for User Entity Instance: reset_sync:u_reset ;
+----------------+-------+----------------------------------------+
; Parameter Name ; Value ; Type                                   ;
+----------------+-------+----------------------------------------+
; SYNC_STAGES    ; 3     ; Signed Integer                         ;
+----------------+-------+----------------------------------------+
Note: In order to hide this table in the UI and the text report file, please set the "Show Parameter Settings in Synthesis Report" option in "Analysis and Synthesis Settings -> More Settings" to "Off".


+------------------------------------------------------------------+
; Parameter Settings for User Entity Instance: debounce:u_debounce ;
+----------------+----------+--------------------------------------+
; Parameter Name ; Value    ; Type                                 ;
+----------------+----------+--------------------------------------+
; CLK_FREQ_HZ    ; 50000000 ; Signed Integer                       ;
; DEBOUNCE_MS    ; 10       ; Signed Integer                       ;
+----------------+----------+--------------------------------------+
Note: In order to hide this table in the UI and the text report file, please set the "Show Parameter Settings in Synthesis Report" option in "Analysis and Synthesis Settings -> More Settings" to "Off".


+---------------------------------------------------------------+
; Parameter Settings for User Entity Instance: framebuffer:u_fb ;
+----------------+-------+--------------------------------------+
; Parameter Name ; Value ; Type                                 ;
+----------------+-------+--------------------------------------+
; FIELD_W        ; 320   ; Signed Integer                       ;
; FIELD_H        ; 200   ; Signed Integer                       ;
; AW             ; 14    ; Signed Integer                       ;
+----------------+-------+--------------------------------------+
Note: In order to hide this table in the UI and the text report file, please set the "Show Parameter Settings in Synthesis Report" option in "Analysis and Synthesis Settings -> More Settings" to "Off".


+-----------------------------------------------------------------------------+
; Parameter Settings for User Entity Instance: framebuffer_pixel_src:u_pixsrc ;
+----------------+------------------+-----------------------------------------+
; Parameter Name ; Value            ; Type                                    ;
+----------------+------------------+-----------------------------------------+
; SCREEN_W       ; 320              ; Signed Integer                          ;
; SCREEN_H       ; 240              ; Signed Integer                          ;
; FIELD_W        ; 320              ; Signed Integer                          ;
; FIELD_H        ; 200              ; Signed Integer                          ;
; AW             ; 14               ; Signed Integer                          ;
; WORDS_PER_ROW  ; 10               ; Signed Integer                          ;
; BG_COLOR       ; 1111110100100000 ; Unsigned Binary                         ;
; FG_COLOR       ; 1111111111111111 ; Unsigned Binary                         ;
; INFO_COLOR     ; 1111110100100000 ; Unsigned Binary                         ;
+----------------+------------------+-----------------------------------------+
Note: In order to hide this table in the UI and the text report file, please set the "Show Parameter Settings in Synthesis Report" option in "Analysis and Synthesis Settings -> More Settings" to "Off".


+---------------------------------------------------------------------+
; Parameter Settings for User Entity Instance: lcd_ili9341_ctrl:u_lcd ;
+------------------+----------+---------------------------------------+
; Parameter Name   ; Value    ; Type                                  ;
+------------------+----------+---------------------------------------+
; SCLK_HALF_CYCLES ; 2        ; Signed Integer                        ;
; CLK_FREQ_HZ      ; 50000000 ; Signed Integer                        ;
; SCREEN_W         ; 320      ; Signed Integer                        ;
; SCREEN_H         ; 240      ; Signed Integer                        ;
; POWERON_WAIT_MS  ; 150      ; Signed Integer                        ;
; MS_SCALE         ; 1        ; Signed Integer                        ;
; MADCTL_VALUE     ; 00101000 ; Unsigned Binary                       ;
+------------------+----------+---------------------------------------+
Note: In order to hide this table in the UI and the text report file, please set the "Show Parameter Settings in Synthesis Report" option in "Analysis and Synthesis Settings -> More Settings" to "Off".


+-------------------------------------------------------------------------------------------+
; Parameter Settings for User Entity Instance: lcd_ili9341_ctrl:u_lcd|spi_byte_master:u_spi ;
+----------------+-------+------------------------------------------------------------------+
; Parameter Name ; Value ; Type                                                             ;
+----------------+-------+------------------------------------------------------------------+
; HALF_PERIOD    ; 2     ; Signed Integer                                                   ;
+----------------+-------+------------------------------------------------------------------+
Note: In order to hide this table in the UI and the text report file, please set the "Show Parameter Settings in Synthesis Report" option in "Analysis and Synthesis Settings -> More Settings" to "Off".


+---------------------------------------------------------------+
; Parameter Settings for User Entity Instance: frame_seq:u_fseq ;
+-----------------+----------+----------------------------------+
; Parameter Name  ; Value    ; Type                             ;
+-----------------+----------+----------------------------------+
; CLK_FREQ_HZ     ; 50000000 ; Signed Integer                   ;
; FRAME_PERIOD_MS ; 250      ; Signed Integer                   ;
; MS_SCALE        ; 1        ; Signed Integer                   ;
+-----------------+----------+----------------------------------+
Note: In order to hide this table in the UI and the text report file, please set the "Show Parameter Settings in Synthesis Report" option in "Analysis and Synthesis Settings -> More Settings" to "Off".


+----------------------------------------------------------------------------------------+
; Parameter Settings for Inferred Entity Instance: lcd_ili9341_ctrl:u_lcd|lpm_mult:Mult0 ;
+------------------------------------------------+----------+----------------------------+
; Parameter Name                                 ; Value    ; Type                       ;
+------------------------------------------------+----------+----------------------------+
; AUTO_CARRY_CHAINS                              ; ON       ; AUTO_CARRY                 ;
; IGNORE_CARRY_BUFFERS                           ; OFF      ; IGNORE_CARRY               ;
; AUTO_CASCADE_CHAINS                            ; ON       ; AUTO_CASCADE               ;
; IGNORE_CASCADE_BUFFERS                         ; OFF      ; IGNORE_CASCADE             ;
; LPM_WIDTHA                                     ; 8        ; Untyped                    ;
; LPM_WIDTHB                                     ; 16       ; Untyped                    ;
; LPM_WIDTHP                                     ; 24       ; Untyped                    ;
; LPM_WIDTHR                                     ; 24       ; Untyped                    ;
; LPM_WIDTHS                                     ; 1        ; Untyped                    ;
; LPM_REPRESENTATION                             ; UNSIGNED ; Untyped                    ;
; LPM_PIPELINE                                   ; 0        ; Untyped                    ;
; LATENCY                                        ; 0        ; Untyped                    ;
; INPUT_A_IS_CONSTANT                            ; NO       ; Untyped                    ;
; INPUT_B_IS_CONSTANT                            ; YES      ; Untyped                    ;
; USE_EAB                                        ; OFF      ; Untyped                    ;
; MAXIMIZE_SPEED                                 ; 6        ; Untyped                    ;
; DEVICE_FAMILY                                  ; MAX 10   ; Untyped                    ;
; CARRY_CHAIN                                    ; MANUAL   ; Untyped                    ;
; APEX20K_TECHNOLOGY_MAPPER                      ; LUT      ; TECH_MAPPER_APEX20K        ;
; DEDICATED_MULTIPLIER_CIRCUITRY                 ; AUTO     ; Untyped                    ;
; DEDICATED_MULTIPLIER_MIN_INPUT_WIDTH_FOR_AUTO  ; 0        ; Untyped                    ;
; DEDICATED_MULTIPLIER_MIN_OUTPUT_WIDTH_FOR_AUTO ; 0        ; Untyped                    ;
; CBXI_PARAMETER                                 ; NOTHING  ; Untyped                    ;
; INPUT_A_FIXED_VALUE                            ; Bx       ; Untyped                    ;
; INPUT_B_FIXED_VALUE                            ; Bx       ; Untyped                    ;
; USE_AHDL_IMPLEMENTATION                        ; OFF      ; Untyped                    ;
+------------------------------------------------+----------+----------------------------+
Note: In order to hide this table in the UI and the text report file, please set the "Show Parameter Settings in Synthesis Report" option in "Analysis and Synthesis Settings -> More Settings" to "Off".


+-------------------------------------------------------------------------------+
; lpm_mult Parameter Settings by Entity Instance                                ;
+---------------------------------------+---------------------------------------+
; Name                                  ; Value                                 ;
+---------------------------------------+---------------------------------------+
; Number of entity instances            ; 1                                     ;
; Entity Instance                       ; lcd_ili9341_ctrl:u_lcd|lpm_mult:Mult0 ;
;     -- LPM_WIDTHA                     ; 8                                     ;
;     -- LPM_WIDTHB                     ; 16                                    ;
;     -- LPM_WIDTHP                     ; 24                                    ;
;     -- LPM_REPRESENTATION             ; UNSIGNED                              ;
;     -- INPUT_A_IS_CONSTANT            ; NO                                    ;
;     -- INPUT_B_IS_CONSTANT            ; YES                                   ;
;     -- USE_EAB                        ; OFF                                   ;
;     -- DEDICATED_MULTIPLIER_CIRCUITRY ; AUTO                                  ;
;     -- INPUT_A_FIXED_VALUE            ; Bx                                    ;
;     -- INPUT_B_FIXED_VALUE            ; Bx                                    ;
+---------------------------------------+---------------------------------------+


+------------------------------------------------------------------------------------------------------------------------+
; Port Connectivity Checks: "frame_seq:u_fseq"                                                                           ;
+--------------+--------+----------+-------------------------------------------------------------------------------------+
; Port         ; Type   ; Severity ; Details                                                                             ;
+--------------+--------+----------+-------------------------------------------------------------------------------------+
; frame_active ; Output ; Info     ; Connected to dangling logic. Logic that only feeds a dangling port will be removed. ;
+--------------+--------+----------+-------------------------------------------------------------------------------------+


+----------------------------------------------+
; Port Connectivity Checks: "framebuffer:u_fb" ;
+---------+-------+----------+-----------------+
; Port    ; Type  ; Severity ; Details         ;
+---------+-------+----------+-----------------+
; wr_en   ; Input ; Info     ; Stuck at GND    ;
; wr_addr ; Input ; Info     ; Stuck at GND    ;
; wr_data ; Input ; Info     ; Stuck at GND    ;
+---------+-------+----------+-----------------+


+-----------------------------------------------------+
; Post-Synthesis Netlist Statistics for Top Partition ;
+-----------------------+-----------------------------+
; Type                  ; Count                       ;
+-----------------------+-----------------------------+
; boundary_port         ; 13                          ;
; cycloneiii_ff         ; 196                         ;
;     CLR               ; 3                           ;
;     ENA               ; 16                          ;
;     ENA SCLR          ; 97                          ;
;     ENA SCLR SLD      ; 6                           ;
;     ENA SLD           ; 27                          ;
;     SCLR              ; 25                          ;
;     SCLR SLD          ; 2                           ;
;     SLD               ; 5                           ;
;     plain             ; 15                          ;
; cycloneiii_lcell_comb ; 463                         ;
;     arith             ; 137                         ;
;         2 data inputs ; 125                         ;
;         3 data inputs ; 12                          ;
;     normal            ; 326                         ;
;         0 data inputs ; 1                           ;
;         1 data inputs ; 13                          ;
;         2 data inputs ; 28                          ;
;         3 data inputs ; 91                          ;
;         4 data inputs ; 193                         ;
;                       ;                             ;
; Max LUT depth         ; 8.50                        ;
; Average LUT depth     ; 4.34                        ;
+-----------------------+-----------------------------+


+-------------------------------+
; Elapsed Time Per Partition    ;
+----------------+--------------+
; Partition Name ; Elapsed Time ;
+----------------+--------------+
; Top            ; 00:00:02     ;
+----------------+--------------+


+-------------------------------+
; Analysis & Synthesis Messages ;
+-------------------------------+
Info: *******************************************************************
Info: Running Quartus Prime Analysis & Synthesis
    Info: Version 25.1std.0 Build 1129 10/21/2025 SC Lite Edition
    Info: Processing started: Wed Sep 23 16:06:45 2026
Info: Command: quartus_map --read_settings_files=on --write_settings_files=off lcd_game -c lcd_game
Info (20030): Parallel compilation is enabled and will use 16 of the 16 processors detected
Info (12021): Found 1 design units, including 1 entities, in source file rtl/lcd_test_top.sv
    Info (12023): Found entity 1: lcd_test_top File: H:/git/PCB_CQmax10/CQmax10/sample/lcd_game/rtl/lcd_test_top.sv Line: 21
Info (12021): Found 1 design units, including 1 entities, in source file rtl/lcd_ili9341_ctrl.sv
    Info (12023): Found entity 1: lcd_ili9341_ctrl File: H:/git/PCB_CQmax10/CQmax10/sample/lcd_game/rtl/lcd_ili9341_ctrl.sv Line: 29
Info (12021): Found 1 design units, including 1 entities, in source file rtl/spi_byte_master.sv
    Info (12023): Found entity 1: spi_byte_master File: H:/git/PCB_CQmax10/CQmax10/sample/lcd_game/rtl/spi_byte_master.sv Line: 5
Info (12021): Found 1 design units, including 1 entities, in source file rtl/framebuffer.v
    Info (12023): Found entity 1: framebuffer File: H:/git/PCB_CQmax10/CQmax10/sample/lcd_game/rtl/framebuffer.v Line: 10
Info (12021): Found 1 design units, including 1 entities, in source file rtl/framebuffer_pixel_src.sv
    Info (12023): Found entity 1: framebuffer_pixel_src File: H:/git/PCB_CQmax10/CQmax10/sample/lcd_game/rtl/framebuffer_pixel_src.sv Line: 20
Info (12021): Found 1 design units, including 1 entities, in source file rtl/frame_seq.sv
    Info (12023): Found entity 1: frame_seq File: H:/git/PCB_CQmax10/CQmax10/sample/lcd_game/rtl/frame_seq.sv Line: 7
Info (12021): Found 1 design units, including 1 entities, in source file rtl/reset_sync.sv
    Info (12023): Found entity 1: reset_sync File: H:/git/PCB_CQmax10/CQmax10/sample/lcd_game/rtl/reset_sync.sv Line: 6
Info (12021): Found 1 design units, including 1 entities, in source file rtl/debounce.sv
    Info (12023): Found entity 1: debounce File: H:/git/PCB_CQmax10/CQmax10/sample/lcd_game/rtl/debounce.sv Line: 6
Info (12127): Elaborating entity "lcd_test_top" for the top level hierarchy
Info (12128): Elaborating entity "reset_sync" for hierarchy "reset_sync:u_reset" File: H:/git/PCB_CQmax10/CQmax10/sample/lcd_game/rtl/lcd_test_top.sv Line: 58
Info (12128): Elaborating entity "debounce" for hierarchy "debounce:u_debounce" File: H:/git/PCB_CQmax10/CQmax10/sample/lcd_game/rtl/lcd_test_top.sv Line: 69
Info (12128): Elaborating entity "framebuffer" for hierarchy "framebuffer:u_fb" File: H:/git/PCB_CQmax10/CQmax10/sample/lcd_game/rtl/lcd_test_top.sv Line: 95
Info (12128): Elaborating entity "framebuffer_pixel_src" for hierarchy "framebuffer_pixel_src:u_pixsrc" File: H:/git/PCB_CQmax10/CQmax10/sample/lcd_game/rtl/lcd_test_top.sv Line: 121
Info (12128): Elaborating entity "lcd_ili9341_ctrl" for hierarchy "lcd_ili9341_ctrl:u_lcd" File: H:/git/PCB_CQmax10/CQmax10/sample/lcd_game/rtl/lcd_test_top.sv Line: 180
Info (12128): Elaborating entity "spi_byte_master" for hierarchy "lcd_ili9341_ctrl:u_lcd|spi_byte_master:u_spi" File: H:/git/PCB_CQmax10/CQmax10/sample/lcd_game/rtl/lcd_ili9341_ctrl.sv Line: 90
Info (12128): Elaborating entity "frame_seq" for hierarchy "frame_seq:u_fseq" File: H:/git/PCB_CQmax10/CQmax10/sample/lcd_game/rtl/lcd_test_top.sv Line: 196
Info (278001): Inferred 1 megafunctions from design logic
    Info (278003): Inferred multiplier megafunction ("lpm_mult") from the following logic: "lcd_ili9341_ctrl:u_lcd|Mult0" File: H:/git/PCB_CQmax10/CQmax10/sample/lcd_game/rtl/lcd_ili9341_ctrl.sv Line: 230
Info (12130): Elaborated megafunction instantiation "lcd_ili9341_ctrl:u_lcd|lpm_mult:Mult0" File: H:/git/PCB_CQmax10/CQmax10/sample/lcd_game/rtl/lcd_ili9341_ctrl.sv Line: 230
Info (12133): Instantiated megafunction "lcd_ili9341_ctrl:u_lcd|lpm_mult:Mult0" with the following parameter: File: H:/git/PCB_CQmax10/CQmax10/sample/lcd_game/rtl/lcd_ili9341_ctrl.sv Line: 230
    Info (12134): Parameter "LPM_WIDTHA" = "8"
    Info (12134): Parameter "LPM_WIDTHB" = "16"
    Info (12134): Parameter "LPM_WIDTHP" = "24"
    Info (12134): Parameter "LPM_WIDTHR" = "24"
    Info (12134): Parameter "LPM_WIDTHS" = "1"
    Info (12134): Parameter "LPM_REPRESENTATION" = "UNSIGNED"
    Info (12134): Parameter "INPUT_A_IS_CONSTANT" = "NO"
    Info (12134): Parameter "INPUT_B_IS_CONSTANT" = "YES"
    Info (12134): Parameter "MAXIMIZE_SPEED" = "6"
Info (12131): Elaborated megafunction instantiation "lcd_ili9341_ctrl:u_lcd|lpm_mult:Mult0|multcore:mult_core", which is child of megafunction instantiation "lcd_ili9341_ctrl:u_lcd|lpm_mult:Mult0" File: h:/altera_lite/25.1std/quartus/libraries/megafunctions/lpm_mult.tdf Line: 309
Info (12131): Elaborated megafunction instantiation "lcd_ili9341_ctrl:u_lcd|lpm_mult:Mult0|multcore:mult_core|mpar_add:padder", which is child of megafunction instantiation "lcd_ili9341_ctrl:u_lcd|lpm_mult:Mult0" File: h:/altera_lite/25.1std/quartus/libraries/megafunctions/multcore.tdf Line: 229
Info (12131): Elaborated megafunction instantiation "lcd_ili9341_ctrl:u_lcd|lpm_mult:Mult0|multcore:mult_core|mpar_add:padder|lpm_add_sub:adder[0]", which is child of megafunction instantiation "lcd_ili9341_ctrl:u_lcd|lpm_mult:Mult0" File: h:/altera_lite/25.1std/quartus/libraries/megafunctions/mpar_add.tdf Line: 78
Info (12021): Found 1 design units, including 1 entities, in source file db/add_sub_arg.tdf
    Info (12023): Found entity 1: add_sub_arg File: H:/git/PCB_CQmax10/CQmax10/sample/lcd_game/db/add_sub_arg.tdf Line: 23
Info (12131): Elaborated megafunction instantiation "lcd_ili9341_ctrl:u_lcd|lpm_mult:Mult0|altshift:external_latency_ffs", which is child of megafunction instantiation "lcd_ili9341_ctrl:u_lcd|lpm_mult:Mult0" File: h:/altera_lite/25.1std/quartus/libraries/megafunctions/lpm_mult.tdf Line: 352
Info (286030): Timing-Driven Synthesis is running
Info (17049): 49 registers lost all their fanouts during netlist optimizations.
Info (16010): Generating hard_block partition "hard_block:auto_generated_inst"
    Info (16011): Adding 0 node(s), including 0 DDIO, 0 PLL, 0 transceiver and 0 LCELL
Info (21057): Implemented 477 device resources after synthesis - the final resource count might be different
    Info (21058): Implemented 4 input pins
    Info (21059): Implemented 9 output pins
    Info (21061): Implemented 464 logic cells
Info: Quartus Prime Analysis & Synthesis was successful. 0 errors, 0 warnings
    Info: Peak virtual memory: 4871 megabytes
    Info: Processing ended: Wed Sep 23 16:06:57 2026
    Info: Elapsed time: 00:00:12
    Info: Total CPU time (on all processors): 00:00:29


