------------------------------------------------------------
Timing Analyzer Summary
------------------------------------------------------------

Type  : Slow 1200mV 85C Model Setup 'clk'
Slack : 11.272
TNS   : 0.000

Type  : Slow 1200mV 85C Model Hold 'clk'
Slack : 0.360
TNS   : 0.000

Type  : Slow 1200mV 85C Model Recovery 'clk'
Slack : 17.278
TNS   : 0.000

Type  : Slow 1200mV 85C Model Removal 'clk'
Slack : 0.984
TNS   : 0.000

Type  : Slow 1200mV 85C Model Minimum Pulse Width 'clk'
Slack : 9.734
TNS   : 0.000

Type  : Slow 1200mV 0C Model Setup 'clk'
Slack : 11.678
TNS   : 0.000

Type  : Slow 1200mV 0C Model Hold 'clk'
Slack : 0.323
TNS   : 0.000

Type  : Slow 1200mV 0C Model Recovery 'clk'
Slack : 17.415
TNS   : 0.000

Type  : Slow 1200mV 0C Model Removal 'clk'
Slack : 0.901
TNS   : 0.000

Type  : Slow 1200mV 0C Model Minimum Pulse Width 'clk'
Slack : 9.749
TNS   : 0.000

Type  : Fast 1200mV 0C Model Setup 'clk'
Slack : 16.581
TNS   : 0.000

Type  : Fast 1200mV 0C Model Hold 'clk'
Slack : 0.151
TNS   : 0.000

Type  : Fast 1200mV 0C Model Recovery 'clk'
Slack : 18.774
TNS   : 0.000

Type  : Fast 1200mV 0C Model Removal 'clk'
Slack : 0.409
TNS   : 0.000

Type  : Fast 1200mV 0C Model Minimum Pulse Width 'clk'
Slack : 9.333
TNS   : 0.000

------------------------------------------------------------
