------------------------------------------------------------
Timing Analyzer Summary
------------------------------------------------------------

Type  : Slow 1200mV 85C Model Setup 'clk'
Slack : 9.643
TNS   : 0.000

Type  : Slow 1200mV 85C Model Hold 'clk'
Slack : 0.360
TNS   : 0.000

Type  : Slow 1200mV 85C Model Recovery 'clk'
Slack : 16.653
TNS   : 0.000

Type  : Slow 1200mV 85C Model Removal 'clk'
Slack : 0.986
TNS   : 0.000

Type  : Slow 1200mV 85C Model Minimum Pulse Width 'clk'
Slack : 9.733
TNS   : 0.000

Type  : Slow 1200mV 0C Model Setup 'clk'
Slack : 9.959
TNS   : 0.000

Type  : Slow 1200mV 0C Model Hold 'clk'
Slack : 0.322
TNS   : 0.000

Type  : Slow 1200mV 0C Model Recovery 'clk'
Slack : 16.808
TNS   : 0.000

Type  : Slow 1200mV 0C Model Removal 'clk'
Slack : 0.902
TNS   : 0.000

Type  : Slow 1200mV 0C Model Minimum Pulse Width 'clk'
Slack : 9.749
TNS   : 0.000

Type  : Fast 1200mV 0C Model Setup 'clk'
Slack : 15.848
TNS   : 0.000

Type  : Fast 1200mV 0C Model Hold 'clk'
Slack : 0.150
TNS   : 0.000

Type  : Fast 1200mV 0C Model Recovery 'clk'
Slack : 18.498
TNS   : 0.000

Type  : Fast 1200mV 0C Model Removal 'clk'
Slack : 0.410
TNS   : 0.000

Type  : Fast 1200mV 0C Model Minimum Pulse Width 'clk'
Slack : 9.333
TNS   : 0.000

------------------------------------------------------------
