Assembler report for matrix_led
Thu Aug 27 02:58:37 2026
Quartus Prime Version 25.1std.0 Build 1129 10/21/2025 SC Lite Edition


---------------------
; Table of Contents ;
---------------------
  1. Legal Notice
  2. Assembler Summary
  3. Assembler Settings
  4. Assembler Generated Files
  5. Assembler Device Options: H:/git/PCB_CQmax10/CQmax10/sample/matrix_led_quartus/output_files/matrix_led.sof
  6. Assembler Messages



----------------
; Legal Notice ;
----------------
Copyright (C) 2025  Altera Corporation. All rights reserved.
Your use of Altera Corporation's design tools, logic functions 
and other software and tools, and any partner logic 
functions, and any output files from any of the foregoing 
(including device programming or simulation files), and any 
associated documentation or information are expressly subject 
to the terms and conditions of the Altera Program License 
Subscription Agreement, the Altera Quartus Prime License Agreement,
the Altera IP License Agreement, or other applicable license
agreement, including, without limitation, that your use is for
the sole purpose of programming logic devices manufactured by
Altera and sold by Altera or its authorized distributors.  Please
refer to the Altera Software License Subscription Agreements 
on the Quartus Prime software download page.



+---------------------------------------------------------------+
; Assembler Summary                                             ;
+-----------------------+---------------------------------------+
; Assembler Status      ; Successful - Thu Aug 27 02:58:37 2026 ;
; Revision Name         ; matrix_led                            ;
; Top-level Entity Name ; top_matrix_led                        ;
; Family                ; MAX 10                                ;
; Device                ; 10M08SCE144C8G                        ;
+-----------------------+---------------------------------------+


+----------------------------------+
; Assembler Settings               ;
+--------+---------+---------------+
; Option ; Setting ; Default Value ;
+--------+---------+---------------+


+----------------------------------------------------------------------------------+
; Assembler Generated Files                                                        ;
+----------------------------------------------------------------------------------+
; File Name                                                                        ;
+----------------------------------------------------------------------------------+
; H:/git/PCB_CQmax10/CQmax10/sample/matrix_led_quartus/output_files/matrix_led.sof ;
+----------------------------------------------------------------------------------+


+------------------------------------------------------------------------------------------------------------+
; Assembler Device Options: H:/git/PCB_CQmax10/CQmax10/sample/matrix_led_quartus/output_files/matrix_led.sof ;
+----------------+-------------------------------------------------------------------------------------------+
; Option         ; Setting                                                                                   ;
+----------------+-------------------------------------------------------------------------------------------+
; JTAG usercode  ; 0x000A2182                                                                                ;
; Checksum       ; 0x000A2182                                                                                ;
+----------------+-------------------------------------------------------------------------------------------+


+--------------------+
; Assembler Messages ;
+--------------------+
Info: *******************************************************************
Info: Running Quartus Prime Assembler
    Info: Version 25.1std.0 Build 1129 10/21/2025 SC Lite Edition
    Info: Processing started: Thu Aug 27 02:58:36 2026
Info: Command: quartus_asm --read_settings_files=off --write_settings_files=off matrix_led -c matrix_led
Info (115031): Writing out detailed assembly data for power analysis
Info (115030): Assembler is generating device programming files
Info: Quartus Prime Assembler was successful. 0 errors, 0 warnings
    Info: Peak virtual memory: 4695 megabytes
    Info: Processing ended: Thu Aug 27 02:58:37 2026
    Info: Elapsed time: 00:00:01
    Info: Total CPU time (on all processors): 00:00:01


