Info: *******************************************************************
Info: Running Quartus Prime Shell
    Info: Version 25.1std.0 Build 1129 10/21/2025 SC Lite Edition
    Info: Copyright (C) 2025  Altera Corporation. All rights reserved.
    Info: Your use of Altera Corporation's design tools, logic functions 
    Info: and other software and tools, and any partner logic 
    Info: functions, and any output files from any of the foregoing 
    Info: (including device programming or simulation files), and any 
    Info: associated documentation or information are expressly subject 
    Info: to the terms and conditions of the Altera Program License 
    Info: Subscription Agreement, the Altera Quartus Prime License Agreement,
    Info: the Altera IP License Agreement, or other applicable license
    Info: agreement, including, without limitation, that your use is for
    Info: the sole purpose of programming logic devices manufactured by
    Info: Altera and sold by Altera or its authorized distributors.  Please
    Info: refer to the Altera Software License Subscription Agreements 
    Info: on the Quartus Prime software download page.
    Info: Processing started: Sat Sep 26 04:41:16 2026
Info: Command: quartus_sh --flow compile lcd_game
Info: Quartus(args): compile lcd_game
Info: Project Name = H:/git/PCB_CQmax10/CQmax10/sample/lcd_samegame/lcd_game
Info: Revision Name = lcd_game
Info: *******************************************************************
Info: Running Quartus Prime Analysis & Synthesis
    Info: Version 25.1std.0 Build 1129 10/21/2025 SC Lite Edition
    Info: Processing started: Sat Sep 26 04:41:17 2026
Info: Command: quartus_map --read_settings_files=on --write_settings_files=off lcd_game -c lcd_game
Info (20030): Parallel compilation is enabled and will use 16 of the 16 processors detected
Info (12021): Found 1 design units, including 1 entities, in source file rtl/samegame_top.sv
    Info (12023): Found entity 1: samegame_top File: H:/git/PCB_CQmax10/CQmax10/sample/lcd_samegame/rtl/samegame_top.sv Line: 27
Info (12021): Found 1 design units, including 1 entities, in source file rtl/game_fsm.sv
    Info (12023): Found entity 1: game_fsm File: H:/git/PCB_CQmax10/CQmax10/sample/lcd_samegame/rtl/game_fsm.sv Line: 22
Info (12021): Found 1 design units, including 1 entities, in source file rtl/board_memory.sv
    Info (12023): Found entity 1: board_memory File: H:/git/PCB_CQmax10/CQmax10/sample/lcd_samegame/rtl/board_memory.sv Line: 19
Info (12021): Found 1 design units, including 1 entities, in source file rtl/floodfill_engine.sv
    Info (12023): Found entity 1: floodfill_engine File: H:/git/PCB_CQmax10/CQmax10/sample/lcd_samegame/rtl/floodfill_engine.sv Line: 18
Info (12021): Found 1 design units, including 1 entities, in source file rtl/erase_engine.sv
    Info (12023): Found entity 1: erase_engine File: H:/git/PCB_CQmax10/CQmax10/sample/lcd_samegame/rtl/erase_engine.sv Line: 13
Info (12021): Found 1 design units, including 1 entities, in source file rtl/gravity_engine.sv
    Info (12023): Found entity 1: gravity_engine File: H:/git/PCB_CQmax10/CQmax10/sample/lcd_samegame/rtl/gravity_engine.sv Line: 24
Info (12021): Found 1 design units, including 1 entities, in source file rtl/column_shift_engine.sv
    Info (12023): Found entity 1: column_shift_engine File: H:/git/PCB_CQmax10/CQmax10/sample/lcd_samegame/rtl/column_shift_engine.sv Line: 22
Info (12021): Found 1 design units, including 1 entities, in source file rtl/score_manager.sv
    Info (12023): Found entity 1: score_manager File: H:/git/PCB_CQmax10/CQmax10/sample/lcd_samegame/rtl/score_manager.sv Line: 7
Info (12021): Found 1 design units, including 1 entities, in source file rtl/rng_generator.sv
    Info (12023): Found entity 1: rng_generator File: H:/git/PCB_CQmax10/CQmax10/sample/lcd_samegame/rtl/rng_generator.sv Line: 13
Info (12021): Found 1 design units, including 1 entities, in source file rtl/touch_controller.sv
    Info (12023): Found entity 1: touch_controller File: H:/git/PCB_CQmax10/CQmax10/sample/lcd_samegame/rtl/touch_controller.sv Line: 41
Info (12021): Found 1 design units, including 1 entities, in source file rtl/logo_ram.sv
    Info (12023): Found entity 1: logo_ram File: H:/git/PCB_CQmax10/CQmax10/sample/lcd_samegame/rtl/logo_ram.sv Line: 20
Info (12021): Found 1 design units, including 1 entities, in source file rtl/ufm_bootloader.sv
    Info (12023): Found entity 1: ufm_bootloader File: H:/git/PCB_CQmax10/CQmax10/sample/lcd_samegame/rtl/ufm_bootloader.sv Line: 16
Info (12021): Found 1 design units, including 1 entities, in source file rtl/lcd_renderer.sv
    Info (12023): Found entity 1: lcd_renderer File: H:/git/PCB_CQmax10/CQmax10/sample/lcd_samegame/rtl/lcd_renderer.sv Line: 35
Info (12021): Found 1 design units, including 1 entities, in source file rtl/lcd_ili9341_ctrl.sv
    Info (12023): Found entity 1: lcd_ili9341_ctrl File: H:/git/PCB_CQmax10/CQmax10/sample/lcd_samegame/rtl/lcd_ili9341_ctrl.sv Line: 29
Info (12021): Found 1 design units, including 1 entities, in source file rtl/spi_byte_master.sv
    Info (12023): Found entity 1: spi_byte_master File: H:/git/PCB_CQmax10/CQmax10/sample/lcd_samegame/rtl/spi_byte_master.sv Line: 5
Info (12021): Found 1 design units, including 1 entities, in source file rtl/frame_seq.sv
    Info (12023): Found entity 1: frame_seq File: H:/git/PCB_CQmax10/CQmax10/sample/lcd_samegame/rtl/frame_seq.sv Line: 7
Info (12021): Found 1 design units, including 1 entities, in source file rtl/reset_sync.sv
    Info (12023): Found entity 1: reset_sync File: H:/git/PCB_CQmax10/CQmax10/sample/lcd_samegame/rtl/reset_sync.sv Line: 6
Info (12021): Found 1 design units, including 1 entities, in source file rtl/debounce.sv
    Info (12023): Found entity 1: debounce File: H:/git/PCB_CQmax10/CQmax10/sample/lcd_samegame/rtl/debounce.sv Line: 6
Info (12021): Found 1 design units, including 1 entities, in source file logo_flash/synthesis/logo_flash.v
    Info (12023): Found entity 1: logo_flash File: H:/git/PCB_CQmax10/CQmax10/sample/lcd_samegame/logo_flash/synthesis/logo_flash.v Line: 6
Info (12021): Found 7 design units, including 7 entities, in source file logo_flash/synthesis/submodules/altera_onchip_flash_util.v
    Info (12023): Found entity 1: altera_onchip_flash_address_range_check File: H:/git/PCB_CQmax10/CQmax10/sample/lcd_samegame/logo_flash/synthesis/submodules/altera_onchip_flash_util.v Line: 38
    Info (12023): Found entity 2: altera_onchip_flash_address_write_protection_check File: H:/git/PCB_CQmax10/CQmax10/sample/lcd_samegame/logo_flash/synthesis/submodules/altera_onchip_flash_util.v Line: 55
    Info (12023): Found entity 3: altera_onchip_flash_s_address_write_protection_check File: H:/git/PCB_CQmax10/CQmax10/sample/lcd_samegame/logo_flash/synthesis/submodules/altera_onchip_flash_util.v Line: 109
    Info (12023): Found entity 4: altera_onchip_flash_a_address_write_protection_check File: H:/git/PCB_CQmax10/CQmax10/sample/lcd_samegame/logo_flash/synthesis/submodules/altera_onchip_flash_util.v Line: 147
    Info (12023): Found entity 5: altera_onchip_flash_convert_address File: H:/git/PCB_CQmax10/CQmax10/sample/lcd_samegame/logo_flash/synthesis/submodules/altera_onchip_flash_util.v Line: 197
    Info (12023): Found entity 6: altera_onchip_flash_convert_sector File: H:/git/PCB_CQmax10/CQmax10/sample/lcd_samegame/logo_flash/synthesis/submodules/altera_onchip_flash_util.v Line: 219
    Info (12023): Found entity 7: altera_onchip_flash_counter File: H:/git/PCB_CQmax10/CQmax10/sample/lcd_samegame/logo_flash/synthesis/submodules/altera_onchip_flash_util.v Line: 244
Info (12021): Found 1 design units, including 1 entities, in source file logo_flash/synthesis/submodules/altera_onchip_flash.v
    Info (12023): Found entity 1: altera_onchip_flash File: H:/git/PCB_CQmax10/CQmax10/sample/lcd_samegame/logo_flash/synthesis/submodules/altera_onchip_flash.v Line: 38
Info (12021): Found 1 design units, including 1 entities, in source file logo_flash/synthesis/submodules/altera_onchip_flash_avmm_data_controller.v
    Info (12023): Found entity 1: altera_onchip_flash_avmm_data_controller File: H:/git/PCB_CQmax10/CQmax10/sample/lcd_samegame/logo_flash/synthesis/submodules/altera_onchip_flash_avmm_data_controller.v Line: 38
Info (12021): Found 1 design units, including 1 entities, in source file logo_flash/synthesis/submodules/altera_onchip_flash_avmm_csr_controller.v
    Info (12023): Found entity 1: altera_onchip_flash_avmm_csr_controller File: H:/git/PCB_CQmax10/CQmax10/sample/lcd_samegame/logo_flash/synthesis/submodules/altera_onchip_flash_avmm_csr_controller.v Line: 38
Info (12021): Found 1 design units, including 1 entities, in source file logo_flash/synthesis/submodules/rtl/altera_onchip_flash_block.v
    Info (12023): Found entity 1: altera_onchip_flash_block File: H:/git/PCB_CQmax10/CQmax10/sample/lcd_samegame/logo_flash/synthesis/submodules/rtl/altera_onchip_flash_block.v Line: 38
Info (12127): Elaborating entity "samegame_top" for the top level hierarchy
Info (12128): Elaborating entity "reset_sync" for hierarchy "reset_sync:u_reset" File: H:/git/PCB_CQmax10/CQmax10/sample/lcd_samegame/rtl/samegame_top.sv Line: 66
Info (12128): Elaborating entity "debounce" for hierarchy "debounce:u_sw1" File: H:/git/PCB_CQmax10/CQmax10/sample/lcd_samegame/rtl/samegame_top.sv Line: 71
Info (12128): Elaborating entity "lcd_ili9341_ctrl" for hierarchy "lcd_ili9341_ctrl:u_lcd" File: H:/git/PCB_CQmax10/CQmax10/sample/lcd_samegame/rtl/samegame_top.sv Line: 98
Info (12128): Elaborating entity "spi_byte_master" for hierarchy "lcd_ili9341_ctrl:u_lcd|spi_byte_master:u_spi" File: H:/git/PCB_CQmax10/CQmax10/sample/lcd_samegame/rtl/lcd_ili9341_ctrl.sv Line: 90
Info (12128): Elaborating entity "frame_seq" for hierarchy "frame_seq:u_fseq" File: H:/git/PCB_CQmax10/CQmax10/sample/lcd_samegame/rtl/samegame_top.sv Line: 108
Info (12128): Elaborating entity "touch_controller" for hierarchy "touch_controller:u_touch" File: H:/git/PCB_CQmax10/CQmax10/sample/lcd_samegame/rtl/samegame_top.sv Line: 126
Info (12128): Elaborating entity "board_memory" for hierarchy "board_memory:u_board" File: H:/git/PCB_CQmax10/CQmax10/sample/lcd_samegame/rtl/samegame_top.sv Line: 152
Warning (10027): Verilog HDL or VHDL warning at the board_memory.sv(72): index expression is not wide enough to address all of the elements in the array File: H:/git/PCB_CQmax10/CQmax10/sample/lcd_samegame/rtl/board_memory.sv Line: 72
Info (12128): Elaborating entity "logo_ram" for hierarchy "logo_ram:u_ram" File: H:/git/PCB_CQmax10/CQmax10/sample/lcd_samegame/rtl/samegame_top.sv Line: 167
Info (12128): Elaborating entity "ufm_bootloader" for hierarchy "ufm_bootloader:u_boot" File: H:/git/PCB_CQmax10/CQmax10/sample/lcd_samegame/rtl/samegame_top.sv Line: 185
Info (12128): Elaborating entity "logo_flash" for hierarchy "logo_flash:u_ufm" File: H:/git/PCB_CQmax10/CQmax10/sample/lcd_samegame/rtl/samegame_top.sv Line: 203
Info (12128): Elaborating entity "altera_onchip_flash" for hierarchy "logo_flash:u_ufm|altera_onchip_flash:ufm" File: H:/git/PCB_CQmax10/CQmax10/sample/lcd_samegame/logo_flash/synthesis/logo_flash.v Line: 87
Info (12128): Elaborating entity "altera_onchip_flash_avmm_csr_controller" for hierarchy "logo_flash:u_ufm|altera_onchip_flash:ufm|altera_onchip_flash_avmm_csr_controller:avmm_csr_controller" File: H:/git/PCB_CQmax10/CQmax10/sample/lcd_samegame/logo_flash/synthesis/submodules/altera_onchip_flash.v Line: 203
Info (12128): Elaborating entity "altera_onchip_flash_avmm_data_controller" for hierarchy "logo_flash:u_ufm|altera_onchip_flash:ufm|altera_onchip_flash_avmm_data_controller:avmm_data_controller" File: H:/git/PCB_CQmax10/CQmax10/sample/lcd_samegame/logo_flash/synthesis/submodules/altera_onchip_flash.v Line: 282
Info (12128): Elaborating entity "altera_std_synchronizer" for hierarchy "logo_flash:u_ufm|altera_onchip_flash:ufm|altera_onchip_flash_avmm_data_controller:avmm_data_controller|altera_std_synchronizer:stdsync_busy" File: H:/git/PCB_CQmax10/CQmax10/sample/lcd_samegame/logo_flash/synthesis/submodules/altera_onchip_flash_avmm_data_controller.v Line: 569
Info (12130): Elaborated megafunction instantiation "logo_flash:u_ufm|altera_onchip_flash:ufm|altera_onchip_flash_avmm_data_controller:avmm_data_controller|altera_std_synchronizer:stdsync_busy" File: H:/git/PCB_CQmax10/CQmax10/sample/lcd_samegame/logo_flash/synthesis/submodules/altera_onchip_flash_avmm_data_controller.v Line: 569
Info (12133): Instantiated megafunction "logo_flash:u_ufm|altera_onchip_flash:ufm|altera_onchip_flash_avmm_data_controller:avmm_data_controller|altera_std_synchronizer:stdsync_busy" with the following parameter: File: H:/git/PCB_CQmax10/CQmax10/sample/lcd_samegame/logo_flash/synthesis/submodules/altera_onchip_flash_avmm_data_controller.v Line: 569
    Info (12134): Parameter "depth" = "2"
Info (12128): Elaborating entity "lpm_shiftreg" for hierarchy "logo_flash:u_ufm|altera_onchip_flash:ufm|altera_onchip_flash_avmm_data_controller:avmm_data_controller|lpm_shiftreg:ufm_data_shiftreg" File: H:/git/PCB_CQmax10/CQmax10/sample/lcd_samegame/logo_flash/synthesis/submodules/altera_onchip_flash_avmm_data_controller.v Line: 1182
Info (12130): Elaborated megafunction instantiation "logo_flash:u_ufm|altera_onchip_flash:ufm|altera_onchip_flash_avmm_data_controller:avmm_data_controller|lpm_shiftreg:ufm_data_shiftreg" File: H:/git/PCB_CQmax10/CQmax10/sample/lcd_samegame/logo_flash/synthesis/submodules/altera_onchip_flash_avmm_data_controller.v Line: 1182
Info (12133): Instantiated megafunction "logo_flash:u_ufm|altera_onchip_flash:ufm|altera_onchip_flash_avmm_data_controller:avmm_data_controller|lpm_shiftreg:ufm_data_shiftreg" with the following parameter: File: H:/git/PCB_CQmax10/CQmax10/sample/lcd_samegame/logo_flash/synthesis/submodules/altera_onchip_flash_avmm_data_controller.v Line: 1182
    Info (12134): Parameter "lpm_type" = "LPM_SHIFTREG"
    Info (12134): Parameter "lpm_width" = "32"
    Info (12134): Parameter "lpm_direction" = "LEFT"
Info (12128): Elaborating entity "altera_onchip_flash_address_range_check" for hierarchy "logo_flash:u_ufm|altera_onchip_flash:ufm|altera_onchip_flash_avmm_data_controller:avmm_data_controller|altera_onchip_flash_address_range_check:address_range_checker" File: H:/git/PCB_CQmax10/CQmax10/sample/lcd_samegame/logo_flash/synthesis/submodules/altera_onchip_flash_avmm_data_controller.v Line: 1192
Info (12128): Elaborating entity "altera_onchip_flash_convert_address" for hierarchy "logo_flash:u_ufm|altera_onchip_flash:ufm|altera_onchip_flash_avmm_data_controller:avmm_data_controller|altera_onchip_flash_convert_address:address_convertor" File: H:/git/PCB_CQmax10/CQmax10/sample/lcd_samegame/logo_flash/synthesis/submodules/altera_onchip_flash_avmm_data_controller.v Line: 1203
Info (12128): Elaborating entity "altera_onchip_flash_a_address_write_protection_check" for hierarchy "logo_flash:u_ufm|altera_onchip_flash:ufm|altera_onchip_flash_avmm_data_controller:avmm_data_controller|altera_onchip_flash_a_address_write_protection_check:access_address_write_protection_checker" File: H:/git/PCB_CQmax10/CQmax10/sample/lcd_samegame/logo_flash/synthesis/submodules/altera_onchip_flash_avmm_data_controller.v Line: 1245
Info (12128): Elaborating entity "altera_onchip_flash_s_address_write_protection_check" for hierarchy "logo_flash:u_ufm|altera_onchip_flash:ufm|altera_onchip_flash_avmm_data_controller:avmm_data_controller|altera_onchip_flash_s_address_write_protection_check:sector_address_write_protection_checker" File: H:/git/PCB_CQmax10/CQmax10/sample/lcd_samegame/logo_flash/synthesis/submodules/altera_onchip_flash_avmm_data_controller.v Line: 1255
Info (12128): Elaborating entity "altera_onchip_flash_convert_sector" for hierarchy "logo_flash:u_ufm|altera_onchip_flash:ufm|altera_onchip_flash_avmm_data_controller:avmm_data_controller|altera_onchip_flash_convert_sector:sector_convertor" File: H:/git/PCB_CQmax10/CQmax10/sample/lcd_samegame/logo_flash/synthesis/submodules/altera_onchip_flash_avmm_data_controller.v Line: 1266
Info (12128): Elaborating entity "altera_onchip_flash_block" for hierarchy "logo_flash:u_ufm|altera_onchip_flash:ufm|altera_onchip_flash_block:altera_onchip_flash_block" File: H:/git/PCB_CQmax10/CQmax10/sample/lcd_samegame/logo_flash/synthesis/submodules/altera_onchip_flash.v Line: 327
Info (12128): Elaborating entity "game_fsm" for hierarchy "game_fsm:u_game" File: H:/git/PCB_CQmax10/CQmax10/sample/lcd_samegame/rtl/samegame_top.sv Line: 234
Warning (10036): Verilog HDL or VHDL warning at game_fsm.sv(89): object "fall_frame" assigned a value but never read File: H:/git/PCB_CQmax10/CQmax10/sample/lcd_samegame/rtl/game_fsm.sv Line: 89
Warning (10036): Verilog HDL or VHDL warning at game_fsm.sv(89): object "shift_frame" assigned a value but never read File: H:/git/PCB_CQmax10/CQmax10/sample/lcd_samegame/rtl/game_fsm.sv Line: 89
Info (10264): Verilog HDL Case Statement information at game_fsm.sv(388): all case item expressions in this case statement are onehot File: H:/git/PCB_CQmax10/CQmax10/sample/lcd_samegame/rtl/game_fsm.sv Line: 388
Info (12128): Elaborating entity "rng_generator" for hierarchy "game_fsm:u_game|rng_generator:u_rng" File: H:/git/PCB_CQmax10/CQmax10/sample/lcd_samegame/rtl/game_fsm.sv Line: 82
Info (12128): Elaborating entity "floodfill_engine" for hierarchy "game_fsm:u_game|floodfill_engine:u_ff" File: H:/git/PCB_CQmax10/CQmax10/sample/lcd_samegame/rtl/game_fsm.sv Line: 113
Warning (10230): Verilog HDL assignment warning at floodfill_engine.sv(89): truncated value with size 32 to match size of target (8) File: H:/git/PCB_CQmax10/CQmax10/sample/lcd_samegame/rtl/floodfill_engine.sv Line: 89
Warning (10230): Verilog HDL assignment warning at floodfill_engine.sv(96): truncated value with size 32 to match size of target (8) File: H:/git/PCB_CQmax10/CQmax10/sample/lcd_samegame/rtl/floodfill_engine.sv Line: 96
Warning (10230): Verilog HDL assignment warning at floodfill_engine.sv(120): truncated value with size 32 to match size of target (8) File: H:/git/PCB_CQmax10/CQmax10/sample/lcd_samegame/rtl/floodfill_engine.sv Line: 120
Info (12128): Elaborating entity "erase_engine" for hierarchy "game_fsm:u_game|erase_engine:u_erase" File: H:/git/PCB_CQmax10/CQmax10/sample/lcd_samegame/rtl/game_fsm.sv Line: 143
Info (12128): Elaborating entity "gravity_engine" for hierarchy "game_fsm:u_game|gravity_engine:u_grav" File: H:/git/PCB_CQmax10/CQmax10/sample/lcd_samegame/rtl/game_fsm.sv Line: 158
Warning (10230): Verilog HDL assignment warning at gravity_engine.sv(94): truncated value with size 32 to match size of target (8) File: H:/git/PCB_CQmax10/CQmax10/sample/lcd_samegame/rtl/gravity_engine.sv Line: 94
Warning (10230): Verilog HDL assignment warning at gravity_engine.sv(108): truncated value with size 32 to match size of target (8) File: H:/git/PCB_CQmax10/CQmax10/sample/lcd_samegame/rtl/gravity_engine.sv Line: 108
Info (12128): Elaborating entity "column_shift_engine" for hierarchy "game_fsm:u_game|column_shift_engine:u_shift" File: H:/git/PCB_CQmax10/CQmax10/sample/lcd_samegame/rtl/game_fsm.sv Line: 175
Warning (10230): Verilog HDL assignment warning at column_shift_engine.sv(128): truncated value with size 32 to match size of target (8) File: H:/git/PCB_CQmax10/CQmax10/sample/lcd_samegame/rtl/column_shift_engine.sv Line: 128
Warning (10230): Verilog HDL assignment warning at column_shift_engine.sv(158): truncated value with size 32 to match size of target (8) File: H:/git/PCB_CQmax10/CQmax10/sample/lcd_samegame/rtl/column_shift_engine.sv Line: 158
Info (12128): Elaborating entity "score_manager" for hierarchy "game_fsm:u_game|score_manager:u_score" File: H:/git/PCB_CQmax10/CQmax10/sample/lcd_samegame/rtl/game_fsm.sv Line: 183
Info (12128): Elaborating entity "lcd_renderer" for hierarchy "lcd_renderer:u_render" File: H:/git/PCB_CQmax10/CQmax10/sample/lcd_samegame/rtl/samegame_top.sv Line: 249
Warning (10230): Verilog HDL assignment warning at lcd_renderer.sv(101): truncated value with size 32 to match size of target (8) File: H:/git/PCB_CQmax10/CQmax10/sample/lcd_samegame/rtl/lcd_renderer.sv Line: 101
Warning (10230): Verilog HDL assignment warning at lcd_renderer.sv(131): truncated value with size 32 to match size of target (9) File: H:/git/PCB_CQmax10/CQmax10/sample/lcd_samegame/rtl/lcd_renderer.sv Line: 131
Warning (10230): Verilog HDL assignment warning at lcd_renderer.sv(133): truncated value with size 32 to match size of target (8) File: H:/git/PCB_CQmax10/CQmax10/sample/lcd_samegame/rtl/lcd_renderer.sv Line: 133
Warning (10230): Verilog HDL assignment warning at lcd_renderer.sv(134): truncated value with size 9 to match size of target (5) File: H:/git/PCB_CQmax10/CQmax10/sample/lcd_samegame/rtl/lcd_renderer.sv Line: 134
Warning (10230): Verilog HDL assignment warning at lcd_renderer.sv(162): truncated value with size 32 to match size of target (9) File: H:/git/PCB_CQmax10/CQmax10/sample/lcd_samegame/rtl/lcd_renderer.sv Line: 162
Warning (10230): Verilog HDL assignment warning at lcd_renderer.sv(164): truncated value with size 32 to match size of target (8) File: H:/git/PCB_CQmax10/CQmax10/sample/lcd_samegame/rtl/lcd_renderer.sv Line: 164
Warning (10230): Verilog HDL assignment warning at lcd_renderer.sv(165): truncated value with size 9 to match size of target (5) File: H:/git/PCB_CQmax10/CQmax10/sample/lcd_samegame/rtl/lcd_renderer.sv Line: 165
Warning (276020): Inferred RAM node "game_fsm:u_game|floodfill_engine:u_ff|fifo_mem_rtl_0" from synchronous design logic.  Pass-through logic has been added to match the read-during-write behavior of the original design.
Info (276014): Found 2 instances of uninferred RAM logic
    Info (276007): RAM logic "game_fsm:u_game|column_shift_engine:u_shift|cols" is uninferred due to asynchronous read logic File: H:/git/PCB_CQmax10/CQmax10/sample/lcd_samegame/rtl/column_shift_engine.sv Line: 59
    Info (276004): RAM logic "game_fsm:u_game|column_shift_engine:u_shift|target" is uninferred due to inappropriate RAM size File: H:/git/PCB_CQmax10/CQmax10/sample/lcd_samegame/rtl/column_shift_engine.sv Line: 60
Info (19000): Inferred 2 megafunctions from design logic
    Info (276029): Inferred altsyncram megafunction from the following design logic: "game_fsm:u_game|floodfill_engine:u_ff|fifo_mem_rtl_0" 
        Info (286033): Parameter OPERATION_MODE set to DUAL_PORT
        Info (286033): Parameter WIDTH_A set to 8
        Info (286033): Parameter WIDTHAD_A set to 8
        Info (286033): Parameter NUMWORDS_A set to 256
        Info (286033): Parameter WIDTH_B set to 8
        Info (286033): Parameter WIDTHAD_B set to 8
        Info (286033): Parameter NUMWORDS_B set to 256
        Info (286033): Parameter ADDRESS_ACLR_A set to NONE
        Info (286033): Parameter OUTDATA_REG_B set to UNREGISTERED
        Info (286033): Parameter ADDRESS_ACLR_B set to NONE
        Info (286033): Parameter OUTDATA_ACLR_B set to NONE
        Info (286033): Parameter ADDRESS_REG_B set to CLOCK0
        Info (286033): Parameter INDATA_ACLR_A set to NONE
        Info (286033): Parameter WRCONTROL_ACLR_A set to NONE
    Info (276029): Inferred altsyncram megafunction from the following design logic: "logo_ram:u_ram|mem_rtl_0" 
        Info (286033): Parameter OPERATION_MODE set to DUAL_PORT
        Info (286033): Parameter WIDTH_A set to 16
        Info (286033): Parameter WIDTHAD_A set to 11
        Info (286033): Parameter NUMWORDS_A set to 2048
        Info (286033): Parameter WIDTH_B set to 16
        Info (286033): Parameter WIDTHAD_B set to 11
        Info (286033): Parameter NUMWORDS_B set to 2048
        Info (286033): Parameter ADDRESS_ACLR_A set to NONE
        Info (286033): Parameter OUTDATA_REG_B set to UNREGISTERED
        Info (286033): Parameter ADDRESS_ACLR_B set to NONE
        Info (286033): Parameter OUTDATA_ACLR_B set to NONE
        Info (286033): Parameter ADDRESS_REG_B set to CLOCK0
        Info (286033): Parameter INDATA_ACLR_A set to NONE
        Info (286033): Parameter WRCONTROL_ACLR_A set to NONE
        Info (286033): Parameter READ_DURING_WRITE_MODE_MIXED_PORTS set to OLD_DATA
Info (278001): Inferred 6 megafunctions from design logic
    Info (278003): Inferred multiplier megafunction ("lpm_mult") from the following logic: "lcd_ili9341_ctrl:u_lcd|Mult0" File: H:/git/PCB_CQmax10/CQmax10/sample/lcd_samegame/rtl/lcd_ili9341_ctrl.sv Line: 230
    Info (278003): Inferred multiplier megafunction ("lpm_mult") from the following logic: "touch_controller:u_touch|Mult1" File: H:/git/PCB_CQmax10/CQmax10/sample/lcd_samegame/rtl/touch_controller.sv Line: 164
    Info (278003): Inferred multiplier megafunction ("lpm_mult") from the following logic: "touch_controller:u_touch|Mult0" File: H:/git/PCB_CQmax10/CQmax10/sample/lcd_samegame/rtl/touch_controller.sv Line: 154
    Info (278003): Inferred multiplier megafunction ("lpm_mult") from the following logic: "lcd_renderer:u_render|Mult2" File: H:/git/PCB_CQmax10/CQmax10/sample/lcd_samegame/rtl/lcd_renderer.sv Line: 265
    Info (278003): Inferred multiplier megafunction ("lpm_mult") from the following logic: "lcd_renderer:u_render|Mult0" File: H:/git/PCB_CQmax10/CQmax10/sample/lcd_samegame/rtl/lcd_renderer.sv Line: 87
    Info (278003): Inferred multiplier megafunction ("lpm_mult") from the following logic: "lcd_renderer:u_render|Mult1" File: H:/git/PCB_CQmax10/CQmax10/sample/lcd_samegame/rtl/lcd_renderer.sv Line: 88
Info (12130): Elaborated megafunction instantiation "game_fsm:u_game|floodfill_engine:u_ff|altsyncram:fifo_mem_rtl_0"
Info (12133): Instantiated megafunction "game_fsm:u_game|floodfill_engine:u_ff|altsyncram:fifo_mem_rtl_0" with the following parameter:
    Info (12134): Parameter "OPERATION_MODE" = "DUAL_PORT"
    Info (12134): Parameter "WIDTH_A" = "8"
    Info (12134): Parameter "WIDTHAD_A" = "8"
    Info (12134): Parameter "NUMWORDS_A" = "256"
    Info (12134): Parameter "WIDTH_B" = "8"
    Info (12134): Parameter "WIDTHAD_B" = "8"
    Info (12134): Parameter "NUMWORDS_B" = "256"
    Info (12134): Parameter "ADDRESS_ACLR_A" = "NONE"
    Info (12134): Parameter "OUTDATA_REG_B" = "UNREGISTERED"
    Info (12134): Parameter "ADDRESS_ACLR_B" = "NONE"
    Info (12134): Parameter "OUTDATA_ACLR_B" = "NONE"
    Info (12134): Parameter "ADDRESS_REG_B" = "CLOCK0"
    Info (12134): Parameter "INDATA_ACLR_A" = "NONE"
    Info (12134): Parameter "WRCONTROL_ACLR_A" = "NONE"
Info (12021): Found 1 design units, including 1 entities, in source file db/altsyncram_8ob1.tdf
    Info (12023): Found entity 1: altsyncram_8ob1 File: H:/git/PCB_CQmax10/CQmax10/sample/lcd_samegame/db/altsyncram_8ob1.tdf Line: 28
Info (12130): Elaborated megafunction instantiation "logo_ram:u_ram|altsyncram:mem_rtl_0"
Info (12133): Instantiated megafunction "logo_ram:u_ram|altsyncram:mem_rtl_0" with the following parameter:
    Info (12134): Parameter "OPERATION_MODE" = "DUAL_PORT"
    Info (12134): Parameter "WIDTH_A" = "16"
    Info (12134): Parameter "WIDTHAD_A" = "11"
    Info (12134): Parameter "NUMWORDS_A" = "2048"
    Info (12134): Parameter "WIDTH_B" = "16"
    Info (12134): Parameter "WIDTHAD_B" = "11"
    Info (12134): Parameter "NUMWORDS_B" = "2048"
    Info (12134): Parameter "ADDRESS_ACLR_A" = "NONE"
    Info (12134): Parameter "OUTDATA_REG_B" = "UNREGISTERED"
    Info (12134): Parameter "ADDRESS_ACLR_B" = "NONE"
    Info (12134): Parameter "OUTDATA_ACLR_B" = "NONE"
    Info (12134): Parameter "ADDRESS_REG_B" = "CLOCK0"
    Info (12134): Parameter "INDATA_ACLR_A" = "NONE"
    Info (12134): Parameter "WRCONTROL_ACLR_A" = "NONE"
    Info (12134): Parameter "READ_DURING_WRITE_MODE_MIXED_PORTS" = "OLD_DATA"
Info (12021): Found 1 design units, including 1 entities, in source file db/altsyncram_kgg1.tdf
    Info (12023): Found entity 1: altsyncram_kgg1 File: H:/git/PCB_CQmax10/CQmax10/sample/lcd_samegame/db/altsyncram_kgg1.tdf Line: 28
Info (12130): Elaborated megafunction instantiation "lcd_ili9341_ctrl:u_lcd|lpm_mult:Mult0" File: H:/git/PCB_CQmax10/CQmax10/sample/lcd_samegame/rtl/lcd_ili9341_ctrl.sv Line: 230
Info (12133): Instantiated megafunction "lcd_ili9341_ctrl:u_lcd|lpm_mult:Mult0" with the following parameter: File: H:/git/PCB_CQmax10/CQmax10/sample/lcd_samegame/rtl/lcd_ili9341_ctrl.sv Line: 230
    Info (12134): Parameter "LPM_WIDTHA" = "8"
    Info (12134): Parameter "LPM_WIDTHB" = "16"
    Info (12134): Parameter "LPM_WIDTHP" = "24"
    Info (12134): Parameter "LPM_WIDTHR" = "24"
    Info (12134): Parameter "LPM_WIDTHS" = "1"
    Info (12134): Parameter "LPM_REPRESENTATION" = "UNSIGNED"
    Info (12134): Parameter "INPUT_A_IS_CONSTANT" = "NO"
    Info (12134): Parameter "INPUT_B_IS_CONSTANT" = "YES"
    Info (12134): Parameter "MAXIMIZE_SPEED" = "6"
Info (12131): Elaborated megafunction instantiation "lcd_ili9341_ctrl:u_lcd|lpm_mult:Mult0|multcore:mult_core", which is child of megafunction instantiation "lcd_ili9341_ctrl:u_lcd|lpm_mult:Mult0" File: h:/altera_lite/25.1std/quartus/libraries/megafunctions/lpm_mult.tdf Line: 309
Info (12131): Elaborated megafunction instantiation "lcd_ili9341_ctrl:u_lcd|lpm_mult:Mult0|multcore:mult_core|mpar_add:padder", which is child of megafunction instantiation "lcd_ili9341_ctrl:u_lcd|lpm_mult:Mult0" File: h:/altera_lite/25.1std/quartus/libraries/megafunctions/multcore.tdf Line: 229
Info (12131): Elaborated megafunction instantiation "lcd_ili9341_ctrl:u_lcd|lpm_mult:Mult0|multcore:mult_core|mpar_add:padder|lpm_add_sub:adder[0]", which is child of megafunction instantiation "lcd_ili9341_ctrl:u_lcd|lpm_mult:Mult0" File: h:/altera_lite/25.1std/quartus/libraries/megafunctions/mpar_add.tdf Line: 78
Info (12021): Found 1 design units, including 1 entities, in source file db/add_sub_arg.tdf
    Info (12023): Found entity 1: add_sub_arg File: H:/git/PCB_CQmax10/CQmax10/sample/lcd_samegame/db/add_sub_arg.tdf Line: 23
Info (12131): Elaborated megafunction instantiation "lcd_ili9341_ctrl:u_lcd|lpm_mult:Mult0|altshift:external_latency_ffs", which is child of megafunction instantiation "lcd_ili9341_ctrl:u_lcd|lpm_mult:Mult0" File: h:/altera_lite/25.1std/quartus/libraries/megafunctions/lpm_mult.tdf Line: 352
Info (12130): Elaborated megafunction instantiation "touch_controller:u_touch|lpm_mult:Mult1" File: H:/git/PCB_CQmax10/CQmax10/sample/lcd_samegame/rtl/touch_controller.sv Line: 164
Info (12133): Instantiated megafunction "touch_controller:u_touch|lpm_mult:Mult1" with the following parameter: File: H:/git/PCB_CQmax10/CQmax10/sample/lcd_samegame/rtl/touch_controller.sv Line: 164
    Info (12134): Parameter "LPM_WIDTHA" = "21"
    Info (12134): Parameter "LPM_WIDTHB" = "8"
    Info (12134): Parameter "LPM_WIDTHP" = "29"
    Info (12134): Parameter "LPM_WIDTHR" = "29"
    Info (12134): Parameter "LPM_WIDTHS" = "1"
    Info (12134): Parameter "LPM_REPRESENTATION" = "UNSIGNED"
    Info (12134): Parameter "INPUT_A_IS_CONSTANT" = "NO"
    Info (12134): Parameter "INPUT_B_IS_CONSTANT" = "YES"
    Info (12134): Parameter "MAXIMIZE_SPEED" = "5"
Info (12021): Found 1 design units, including 1 entities, in source file db/mult_3qs.tdf
    Info (12023): Found entity 1: mult_3qs File: H:/git/PCB_CQmax10/CQmax10/sample/lcd_samegame/db/mult_3qs.tdf Line: 31
Info (12130): Elaborated megafunction instantiation "touch_controller:u_touch|lpm_mult:Mult0" File: H:/git/PCB_CQmax10/CQmax10/sample/lcd_samegame/rtl/touch_controller.sv Line: 154
Info (12133): Instantiated megafunction "touch_controller:u_touch|lpm_mult:Mult0" with the following parameter: File: H:/git/PCB_CQmax10/CQmax10/sample/lcd_samegame/rtl/touch_controller.sv Line: 154
    Info (12134): Parameter "LPM_WIDTHA" = "22"
    Info (12134): Parameter "LPM_WIDTHB" = "9"
    Info (12134): Parameter "LPM_WIDTHP" = "31"
    Info (12134): Parameter "LPM_WIDTHR" = "31"
    Info (12134): Parameter "LPM_WIDTHS" = "1"
    Info (12134): Parameter "LPM_REPRESENTATION" = "UNSIGNED"
    Info (12134): Parameter "INPUT_A_IS_CONSTANT" = "NO"
    Info (12134): Parameter "INPUT_B_IS_CONSTANT" = "YES"
    Info (12134): Parameter "MAXIMIZE_SPEED" = "5"
Info (12021): Found 1 design units, including 1 entities, in source file db/mult_ups.tdf
    Info (12023): Found entity 1: mult_ups File: H:/git/PCB_CQmax10/CQmax10/sample/lcd_samegame/db/mult_ups.tdf Line: 31
Info (12130): Elaborated megafunction instantiation "lcd_renderer:u_render|lpm_mult:Mult2" File: H:/git/PCB_CQmax10/CQmax10/sample/lcd_samegame/rtl/lcd_renderer.sv Line: 265
Info (12133): Instantiated megafunction "lcd_renderer:u_render|lpm_mult:Mult2" with the following parameter: File: H:/git/PCB_CQmax10/CQmax10/sample/lcd_samegame/rtl/lcd_renderer.sv Line: 265
    Info (12134): Parameter "LPM_WIDTHA" = "3"
    Info (12134): Parameter "LPM_WIDTHB" = "9"
    Info (12134): Parameter "LPM_WIDTHP" = "12"
    Info (12134): Parameter "LPM_WIDTHR" = "12"
    Info (12134): Parameter "LPM_WIDTHS" = "1"
    Info (12134): Parameter "LPM_REPRESENTATION" = "UNSIGNED"
    Info (12134): Parameter "INPUT_A_IS_CONSTANT" = "NO"
    Info (12134): Parameter "INPUT_B_IS_CONSTANT" = "YES"
    Info (12134): Parameter "MAXIMIZE_SPEED" = "5"
Info (12131): Elaborated megafunction instantiation "lcd_renderer:u_render|lpm_mult:Mult2|multcore:mult_core", which is child of megafunction instantiation "lcd_renderer:u_render|lpm_mult:Mult2" File: h:/altera_lite/25.1std/quartus/libraries/megafunctions/lpm_mult.tdf Line: 309
Info (12131): Elaborated megafunction instantiation "lcd_renderer:u_render|lpm_mult:Mult2|multcore:mult_core|mpar_add:padder", which is child of megafunction instantiation "lcd_renderer:u_render|lpm_mult:Mult2" File: h:/altera_lite/25.1std/quartus/libraries/megafunctions/multcore.tdf Line: 229
Info (12131): Elaborated megafunction instantiation "lcd_renderer:u_render|lpm_mult:Mult2|altshift:external_latency_ffs", which is child of megafunction instantiation "lcd_renderer:u_render|lpm_mult:Mult2" File: h:/altera_lite/25.1std/quartus/libraries/megafunctions/lpm_mult.tdf Line: 352
Info (12130): Elaborated megafunction instantiation "lcd_renderer:u_render|lpm_mult:Mult0" File: H:/git/PCB_CQmax10/CQmax10/sample/lcd_samegame/rtl/lcd_renderer.sv Line: 87
Info (12133): Instantiated megafunction "lcd_renderer:u_render|lpm_mult:Mult0" with the following parameter: File: H:/git/PCB_CQmax10/CQmax10/sample/lcd_samegame/rtl/lcd_renderer.sv Line: 87
    Info (12134): Parameter "LPM_WIDTHA" = "9"
    Info (12134): Parameter "LPM_WIDTHB" = "9"
    Info (12134): Parameter "LPM_WIDTHP" = "18"
    Info (12134): Parameter "LPM_WIDTHR" = "18"
    Info (12134): Parameter "LPM_WIDTHS" = "1"
    Info (12134): Parameter "LPM_REPRESENTATION" = "UNSIGNED"
    Info (12134): Parameter "INPUT_A_IS_CONSTANT" = "NO"
    Info (12134): Parameter "INPUT_B_IS_CONSTANT" = "YES"
    Info (12134): Parameter "MAXIMIZE_SPEED" = "5"
Info (12131): Elaborated megafunction instantiation "lcd_renderer:u_render|lpm_mult:Mult0|multcore:mult_core", which is child of megafunction instantiation "lcd_renderer:u_render|lpm_mult:Mult0" File: h:/altera_lite/25.1std/quartus/libraries/megafunctions/lpm_mult.tdf Line: 309
Info (12131): Elaborated megafunction instantiation "lcd_renderer:u_render|lpm_mult:Mult0|multcore:mult_core|mpar_add:padder", which is child of megafunction instantiation "lcd_renderer:u_render|lpm_mult:Mult0" File: h:/altera_lite/25.1std/quartus/libraries/megafunctions/multcore.tdf Line: 229
Info (12131): Elaborated megafunction instantiation "lcd_renderer:u_render|lpm_mult:Mult0|multcore:mult_core|mpar_add:padder|lpm_add_sub:adder[0]", which is child of megafunction instantiation "lcd_renderer:u_render|lpm_mult:Mult0" File: h:/altera_lite/25.1std/quartus/libraries/megafunctions/mpar_add.tdf Line: 78
Info (12021): Found 1 design units, including 1 entities, in source file db/add_sub_crg.tdf
    Info (12023): Found entity 1: add_sub_crg File: H:/git/PCB_CQmax10/CQmax10/sample/lcd_samegame/db/add_sub_crg.tdf Line: 23
Info (12131): Elaborated megafunction instantiation "lcd_renderer:u_render|lpm_mult:Mult0|multcore:mult_core|mpar_add:padder|mpar_add:sub_par_add", which is child of megafunction instantiation "lcd_renderer:u_render|lpm_mult:Mult0" File: h:/altera_lite/25.1std/quartus/libraries/megafunctions/mpar_add.tdf Line: 138
Info (12131): Elaborated megafunction instantiation "lcd_renderer:u_render|lpm_mult:Mult0|multcore:mult_core|mpar_add:padder|mpar_add:sub_par_add|lpm_add_sub:adder[0]", which is child of megafunction instantiation "lcd_renderer:u_render|lpm_mult:Mult0" File: h:/altera_lite/25.1std/quartus/libraries/megafunctions/mpar_add.tdf Line: 78
Info (12021): Found 1 design units, including 1 entities, in source file db/add_sub_grg.tdf
    Info (12023): Found entity 1: add_sub_grg File: H:/git/PCB_CQmax10/CQmax10/sample/lcd_samegame/db/add_sub_grg.tdf Line: 23
Info (12131): Elaborated megafunction instantiation "lcd_renderer:u_render|lpm_mult:Mult0|altshift:external_latency_ffs", which is child of megafunction instantiation "lcd_renderer:u_render|lpm_mult:Mult0" File: h:/altera_lite/25.1std/quartus/libraries/megafunctions/lpm_mult.tdf Line: 352
Info (12130): Elaborated megafunction instantiation "lcd_renderer:u_render|lpm_mult:Mult1" File: H:/git/PCB_CQmax10/CQmax10/sample/lcd_samegame/rtl/lcd_renderer.sv Line: 88
Info (12133): Instantiated megafunction "lcd_renderer:u_render|lpm_mult:Mult1" with the following parameter: File: H:/git/PCB_CQmax10/CQmax10/sample/lcd_samegame/rtl/lcd_renderer.sv Line: 88
    Info (12134): Parameter "LPM_WIDTHA" = "8"
    Info (12134): Parameter "LPM_WIDTHB" = "9"
    Info (12134): Parameter "LPM_WIDTHP" = "17"
    Info (12134): Parameter "LPM_WIDTHR" = "17"
    Info (12134): Parameter "LPM_WIDTHS" = "1"
    Info (12134): Parameter "LPM_REPRESENTATION" = "UNSIGNED"
    Info (12134): Parameter "INPUT_A_IS_CONSTANT" = "NO"
    Info (12134): Parameter "INPUT_B_IS_CONSTANT" = "YES"
    Info (12134): Parameter "MAXIMIZE_SPEED" = "5"
Info (12131): Elaborated megafunction instantiation "lcd_renderer:u_render|lpm_mult:Mult1|multcore:mult_core", which is child of megafunction instantiation "lcd_renderer:u_render|lpm_mult:Mult1" File: h:/altera_lite/25.1std/quartus/libraries/megafunctions/lpm_mult.tdf Line: 309
Info (12131): Elaborated megafunction instantiation "lcd_renderer:u_render|lpm_mult:Mult1|multcore:mult_core|mpar_add:padder", which is child of megafunction instantiation "lcd_renderer:u_render|lpm_mult:Mult1" File: h:/altera_lite/25.1std/quartus/libraries/megafunctions/multcore.tdf Line: 229
Info (12131): Elaborated megafunction instantiation "lcd_renderer:u_render|lpm_mult:Mult1|altshift:external_latency_ffs", which is child of megafunction instantiation "lcd_renderer:u_render|lpm_mult:Mult1" File: h:/altera_lite/25.1std/quartus/libraries/megafunctions/lpm_mult.tdf Line: 352
Info (13014): Ignored 21 buffer(s)
    Info (13019): Ignored 21 SOFT buffer(s)
Info (286030): Timing-Driven Synthesis is running
Info (17049): 66 registers lost all their fanouts during netlist optimizations.
Info (144001): Generated suppressed messages file H:/git/PCB_CQmax10/CQmax10/sample/lcd_samegame/output_files/lcd_game.map.smsg
Info (16010): Generating hard_block partition "hard_block:auto_generated_inst"
    Info (16011): Adding 0 node(s), including 0 DDIO, 0 PLL, 0 transceiver and 0 LCELL
Warning (21074): Design contains 2 input pin(s) that do not drive logic
    Warning (15610): No output dependent on input pin "sw1" File: H:/git/PCB_CQmax10/CQmax10/sample/lcd_samegame/rtl/samegame_top.sv Line: 39
    Warning (15610): No output dependent on input pin "sw2" File: H:/git/PCB_CQmax10/CQmax10/sample/lcd_samegame/rtl/samegame_top.sv Line: 40
Info (21057): Implemented 10129 device resources after synthesis - the final resource count might be different
    Info (21058): Implemented 5 input pins
    Info (21059): Implemented 12 output pins
    Info (21061): Implemented 10081 logic cells
    Info (21064): Implemented 24 RAM segments
    Info (21062): Implemented 6 DSP elements
    Info (21070): Implemented 1 User Flash Memory blocks
Info: Quartus Prime Analysis & Synthesis was successful. 0 errors, 21 warnings
    Info: Peak virtual memory: 4937 megabytes
    Info: Processing ended: Sat Sep 26 04:41:59 2026
    Info: Elapsed time: 00:00:42
    Info: Total CPU time (on all processors): 00:00:57
Info: *******************************************************************
Info: Running Quartus Prime Fitter
    Info: Version 25.1std.0 Build 1129 10/21/2025 SC Lite Edition
    Info: Processing started: Sat Sep 26 04:42:00 2026
Info: Command: quartus_fit --read_settings_files=off --write_settings_files=off lcd_game -c lcd_game
Info: qfit2_default_script.tcl version: #1
Info: Project  = lcd_game
Info: Revision = lcd_game
Info (20030): Parallel compilation is enabled and will use 16 of the 16 processors detected
Info (119006): Selected device 10M08SCE144C8G for design "lcd_game"
Info (22896): The CONFIG_SEL pin is disabled. It is not supported for MAX 10 devices with compact features.
Info (21077): Low junction temperature is 0 degrees C
Info (21077): High junction temperature is 85 degrees C
Info (171003): Fitter is performing an Auto Fit compilation, which may decrease Fitter effort to reduce compilation time
Warning (292013): Feature LogicLock is only available with a valid subscription license. You can purchase a software subscription to gain full access to this feature.
Critical Warning (16562): Review the Power Analyzer report file (<design>.pow.rpt) to ensure your design is within the maximum power utilization limit of the single power-supply target device and to avoid functional failures.
Info (176444): Device migration not selected. If you intend to use device migration later, you may need to change the pin assignments as they may be incompatible with other devices
    Info (176445): Device 10M04SCE144C8G is compatible
    Info (176445): Device 10M16SCE144C8G is compatible
    Info (176445): Device 10M25SCE144C8G is compatible
Info (169124): Fitter converted 7 user pins into dedicated programming pins
    Info (169125): Pin ~ALTERA_TMS~ is reserved at location 16
    Info (169125): Pin ~ALTERA_TCK~ is reserved at location 18
    Info (169125): Pin ~ALTERA_TDI~ is reserved at location 19
    Info (169125): Pin ~ALTERA_TDO~ is reserved at location 20
    Info (169125): Pin ~ALTERA_nCONFIG~ is reserved at location 129
    Info (169125): Pin ~ALTERA_nSTATUS~ is reserved at location 136
    Info (169125): Pin ~ALTERA_CONF_DONE~ is reserved at location 138
Info (169141): DATA[0] dual-purpose pin not reserved
Info (12825): Data[1]/ASDO dual-purpose pin not reserved
Info (12825): nCSO dual-purpose pin not reserved
Info (12825): DCLK dual-purpose pin not reserved
Warning (15714): Some pins have incomplete I/O assignments. Refer to the I/O Assignment Warnings report for details
Info (176045): Design uses memory blocks. Violating setup or hold times of memory block address registers for either read or write operations could cause memory contents to be corrupted. Make sure that all memory block address registers meet the setup and hold time requirements.
Info (332164): Evaluating HDL-embedded SDC commands
    Info (332165): Entity altera_std_synchronizer
        Info (332166): set_false_path -to [get_keepers {*altera_std_synchronizer:*|din_s1}]
Warning (332174): Ignored filter at qfit2_legacy_fmain_fitter_flow.tcl(117): *altera_std_synchronizer:*|din_s1 could not be matched with a keeper File: H:/altera_lite/25.1std/quartus/common/tcl/internal/qfit2_legacy_fmain_fitter_flow.tcl Line: 117
Warning (332049): Ignored set_false_path at qfit2_legacy_fmain_fitter_flow.tcl(117): Argument <to> is an empty collection File: H:/altera_lite/25.1std/quartus/common/tcl/internal/qfit2_legacy_fmain_fitter_flow.tcl Line: 117
    Info (332050): run_legacy_fitter_flow File: H:/altera_lite/25.1std/quartus/common/tcl/internal/qfit2_legacy_fmain_fitter_flow.tcl Line: 117
Info (332104): Reading SDC File: 'logo_flash/synthesis/submodules/altera_onchip_flash.sdc'
Warning (332174): Ignored filter at altera_onchip_flash.sdc(120): *|flash_busy_reg could not be matched with a register File: H:/git/PCB_CQmax10/CQmax10/sample/lcd_samegame/logo_flash/synthesis/submodules/altera_onchip_flash.sdc Line: 120
Warning (332049): Ignored set_false_path at altera_onchip_flash.sdc(120): Argument <to> is an empty collection File: H:/git/PCB_CQmax10/CQmax10/sample/lcd_samegame/logo_flash/synthesis/submodules/altera_onchip_flash.sdc Line: 120
    Info (332050): set_false_path -to [get_registers {*|flash_busy_reg}] File: H:/git/PCB_CQmax10/CQmax10/sample/lcd_samegame/logo_flash/synthesis/submodules/altera_onchip_flash.sdc Line: 120
Warning (332174): Ignored filter at altera_onchip_flash.sdc(122): *|flash_busy_clear_reg could not be matched with a register File: H:/git/PCB_CQmax10/CQmax10/sample/lcd_samegame/logo_flash/synthesis/submodules/altera_onchip_flash.sdc Line: 122
Warning (332049): Ignored set_false_path at altera_onchip_flash.sdc(122): Argument <to> is an empty collection File: H:/git/PCB_CQmax10/CQmax10/sample/lcd_samegame/logo_flash/synthesis/submodules/altera_onchip_flash.sdc Line: 122
    Info (332050): set_false_path -to [get_registers {*|flash_busy_clear_reg}] File: H:/git/PCB_CQmax10/CQmax10/sample/lcd_samegame/logo_flash/synthesis/submodules/altera_onchip_flash.sdc Line: 122
Info (332104): Reading SDC File: 'lcd_game.sdc'
Info (332151): Clock uncertainty is not calculated until you update the timing netlist.
Info (332154): The derive_clock_uncertainty command did not apply clock uncertainty to any clock-to-clock transfers.
Info (332129): Detected timing requirements -- optimizing circuit to achieve only the specified requirements
Info (332111): Found 1 clocks
    Info (332111):   Period   Clock Name
    Info (332111): ======== ============
    Info (332111):   20.000          clk
Info (176353): Automatically promoted node clk~input (placed in PIN 88 (CLK2p, DIFFIO_RX_R14p, DIFFOUT_R14p, High_Speed)) File: H:/git/PCB_CQmax10/CQmax10/sample/lcd_samegame/rtl/samegame_top.sv Line: 36
    Info (176355): Automatically promoted destinations to use location or clock signal Global Clock CLKCTRL_G9
    Info (176356): Following destination nodes may be non-global or may not use global or regional clocks
        Info (176357): Destination node logo_flash:u_ufm|altera_onchip_flash:ufm|altera_onchip_flash_avmm_data_controller:avmm_data_controller|enable_drclk_neg_reg File: H:/git/PCB_CQmax10/CQmax10/sample/lcd_samegame/logo_flash/synthesis/submodules/altera_onchip_flash_avmm_data_controller.v Line: 214
        Info (176357): Destination node logo_flash:u_ufm|altera_onchip_flash:ufm|altera_onchip_flash_avmm_data_controller:avmm_data_controller|enable_arclk_neg_pos_reg File: H:/git/PCB_CQmax10/CQmax10/sample/lcd_samegame/logo_flash/synthesis/submodules/altera_onchip_flash_avmm_data_controller.v Line: 213
        Info (176357): Destination node logo_flash:u_ufm|altera_onchip_flash:ufm|altera_onchip_flash_avmm_data_controller:avmm_data_controller|enable_arclk_neg_reg File: H:/git/PCB_CQmax10/CQmax10/sample/lcd_samegame/logo_flash/synthesis/submodules/altera_onchip_flash_avmm_data_controller.v Line: 212
        Info (176357): Destination node logo_flash:u_ufm|altera_onchip_flash:ufm|altera_onchip_flash_avmm_data_controller:avmm_data_controller|flash_arclk~0 File: H:/git/PCB_CQmax10/CQmax10/sample/lcd_samegame/logo_flash/synthesis/submodules/altera_onchip_flash_avmm_data_controller.v Line: 165
        Info (176357): Destination node logo_flash:u_ufm|altera_onchip_flash:ufm|altera_onchip_flash_avmm_data_controller:avmm_data_controller|enable_drclk_neg_pos_reg File: H:/git/PCB_CQmax10/CQmax10/sample/lcd_samegame/logo_flash/synthesis/submodules/altera_onchip_flash_avmm_data_controller.v Line: 215
        Info (176357): Destination node logo_flash:u_ufm|altera_onchip_flash:ufm|altera_onchip_flash_avmm_data_controller:avmm_data_controller|flash_drclk~0 File: H:/git/PCB_CQmax10/CQmax10/sample/lcd_samegame/logo_flash/synthesis/submodules/altera_onchip_flash_avmm_data_controller.v Line: 167
        Info (176357): Destination node logo_flash:u_ufm|altera_onchip_flash:ufm|altera_onchip_flash_avmm_data_controller:avmm_data_controller|flash_se_neg_reg File: H:/git/PCB_CQmax10/CQmax10/sample/lcd_samegame/logo_flash/synthesis/submodules/altera_onchip_flash_avmm_data_controller.v Line: 457
Info (176233): Starting register packing
Info (176235): Finished register packing
    Extra Info (176219): No registers were packed into other blocks
Info (171121): Fitter preparation operations ending: elapsed time is 00:00:05
Info (14896): Fitter has disabled Advanced Physical Optimization because it is not supported for the current family.
Info (170189): Fitter placement preparation operations beginning
Info (170190): Fitter placement preparation operations ending: elapsed time is 00:00:04
Info (170191): Fitter placement operations beginning
Info (170137): Fitter placement was successful
Info (170192): Fitter placement operations ending: elapsed time is 00:00:14
Info (170193): Fitter routing operations beginning
Info (170195): Router estimated average interconnect usage is 34% of the available device resources
    Info (170196): Router estimated peak interconnect usage is 55% of the available device resources in the region that extends from location X10_Y0 to location X20_Y12
Info (170199): The Fitter performed an Auto Fit compilation.  Optimizations were skipped to reduce compilation time.
    Info (170201): Optimizations that may affect the design's routability were skipped
Info (170194): Fitter routing operations ending: elapsed time is 00:03:37
Info (11888): Total time spent on timing analysis during the Fitter is 6.45 seconds.
Info (334003): Started post-fitting delay annotation
Info (334004): Delay annotation completed successfully
Info (334003): Started post-fitting delay annotation
Info (334004): Delay annotation completed successfully
Info (11218): Fitter post-fit operations ending: elapsed time is 00:00:06
Warning (169177): 5 pins must meet Intel FPGA requirements for 3.3-, 3.0-, and 2.5-V interfaces. For more information, refer to AN 447: Interfacing MAX 10 Devices with 3.3/3.0/2.5-V LVTTL/LVCMOS I/O Systems.
    Info (169178): Pin sw1 uses I/O standard 3.3-V LVCMOS at 62 File: H:/git/PCB_CQmax10/CQmax10/sample/lcd_samegame/rtl/samegame_top.sv Line: 39
    Info (169178): Pin sw2 uses I/O standard 3.3-V LVCMOS at 48 File: H:/git/PCB_CQmax10/CQmax10/sample/lcd_samegame/rtl/samegame_top.sv Line: 40
    Info (169178): Pin clk uses I/O standard 3.3-V LVCMOS at 88 File: H:/git/PCB_CQmax10/CQmax10/sample/lcd_samegame/rtl/samegame_top.sv Line: 36
    Info (169178): Pin btn_rst uses I/O standard 3.3-V LVCMOS at 17 File: H:/git/PCB_CQmax10/CQmax10/sample/lcd_samegame/rtl/samegame_top.sv Line: 37
    Info (169178): Pin touch_miso uses I/O standard 3.3-V LVCMOS at 56 File: H:/git/PCB_CQmax10/CQmax10/sample/lcd_samegame/rtl/samegame_top.sv Line: 49
Info (144001): Generated suppressed messages file H:/git/PCB_CQmax10/CQmax10/sample/lcd_samegame/output_files/lcd_game.fit.smsg
Info: Quartus Prime Fitter was successful. 0 errors, 10 warnings
    Info: Peak virtual memory: 6662 megabytes
    Info: Processing ended: Sat Sep 26 04:46:13 2026
    Info: Elapsed time: 00:04:13
    Info: Total CPU time (on all processors): 00:05:55
Info: *******************************************************************
Info: Running Quartus Prime Assembler
    Info: Version 25.1std.0 Build 1129 10/21/2025 SC Lite Edition
    Info: Processing started: Sat Sep 26 04:46:14 2026
Info: Command: quartus_asm --read_settings_files=off --write_settings_files=off lcd_game -c lcd_game
Info (115031): Writing out detailed assembly data for power analysis
Info (115030): Assembler is generating device programming files
Info: Quartus Prime Assembler was successful. 0 errors, 0 warnings
    Info: Peak virtual memory: 4727 megabytes
    Info: Processing ended: Sat Sep 26 04:46:16 2026
    Info: Elapsed time: 00:00:02
    Info: Total CPU time (on all processors): 00:00:02
Info: *******************************************************************
Info: Running Quartus Prime Power Analyzer
    Info: Version 25.1std.0 Build 1129 10/21/2025 SC Lite Edition
    Info: Processing started: Sat Sep 26 04:46:17 2026
Info: Command: quartus_pow --read_settings_files=off --write_settings_files=off lcd_game -c lcd_game
Info (21077): Low junction temperature is 0 degrees C
Info (21077): High junction temperature is 85 degrees C
Info (332164): Evaluating HDL-embedded SDC commands
    Info (332165): Entity altera_std_synchronizer
        Info (332166): set_false_path -to [get_keepers {*altera_std_synchronizer:*|din_s1}]
Warning (332173): Ignored filter: *altera_std_synchronizer:*|din_s1 could not be matched with a keeper
Warning (332048): Ignored set_false_path: Argument <to> is an empty collection
Info (332104): Reading SDC File: 'logo_flash/synthesis/submodules/altera_onchip_flash.sdc'
Warning (332174): Ignored filter at altera_onchip_flash.sdc(120): *|flash_busy_reg could not be matched with a register File: H:/git/PCB_CQmax10/CQmax10/sample/lcd_samegame/logo_flash/synthesis/submodules/altera_onchip_flash.sdc Line: 120
Warning (332049): Ignored set_false_path at altera_onchip_flash.sdc(120): Argument <to> is an empty collection File: H:/git/PCB_CQmax10/CQmax10/sample/lcd_samegame/logo_flash/synthesis/submodules/altera_onchip_flash.sdc Line: 120
    Info (332050): set_false_path -to [get_registers {*|flash_busy_reg}] File: H:/git/PCB_CQmax10/CQmax10/sample/lcd_samegame/logo_flash/synthesis/submodules/altera_onchip_flash.sdc Line: 120
Warning (332174): Ignored filter at altera_onchip_flash.sdc(122): *|flash_busy_clear_reg could not be matched with a register File: H:/git/PCB_CQmax10/CQmax10/sample/lcd_samegame/logo_flash/synthesis/submodules/altera_onchip_flash.sdc Line: 122
Warning (332049): Ignored set_false_path at altera_onchip_flash.sdc(122): Argument <to> is an empty collection File: H:/git/PCB_CQmax10/CQmax10/sample/lcd_samegame/logo_flash/synthesis/submodules/altera_onchip_flash.sdc Line: 122
    Info (332050): set_false_path -to [get_registers {*|flash_busy_clear_reg}] File: H:/git/PCB_CQmax10/CQmax10/sample/lcd_samegame/logo_flash/synthesis/submodules/altera_onchip_flash.sdc Line: 122
Info (332104): Reading SDC File: 'lcd_game.sdc'
Info (332151): Clock uncertainty is not calculated until you update the timing netlist.
Info (332123): Deriving Clock Uncertainty. Please refer to report_sdc in the Timing Analyzer to see clock uncertainties.
Info (223000): Starting Vectorless Power Activity Estimation
Warning (222013): Relative toggle rates could not be calculated because no clock domain could be identified for some nodes
Info (223001): Completed Vectorless Power Activity Estimation
Info (218000): Using Advanced I/O Power to simulate I/O buffers with the specified board trace model
Warning (215044): No board thermal model was selected.  Analyzing without board thermal modeling.
Info (334003): Started post-fitting delay annotation
Info (334004): Delay annotation completed successfully
Info (215049): Average toggle rate for this design is 5.891 millions of transitions / sec
Info (215031): Total thermal power estimate for the design is 279.42 mW
Info: Quartus Prime Power Analyzer was successful. 0 errors, 8 warnings
    Info: Peak virtual memory: 5077 megabytes
    Info: Processing ended: Sat Sep 26 04:46:24 2026
    Info: Elapsed time: 00:00:07
    Info: Total CPU time (on all processors): 00:00:24
Info: *******************************************************************
Info: Running Quartus Prime Timing Analyzer
    Info: Version 25.1std.0 Build 1129 10/21/2025 SC Lite Edition
    Info: Processing started: Sat Sep 26 04:46:25 2026
Info: Command: quartus_sta lcd_game -c lcd_game
Info: qsta_default_script.tcl version: #1
Info (20030): Parallel compilation is enabled and will use 16 of the 16 processors detected
Info (21077): Low junction temperature is 0 degrees C
Info (21077): High junction temperature is 85 degrees C
Info (332164): Evaluating HDL-embedded SDC commands
    Info (332165): Entity altera_std_synchronizer
        Info (332166): set_false_path -to [get_keepers {*altera_std_synchronizer:*|din_s1}]
Warning (332174): Ignored filter at qsta_default_script.tcl(1297): *altera_std_synchronizer:*|din_s1 could not be matched with a keeper File: H:/altera_lite/25.1std/quartus/common/tcl/internal/qsta_default_script.tcl Line: 1297
Warning (332049): Ignored set_false_path at qsta_default_script.tcl(1297): Argument <to> is an empty collection File: H:/altera_lite/25.1std/quartus/common/tcl/internal/qsta_default_script.tcl Line: 1297
    Info (332050): read_sdc File: H:/altera_lite/25.1std/quartus/common/tcl/internal/qsta_default_script.tcl Line: 1297
Info (332104): Reading SDC File: 'logo_flash/synthesis/submodules/altera_onchip_flash.sdc'
Warning (332174): Ignored filter at altera_onchip_flash.sdc(120): *|flash_busy_reg could not be matched with a register File: H:/git/PCB_CQmax10/CQmax10/sample/lcd_samegame/logo_flash/synthesis/submodules/altera_onchip_flash.sdc Line: 120
Warning (332049): Ignored set_false_path at altera_onchip_flash.sdc(120): Argument <to> is an empty collection File: H:/git/PCB_CQmax10/CQmax10/sample/lcd_samegame/logo_flash/synthesis/submodules/altera_onchip_flash.sdc Line: 120
    Info (332050): set_false_path -to [get_registers {*|flash_busy_reg}] File: H:/git/PCB_CQmax10/CQmax10/sample/lcd_samegame/logo_flash/synthesis/submodules/altera_onchip_flash.sdc Line: 120
Warning (332174): Ignored filter at altera_onchip_flash.sdc(122): *|flash_busy_clear_reg could not be matched with a register File: H:/git/PCB_CQmax10/CQmax10/sample/lcd_samegame/logo_flash/synthesis/submodules/altera_onchip_flash.sdc Line: 122
Warning (332049): Ignored set_false_path at altera_onchip_flash.sdc(122): Argument <to> is an empty collection File: H:/git/PCB_CQmax10/CQmax10/sample/lcd_samegame/logo_flash/synthesis/submodules/altera_onchip_flash.sdc Line: 122
    Info (332050): set_false_path -to [get_registers {*|flash_busy_clear_reg}] File: H:/git/PCB_CQmax10/CQmax10/sample/lcd_samegame/logo_flash/synthesis/submodules/altera_onchip_flash.sdc Line: 122
Info (332104): Reading SDC File: 'lcd_game.sdc'
Info (332151): Clock uncertainty is not calculated until you update the timing netlist.
Info (332123): Deriving Clock Uncertainty. Please refer to report_sdc in the Timing Analyzer to see clock uncertainties.
Info: Found TIMING_ANALYZER_REPORT_SCRIPT_INCLUDE_DEFAULT_ANALYSIS = ON
Info: Analyzing Slow 1200mV 85C Model
Info: Can't run Report Timing Closure Recommendations. The current device family is not supported.
Critical Warning (332148): Timing requirements not met
Info (332146): Worst-case setup slack is -22.348
    Info (332119):     Slack       End Point TNS Clock 
    Info (332119): ========= =================== =====================
    Info (332119):   -22.348           -5021.745 clk 
Info (332146): Worst-case hold slack is 0.340
    Info (332119):     Slack       End Point TNS Clock 
    Info (332119): ========= =================== =====================
    Info (332119):     0.340               0.000 clk 
Info (332146): Worst-case recovery slack is 15.838
    Info (332119):     Slack       End Point TNS Clock 
    Info (332119): ========= =================== =====================
    Info (332119):    15.838               0.000 clk 
Info (332146): Worst-case removal slack is 1.750
    Info (332119):     Slack       End Point TNS Clock 
    Info (332119): ========= =================== =====================
    Info (332119):     1.750               0.000 clk 
Info (332146): Worst-case minimum pulse width slack is 7.897
    Info (332119):     Slack       End Point TNS Clock 
    Info (332119): ========= =================== =====================
    Info (332119):     7.897               0.000 clk 
Info (332114): Report Metastability: Found 1 synchronizer chains.
    Info (332114): The design MTBF is not calculated because there are no specified synchronizers in the design.
    Info (332114): Number of Synchronizer Chains Found: 1
    Info (332114): Shortest Synchronizer Chain: 3 Registers
    Info (332114): Fraction of Chains for which MTBFs Could Not be Calculated: 1.000
    Info (332114): Worst Case Available Settling Time: 42.320 ns
Info: Analyzing Slow 1200mV 0C Model
Info (334003): Started post-fitting delay annotation
Info (334004): Delay annotation completed successfully
Info (332123): Deriving Clock Uncertainty. Please refer to report_sdc in the Timing Analyzer to see clock uncertainties.
Critical Warning (332148): Timing requirements not met
Info (332146): Worst-case setup slack is -20.386
    Info (332119):     Slack       End Point TNS Clock 
    Info (332119): ========= =================== =====================
    Info (332119):   -20.386           -3939.479 clk 
Info (332146): Worst-case hold slack is 0.304
    Info (332119):     Slack       End Point TNS Clock 
    Info (332119): ========= =================== =====================
    Info (332119):     0.304               0.000 clk 
Info (332146): Worst-case recovery slack is 16.062
    Info (332119):     Slack       End Point TNS Clock 
    Info (332119): ========= =================== =====================
    Info (332119):    16.062               0.000 clk 
Info (332146): Worst-case removal slack is 1.569
    Info (332119):     Slack       End Point TNS Clock 
    Info (332119): ========= =================== =====================
    Info (332119):     1.569               0.000 clk 
Info (332146): Worst-case minimum pulse width slack is 7.838
    Info (332119):     Slack       End Point TNS Clock 
    Info (332119): ========= =================== =====================
    Info (332119):     7.838               0.000 clk 
Info (332114): Report Metastability: Found 1 synchronizer chains.
    Info (332114): The design MTBF is not calculated because there are no specified synchronizers in the design.
    Info (332114): Number of Synchronizer Chains Found: 1
    Info (332114): Shortest Synchronizer Chain: 3 Registers
    Info (332114): Fraction of Chains for which MTBFs Could Not be Calculated: 1.000
    Info (332114): Worst Case Available Settling Time: 43.076 ns
Info: Analyzing Fast 1200mV 0C Model
Info (332123): Deriving Clock Uncertainty. Please refer to report_sdc in the Timing Analyzer to see clock uncertainties.
Info (332146): Worst-case setup slack is 2.884
    Info (332119):     Slack       End Point TNS Clock 
    Info (332119): ========= =================== =====================
    Info (332119):     2.884               0.000 clk 
Info (332146): Worst-case hold slack is 0.143
    Info (332119):     Slack       End Point TNS Clock 
    Info (332119): ========= =================== =====================
    Info (332119):     0.143               0.000 clk 
Info (332146): Worst-case recovery slack is 18.049
    Info (332119):     Slack       End Point TNS Clock 
    Info (332119): ========= =================== =====================
    Info (332119):    18.049               0.000 clk 
Info (332146): Worst-case removal slack is 0.726
    Info (332119):     Slack       End Point TNS Clock 
    Info (332119): ========= =================== =====================
    Info (332119):     0.726               0.000 clk 
Info (332146): Worst-case minimum pulse width slack is 7.535
    Info (332119):     Slack       End Point TNS Clock 
    Info (332119): ========= =================== =====================
    Info (332119):     7.535               0.000 clk 
Info (332114): Report Metastability: Found 1 synchronizer chains.
    Info (332114): The design MTBF is not calculated because there are no specified synchronizers in the design.
    Info (332114): Number of Synchronizer Chains Found: 1
    Info (332114): Shortest Synchronizer Chain: 3 Registers
    Info (332114): Fraction of Chains for which MTBFs Could Not be Calculated: 1.000
    Info (332114): Worst Case Available Settling Time: 52.280 ns
Info (332102): Design is not fully constrained for setup requirements
Info (332102): Design is not fully constrained for hold requirements
Info: Quartus Prime Timing Analyzer was successful. 0 errors, 8 warnings
    Info: Peak virtual memory: 5028 megabytes
    Info: Processing ended: Sat Sep 26 04:46:31 2026
    Info: Elapsed time: 00:00:06
    Info: Total CPU time (on all processors): 00:00:24
Info (293000): Quartus Prime Full Compilation was successful. 0 errors, 47 warnings
Info (23030): Evaluation of Tcl script h:/altera_lite/25.1std/quartus/common/tcl/internal/qsh_flow.tcl was successful
Info: Quartus Prime Shell was successful. 0 errors, 47 warnings
    Info: Peak virtual memory: 4698 megabytes
    Info: Processing ended: Sat Sep 26 04:46:32 2026
    Info: Elapsed time: 00:05:16
    Info: Total CPU time (on all processors): 00:03:22
