----------------
; Command Info ;
----------------
Report Timing: Found 10 hold paths (0 violated).  Worst case slack is 0.359 

Tcl Command:
    report_timing -hold -file worst_hold.rpt -npaths 10 -detail path_only

Options:
    -hold 
    -npaths 10 
    -detail path_only 
    -file {worst_hold.rpt} 

Delay Model:
    Slow 1200mV 85C Model

+---------------------------------------------------------------------------------------------------------------------------------------------------------------------------------------------------+
; Summary of Paths                                                                                                                                                                                  ;
+-------+----------------------------------------------------------+----------------------------------------------------------+--------------+-------------+--------------+------------+------------+
; Slack ; From Node                                                ; To Node                                                  ; Launch Clock ; Latch Clock ; Relationship ; Clock Skew ; Data Delay ;
+-------+----------------------------------------------------------+----------------------------------------------------------+--------------+-------------+--------------+------------+------------+
; 0.359 ; game_fsm:u_game|column_shift_engine:u_shift|state.S_IDLE ; game_fsm:u_game|column_shift_engine:u_shift|state.S_IDLE ; clk          ; clk         ; 0.000        ; 0.072      ; 0.616      ;
; 0.360 ; ufm_bootloader:u_boot|boot_fail                          ; ufm_bootloader:u_boot|boot_fail                          ; clk          ; clk         ; 0.000        ; 0.071      ; 0.616      ;
; 0.360 ; game_fsm:u_game|game_over                                ; game_fsm:u_game|game_over                                ; clk          ; clk         ; 0.000        ; 0.071      ; 0.616      ;
; 0.360 ; touch_controller:u_touch|touch_sck                       ; touch_controller:u_touch|touch_sck                       ; clk          ; clk         ; 0.000        ; 0.071      ; 0.616      ;
; 0.360 ; touch_controller:u_touch|spi_cmd[5]                      ; touch_controller:u_touch|spi_cmd[5]                      ; clk          ; clk         ; 0.000        ; 0.071      ; 0.616      ;
; 0.360 ; touch_controller:u_touch|spi_cmd[6]                      ; touch_controller:u_touch|spi_cmd[6]                      ; clk          ; clk         ; 0.000        ; 0.071      ; 0.616      ;
; 0.360 ; touch_controller:u_touch|spi_cmd[4]                      ; touch_controller:u_touch|spi_cmd[4]                      ; clk          ; clk         ; 0.000        ; 0.071      ; 0.616      ;
; 0.360 ; touch_controller:u_touch|touch_cs                        ; touch_controller:u_touch|touch_cs                        ; clk          ; clk         ; 0.000        ; 0.071      ; 0.616      ;
; 0.360 ; lcd_ili9341_ctrl:u_lcd|lcd_dc                            ; lcd_ili9341_ctrl:u_lcd|lcd_dc                            ; clk          ; clk         ; 0.000        ; 0.071      ; 0.616      ;
; 0.360 ; lcd_ili9341_ctrl:u_lcd|spi_byte_master:u_spi|sck         ; lcd_ili9341_ctrl:u_lcd|spi_byte_master:u_spi|sck         ; clk          ; clk         ; 0.000        ; 0.071      ; 0.616      ;
+-------+----------------------------------------------------------+----------------------------------------------------------+--------------+-------------+--------------+------------+------------+

Path #1: Hold slack is 0.359 
===============================================================================
+-------------------------------------------------------------------------------+
; Path Summary                                                                  ;
+--------------------+----------------------------------------------------------+
; Property           ; Value                                                    ;
+--------------------+----------------------------------------------------------+
; From Node          ; game_fsm:u_game|column_shift_engine:u_shift|state.S_IDLE ;
; To Node            ; game_fsm:u_game|column_shift_engine:u_shift|state.S_IDLE ;
; Launch Clock       ; clk                                                      ;
; Latch Clock        ; clk                                                      ;
; Data Arrival Time  ; 3.325                                                    ;
; Data Required Time ; 2.966                                                    ;
; Slack              ; 0.359                                                    ;
+--------------------+----------------------------------------------------------+

+--------------------------------------------------------------------------------------+
; Statistics                                                                           ;
+---------------------------+-------+-------+-------------+------------+-------+-------+
; Property                  ; Value ; Count ; Total Delay ; % of Total ; Min   ; Max   ;
+---------------------------+-------+-------+-------------+------------+-------+-------+
; Hold Relationship         ; 0.000 ;       ;             ;            ;       ;       ;
; Clock Skew                ; 0.072 ;       ;             ;            ;       ;       ;
; Data Delay                ; 0.616 ;       ;             ;            ;       ;       ;
; Number of Logic Levels    ;       ; 1     ;             ;            ;       ;       ;
; Physical Delays           ;       ;       ;             ;            ;       ;       ;
;  Arrival Path             ;       ;       ;             ;            ;       ;       ;
;   Clock                   ;       ;       ;             ;            ;       ;       ;
;    Clock Network (Lumped) ;       ; 1     ; 2.709       ; 100        ; 2.709 ; 2.709 ;
;   Data                    ;       ;       ;             ;            ;       ;       ;
;    IC                     ;       ; 2     ; 0.000       ; 0          ; 0.000 ; 0.000 ;
;    Cell                   ;       ; 3     ; 0.397       ; 64         ; 0.000 ; 0.325 ;
;    uTco                   ;       ; 1     ; 0.219       ; 36         ; 0.219 ; 0.219 ;
;  Required Path            ;       ;       ;             ;            ;       ;       ;
;   Clock                   ;       ;       ;             ;            ;       ;       ;
;    Clock Network (Lumped) ;       ; 1     ; 2.802       ; 100        ; 2.802 ; 2.802 ;
+---------------------------+-------+-------+-------------+------------+-------+-------+
Note: Negative delays are omitted from totals when calculating percentages

+------------------------------------------------------------------------------------------------------------------------+
; Data Arrival Path                                                                                                      ;
+---------+---------+----+------+--------+--------------------+----------------------------------------------------------+
; Total   ; Incr    ; RF ; Type ; Fanout ; Location           ; Element                                                  ;
+---------+---------+----+------+--------+--------------------+----------------------------------------------------------+
; 0.000   ; 0.000   ;    ;      ;        ;                    ; launch edge time                                         ;
; 2.709   ; 2.709   ;    ;      ;        ;                    ; clock path                                               ;
;   2.709 ;   2.709 ; R  ;      ;        ;                    ; clock network delay                                      ;
; 3.325   ; 0.616   ;    ;      ;        ;                    ; data path                                                ;
;   2.928 ;   0.219 ;    ; uTco ; 1      ; FF_X30_Y10_N13     ; game_fsm:u_game|column_shift_engine:u_shift|state.S_IDLE ;
;   2.928 ;   0.000 ; FF ; CELL ; 57     ; FF_X30_Y10_N13     ; u_game|u_shift|state.S_IDLE|q                            ;
;   2.928 ;   0.000 ; FF ; IC   ; 1      ; LCCOMB_X30_Y10_N12 ; u_game|u_shift|state~18|datac                            ;
;   3.253 ;   0.325 ; FF ; CELL ; 1      ; LCCOMB_X30_Y10_N12 ; u_game|u_shift|state~18|combout                          ;
;   3.253 ;   0.000 ; FF ; IC   ; 1      ; FF_X30_Y10_N13     ; u_game|u_shift|state.S_IDLE|d                            ;
;   3.325 ;   0.072 ; FF ; CELL ; 1      ; FF_X30_Y10_N13     ; game_fsm:u_game|column_shift_engine:u_shift|state.S_IDLE ;
+---------+---------+----+------+--------+--------------------+----------------------------------------------------------+

+---------------------------------------------------------------------------------------------------------------------+
; Data Required Path                                                                                                  ;
+---------+----------+----+------+--------+----------------+----------------------------------------------------------+
; Total   ; Incr     ; RF ; Type ; Fanout ; Location       ; Element                                                  ;
+---------+----------+----+------+--------+----------------+----------------------------------------------------------+
; 0.000   ; 0.000    ;    ;      ;        ;                ; latch edge time                                          ;
; 2.781   ; 2.781    ;    ;      ;        ;                ; clock path                                               ;
;   2.802 ;   2.802  ; R  ;      ;        ;                ; clock network delay                                      ;
;   2.781 ;   -0.021 ;    ;      ;        ;                ; clock pessimism removed                                  ;
; 2.781   ; 0.000    ;    ;      ;        ;                ; clock uncertainty                                        ;
; 2.966   ; 0.185    ;    ; uTh  ; 1      ; FF_X30_Y10_N13 ; game_fsm:u_game|column_shift_engine:u_shift|state.S_IDLE ;
+---------+----------+----+------+--------+----------------+----------------------------------------------------------+


Path #2: Hold slack is 0.360 
===============================================================================
+------------------------------------------------------+
; Path Summary                                         ;
+--------------------+---------------------------------+
; Property           ; Value                           ;
+--------------------+---------------------------------+
; From Node          ; ufm_bootloader:u_boot|boot_fail ;
; To Node            ; ufm_bootloader:u_boot|boot_fail ;
; Launch Clock       ; clk                             ;
; Latch Clock        ; clk                             ;
; Data Arrival Time  ; 3.312                           ;
; Data Required Time ; 2.952                           ;
; Slack              ; 0.360                           ;
+--------------------+---------------------------------+

+--------------------------------------------------------------------------------------+
; Statistics                                                                           ;
+---------------------------+-------+-------+-------------+------------+-------+-------+
; Property                  ; Value ; Count ; Total Delay ; % of Total ; Min   ; Max   ;
+---------------------------+-------+-------+-------------+------------+-------+-------+
; Hold Relationship         ; 0.000 ;       ;             ;            ;       ;       ;
; Clock Skew                ; 0.071 ;       ;             ;            ;       ;       ;
; Data Delay                ; 0.616 ;       ;             ;            ;       ;       ;
; Number of Logic Levels    ;       ; 1     ;             ;            ;       ;       ;
; Physical Delays           ;       ;       ;             ;            ;       ;       ;
;  Arrival Path             ;       ;       ;             ;            ;       ;       ;
;   Clock                   ;       ;       ;             ;            ;       ;       ;
;    Clock Network (Lumped) ;       ; 1     ; 2.696       ; 100        ; 2.696 ; 2.696 ;
;   Data                    ;       ;       ;             ;            ;       ;       ;
;    IC                     ;       ; 2     ; 0.000       ; 0          ; 0.000 ; 0.000 ;
;    Cell                   ;       ; 3     ; 0.397       ; 64         ; 0.000 ; 0.325 ;
;    uTco                   ;       ; 1     ; 0.219       ; 36         ; 0.219 ; 0.219 ;
;  Required Path            ;       ;       ;             ;            ;       ;       ;
;   Clock                   ;       ;       ;             ;            ;       ;       ;
;    Clock Network (Lumped) ;       ; 1     ; 2.788       ; 100        ; 2.788 ; 2.788 ;
+---------------------------+-------+-------+-------------+------------+-------+-------+
Note: Negative delays are omitted from totals when calculating percentages

+-----------------------------------------------------------------------------------------------+
; Data Arrival Path                                                                             ;
+---------+---------+----+------+--------+--------------------+---------------------------------+
; Total   ; Incr    ; RF ; Type ; Fanout ; Location           ; Element                         ;
+---------+---------+----+------+--------+--------------------+---------------------------------+
; 0.000   ; 0.000   ;    ;      ;        ;                    ; launch edge time                ;
; 2.696   ; 2.696   ;    ;      ;        ;                    ; clock path                      ;
;   2.696 ;   2.696 ; R  ;      ;        ;                    ; clock network delay             ;
; 3.312   ; 0.616   ;    ;      ;        ;                    ; data path                       ;
;   2.915 ;   0.219 ;    ; uTco ; 1      ; FF_X16_Y13_N15     ; ufm_bootloader:u_boot|boot_fail ;
;   2.915 ;   0.000 ; FF ; CELL ; 2      ; FF_X16_Y13_N15     ; u_boot|boot_fail|q              ;
;   2.915 ;   0.000 ; FF ; IC   ; 1      ; LCCOMB_X16_Y13_N14 ; u_boot|boot_fail~1|datac        ;
;   3.240 ;   0.325 ; FF ; CELL ; 1      ; LCCOMB_X16_Y13_N14 ; u_boot|boot_fail~1|combout      ;
;   3.240 ;   0.000 ; FF ; IC   ; 1      ; FF_X16_Y13_N15     ; u_boot|boot_fail|d              ;
;   3.312 ;   0.072 ; FF ; CELL ; 1      ; FF_X16_Y13_N15     ; ufm_bootloader:u_boot|boot_fail ;
+---------+---------+----+------+--------+--------------------+---------------------------------+

+--------------------------------------------------------------------------------------------+
; Data Required Path                                                                         ;
+---------+----------+----+------+--------+----------------+---------------------------------+
; Total   ; Incr     ; RF ; Type ; Fanout ; Location       ; Element                         ;
+---------+----------+----+------+--------+----------------+---------------------------------+
; 0.000   ; 0.000    ;    ;      ;        ;                ; latch edge time                 ;
; 2.767   ; 2.767    ;    ;      ;        ;                ; clock path                      ;
;   2.788 ;   2.788  ; R  ;      ;        ;                ; clock network delay             ;
;   2.767 ;   -0.021 ;    ;      ;        ;                ; clock pessimism removed         ;
; 2.767   ; 0.000    ;    ;      ;        ;                ; clock uncertainty               ;
; 2.952   ; 0.185    ;    ; uTh  ; 1      ; FF_X16_Y13_N15 ; ufm_bootloader:u_boot|boot_fail ;
+---------+----------+----+------+--------+----------------+---------------------------------+


Path #3: Hold slack is 0.360 
===============================================================================
+------------------------------------------------+
; Path Summary                                   ;
+--------------------+---------------------------+
; Property           ; Value                     ;
+--------------------+---------------------------+
; From Node          ; game_fsm:u_game|game_over ;
; To Node            ; game_fsm:u_game|game_over ;
; Launch Clock       ; clk                       ;
; Latch Clock        ; clk                       ;
; Data Arrival Time  ; 3.314                     ;
; Data Required Time ; 2.954                     ;
; Slack              ; 0.360                     ;
+--------------------+---------------------------+

+--------------------------------------------------------------------------------------+
; Statistics                                                                           ;
+---------------------------+-------+-------+-------------+------------+-------+-------+
; Property                  ; Value ; Count ; Total Delay ; % of Total ; Min   ; Max   ;
+---------------------------+-------+-------+-------------+------------+-------+-------+
; Hold Relationship         ; 0.000 ;       ;             ;            ;       ;       ;
; Clock Skew                ; 0.071 ;       ;             ;            ;       ;       ;
; Data Delay                ; 0.616 ;       ;             ;            ;       ;       ;
; Number of Logic Levels    ;       ; 1     ;             ;            ;       ;       ;
; Physical Delays           ;       ;       ;             ;            ;       ;       ;
;  Arrival Path             ;       ;       ;             ;            ;       ;       ;
;   Clock                   ;       ;       ;             ;            ;       ;       ;
;    Clock Network (Lumped) ;       ; 1     ; 2.698       ; 100        ; 2.698 ; 2.698 ;
;   Data                    ;       ;       ;             ;            ;       ;       ;
;    IC                     ;       ; 2     ; 0.000       ; 0          ; 0.000 ; 0.000 ;
;    Cell                   ;       ; 3     ; 0.397       ; 64         ; 0.000 ; 0.325 ;
;    uTco                   ;       ; 1     ; 0.219       ; 36         ; 0.219 ; 0.219 ;
;  Required Path            ;       ;       ;             ;            ;       ;       ;
;   Clock                   ;       ;       ;             ;            ;       ;       ;
;    Clock Network (Lumped) ;       ; 1     ; 2.790       ; 100        ; 2.790 ; 2.790 ;
+---------------------------+-------+-------+-------------+------------+-------+-------+
Note: Negative delays are omitted from totals when calculating percentages

+------------------------------------------------------------------------------------------+
; Data Arrival Path                                                                        ;
+---------+---------+----+------+--------+--------------------+----------------------------+
; Total   ; Incr    ; RF ; Type ; Fanout ; Location           ; Element                    ;
+---------+---------+----+------+--------+--------------------+----------------------------+
; 0.000   ; 0.000   ;    ;      ;        ;                    ; launch edge time           ;
; 2.698   ; 2.698   ;    ;      ;        ;                    ; clock path                 ;
;   2.698 ;   2.698 ; R  ;      ;        ;                    ; clock network delay        ;
; 3.314   ; 0.616   ;    ;      ;        ;                    ; data path                  ;
;   2.917 ;   0.219 ;    ; uTco ; 1      ; FF_X17_Y12_N25     ; game_fsm:u_game|game_over  ;
;   2.917 ;   0.000 ; FF ; CELL ; 2      ; FF_X17_Y12_N25     ; u_game|game_over|q         ;
;   2.917 ;   0.000 ; FF ; IC   ; 1      ; LCCOMB_X17_Y12_N24 ; u_game|game_over~0|datac   ;
;   3.242 ;   0.325 ; FF ; CELL ; 1      ; LCCOMB_X17_Y12_N24 ; u_game|game_over~0|combout ;
;   3.242 ;   0.000 ; FF ; IC   ; 1      ; FF_X17_Y12_N25     ; u_game|game_over|d         ;
;   3.314 ;   0.072 ; FF ; CELL ; 1      ; FF_X17_Y12_N25     ; game_fsm:u_game|game_over  ;
+---------+---------+----+------+--------+--------------------+----------------------------+

+--------------------------------------------------------------------------------------+
; Data Required Path                                                                   ;
+---------+----------+----+------+--------+----------------+---------------------------+
; Total   ; Incr     ; RF ; Type ; Fanout ; Location       ; Element                   ;
+---------+----------+----+------+--------+----------------+---------------------------+
; 0.000   ; 0.000    ;    ;      ;        ;                ; latch edge time           ;
; 2.769   ; 2.769    ;    ;      ;        ;                ; clock path                ;
;   2.790 ;   2.790  ; R  ;      ;        ;                ; clock network delay       ;
;   2.769 ;   -0.021 ;    ;      ;        ;                ; clock pessimism removed   ;
; 2.769   ; 0.000    ;    ;      ;        ;                ; clock uncertainty         ;
; 2.954   ; 0.185    ;    ; uTh  ; 1      ; FF_X17_Y12_N25 ; game_fsm:u_game|game_over ;
+---------+----------+----+------+--------+----------------+---------------------------+


Path #4: Hold slack is 0.360 
===============================================================================
+---------------------------------------------------------+
; Path Summary                                            ;
+--------------------+------------------------------------+
; Property           ; Value                              ;
+--------------------+------------------------------------+
; From Node          ; touch_controller:u_touch|touch_sck ;
; To Node            ; touch_controller:u_touch|touch_sck ;
; Launch Clock       ; clk                                ;
; Latch Clock        ; clk                                ;
; Data Arrival Time  ; 3.321                              ;
; Data Required Time ; 2.961                              ;
; Slack              ; 0.360                              ;
+--------------------+------------------------------------+

+--------------------------------------------------------------------------------------+
; Statistics                                                                           ;
+---------------------------+-------+-------+-------------+------------+-------+-------+
; Property                  ; Value ; Count ; Total Delay ; % of Total ; Min   ; Max   ;
+---------------------------+-------+-------+-------------+------------+-------+-------+
; Hold Relationship         ; 0.000 ;       ;             ;            ;       ;       ;
; Clock Skew                ; 0.071 ;       ;             ;            ;       ;       ;
; Data Delay                ; 0.616 ;       ;             ;            ;       ;       ;
; Number of Logic Levels    ;       ; 1     ;             ;            ;       ;       ;
; Physical Delays           ;       ;       ;             ;            ;       ;       ;
;  Arrival Path             ;       ;       ;             ;            ;       ;       ;
;   Clock                   ;       ;       ;             ;            ;       ;       ;
;    Clock Network (Lumped) ;       ; 1     ; 2.705       ; 100        ; 2.705 ; 2.705 ;
;   Data                    ;       ;       ;             ;            ;       ;       ;
;    IC                     ;       ; 2     ; 0.000       ; 0          ; 0.000 ; 0.000 ;
;    Cell                   ;       ; 3     ; 0.397       ; 64         ; 0.000 ; 0.325 ;
;    uTco                   ;       ; 1     ; 0.219       ; 36         ; 0.219 ; 0.219 ;
;  Required Path            ;       ;       ;             ;            ;       ;       ;
;   Clock                   ;       ;       ;             ;            ;       ;       ;
;    Clock Network (Lumped) ;       ; 1     ; 2.797       ; 100        ; 2.797 ; 2.797 ;
+---------------------------+-------+-------+-------------+------------+-------+-------+
Note: Negative delays are omitted from totals when calculating percentages

+--------------------------------------------------------------------------------------------------+
; Data Arrival Path                                                                                ;
+---------+---------+----+------+--------+--------------------+------------------------------------+
; Total   ; Incr    ; RF ; Type ; Fanout ; Location           ; Element                            ;
+---------+---------+----+------+--------+--------------------+------------------------------------+
; 0.000   ; 0.000   ;    ;      ;        ;                    ; launch edge time                   ;
; 2.705   ; 2.705   ;    ;      ;        ;                    ; clock path                         ;
;   2.705 ;   2.705 ; R  ;      ;        ;                    ; clock network delay                ;
; 3.321   ; 0.616   ;    ;      ;        ;                    ; data path                          ;
;   2.924 ;   0.219 ;    ; uTco ; 1      ; FF_X25_Y13_N13     ; touch_controller:u_touch|touch_sck ;
;   2.924 ;   0.000 ; FF ; CELL ; 2      ; FF_X25_Y13_N13     ; u_touch|touch_sck|q                ;
;   2.924 ;   0.000 ; FF ; IC   ; 1      ; LCCOMB_X25_Y13_N12 ; u_touch|touch_sck~1|datac          ;
;   3.249 ;   0.325 ; FF ; CELL ; 1      ; LCCOMB_X25_Y13_N12 ; u_touch|touch_sck~1|combout        ;
;   3.249 ;   0.000 ; FF ; IC   ; 1      ; FF_X25_Y13_N13     ; u_touch|touch_sck|d                ;
;   3.321 ;   0.072 ; FF ; CELL ; 1      ; FF_X25_Y13_N13     ; touch_controller:u_touch|touch_sck ;
+---------+---------+----+------+--------+--------------------+------------------------------------+

+-----------------------------------------------------------------------------------------------+
; Data Required Path                                                                            ;
+---------+----------+----+------+--------+----------------+------------------------------------+
; Total   ; Incr     ; RF ; Type ; Fanout ; Location       ; Element                            ;
+---------+----------+----+------+--------+----------------+------------------------------------+
; 0.000   ; 0.000    ;    ;      ;        ;                ; latch edge time                    ;
; 2.776   ; 2.776    ;    ;      ;        ;                ; clock path                         ;
;   2.797 ;   2.797  ; R  ;      ;        ;                ; clock network delay                ;
;   2.776 ;   -0.021 ;    ;      ;        ;                ; clock pessimism removed            ;
; 2.776   ; 0.000    ;    ;      ;        ;                ; clock uncertainty                  ;
; 2.961   ; 0.185    ;    ; uTh  ; 1      ; FF_X25_Y13_N13 ; touch_controller:u_touch|touch_sck ;
+---------+----------+----+------+--------+----------------+------------------------------------+


Path #5: Hold slack is 0.360 
===============================================================================
+----------------------------------------------------------+
; Path Summary                                             ;
+--------------------+-------------------------------------+
; Property           ; Value                               ;
+--------------------+-------------------------------------+
; From Node          ; touch_controller:u_touch|spi_cmd[5] ;
; To Node            ; touch_controller:u_touch|spi_cmd[5] ;
; Launch Clock       ; clk                                 ;
; Latch Clock        ; clk                                 ;
; Data Arrival Time  ; 3.322                               ;
; Data Required Time ; 2.962                               ;
; Slack              ; 0.360                               ;
+--------------------+-------------------------------------+

+--------------------------------------------------------------------------------------+
; Statistics                                                                           ;
+---------------------------+-------+-------+-------------+------------+-------+-------+
; Property                  ; Value ; Count ; Total Delay ; % of Total ; Min   ; Max   ;
+---------------------------+-------+-------+-------------+------------+-------+-------+
; Hold Relationship         ; 0.000 ;       ;             ;            ;       ;       ;
; Clock Skew                ; 0.071 ;       ;             ;            ;       ;       ;
; Data Delay                ; 0.616 ;       ;             ;            ;       ;       ;
; Number of Logic Levels    ;       ; 1     ;             ;            ;       ;       ;
; Physical Delays           ;       ;       ;             ;            ;       ;       ;
;  Arrival Path             ;       ;       ;             ;            ;       ;       ;
;   Clock                   ;       ;       ;             ;            ;       ;       ;
;    Clock Network (Lumped) ;       ; 1     ; 2.706       ; 100        ; 2.706 ; 2.706 ;
;   Data                    ;       ;       ;             ;            ;       ;       ;
;    IC                     ;       ; 2     ; 0.000       ; 0          ; 0.000 ; 0.000 ;
;    Cell                   ;       ; 3     ; 0.397       ; 64         ; 0.000 ; 0.325 ;
;    uTco                   ;       ; 1     ; 0.219       ; 36         ; 0.219 ; 0.219 ;
;  Required Path            ;       ;       ;             ;            ;       ;       ;
;   Clock                   ;       ;       ;             ;            ;       ;       ;
;    Clock Network (Lumped) ;       ; 1     ; 2.798       ; 100        ; 2.798 ; 2.798 ;
+---------------------------+-------+-------+-------------+------------+-------+-------+
Note: Negative delays are omitted from totals when calculating percentages

+--------------------------------------------------------------------------------------------------+
; Data Arrival Path                                                                                ;
+---------+---------+----+------+--------+-------------------+-------------------------------------+
; Total   ; Incr    ; RF ; Type ; Fanout ; Location          ; Element                             ;
+---------+---------+----+------+--------+-------------------+-------------------------------------+
; 0.000   ; 0.000   ;    ;      ;        ;                   ; launch edge time                    ;
; 2.706   ; 2.706   ;    ;      ;        ;                   ; clock path                          ;
;   2.706 ;   2.706 ; R  ;      ;        ;                   ; clock network delay                 ;
; 3.322   ; 0.616   ;    ;      ;        ;                   ; data path                           ;
;   2.925 ;   0.219 ;    ; uTco ; 1      ; FF_X25_Y12_N9     ; touch_controller:u_touch|spi_cmd[5] ;
;   2.925 ;   0.000 ; FF ; CELL ; 2      ; FF_X25_Y12_N9     ; u_touch|spi_cmd[5]|q                ;
;   2.925 ;   0.000 ; FF ; IC   ; 1      ; LCCOMB_X25_Y12_N8 ; u_touch|Selector13~1|datac          ;
;   3.250 ;   0.325 ; FF ; CELL ; 1      ; LCCOMB_X25_Y12_N8 ; u_touch|Selector13~1|combout        ;
;   3.250 ;   0.000 ; FF ; IC   ; 1      ; FF_X25_Y12_N9     ; u_touch|spi_cmd[5]|d                ;
;   3.322 ;   0.072 ; FF ; CELL ; 1      ; FF_X25_Y12_N9     ; touch_controller:u_touch|spi_cmd[5] ;
+---------+---------+----+------+--------+-------------------+-------------------------------------+

+-----------------------------------------------------------------------------------------------+
; Data Required Path                                                                            ;
+---------+----------+----+------+--------+---------------+-------------------------------------+
; Total   ; Incr     ; RF ; Type ; Fanout ; Location      ; Element                             ;
+---------+----------+----+------+--------+---------------+-------------------------------------+
; 0.000   ; 0.000    ;    ;      ;        ;               ; latch edge time                     ;
; 2.777   ; 2.777    ;    ;      ;        ;               ; clock path                          ;
;   2.798 ;   2.798  ; R  ;      ;        ;               ; clock network delay                 ;
;   2.777 ;   -0.021 ;    ;      ;        ;               ; clock pessimism removed             ;
; 2.777   ; 0.000    ;    ;      ;        ;               ; clock uncertainty                   ;
; 2.962   ; 0.185    ;    ; uTh  ; 1      ; FF_X25_Y12_N9 ; touch_controller:u_touch|spi_cmd[5] ;
+---------+----------+----+------+--------+---------------+-------------------------------------+


Path #6: Hold slack is 0.360 
===============================================================================
+----------------------------------------------------------+
; Path Summary                                             ;
+--------------------+-------------------------------------+
; Property           ; Value                               ;
+--------------------+-------------------------------------+
; From Node          ; touch_controller:u_touch|spi_cmd[6] ;
; To Node            ; touch_controller:u_touch|spi_cmd[6] ;
; Launch Clock       ; clk                                 ;
; Latch Clock        ; clk                                 ;
; Data Arrival Time  ; 3.322                               ;
; Data Required Time ; 2.962                               ;
; Slack              ; 0.360                               ;
+--------------------+-------------------------------------+

+--------------------------------------------------------------------------------------+
; Statistics                                                                           ;
+---------------------------+-------+-------+-------------+------------+-------+-------+
; Property                  ; Value ; Count ; Total Delay ; % of Total ; Min   ; Max   ;
+---------------------------+-------+-------+-------------+------------+-------+-------+
; Hold Relationship         ; 0.000 ;       ;             ;            ;       ;       ;
; Clock Skew                ; 0.071 ;       ;             ;            ;       ;       ;
; Data Delay                ; 0.616 ;       ;             ;            ;       ;       ;
; Number of Logic Levels    ;       ; 1     ;             ;            ;       ;       ;
; Physical Delays           ;       ;       ;             ;            ;       ;       ;
;  Arrival Path             ;       ;       ;             ;            ;       ;       ;
;   Clock                   ;       ;       ;             ;            ;       ;       ;
;    Clock Network (Lumped) ;       ; 1     ; 2.706       ; 100        ; 2.706 ; 2.706 ;
;   Data                    ;       ;       ;             ;            ;       ;       ;
;    IC                     ;       ; 2     ; 0.000       ; 0          ; 0.000 ; 0.000 ;
;    Cell                   ;       ; 3     ; 0.397       ; 64         ; 0.000 ; 0.325 ;
;    uTco                   ;       ; 1     ; 0.219       ; 36         ; 0.219 ; 0.219 ;
;  Required Path            ;       ;       ;             ;            ;       ;       ;
;   Clock                   ;       ;       ;             ;            ;       ;       ;
;    Clock Network (Lumped) ;       ; 1     ; 2.798       ; 100        ; 2.798 ; 2.798 ;
+---------------------------+-------+-------+-------------+------------+-------+-------+
Note: Negative delays are omitted from totals when calculating percentages

+---------------------------------------------------------------------------------------------------+
; Data Arrival Path                                                                                 ;
+---------+---------+----+------+--------+--------------------+-------------------------------------+
; Total   ; Incr    ; RF ; Type ; Fanout ; Location           ; Element                             ;
+---------+---------+----+------+--------+--------------------+-------------------------------------+
; 0.000   ; 0.000   ;    ;      ;        ;                    ; launch edge time                    ;
; 2.706   ; 2.706   ;    ;      ;        ;                    ; clock path                          ;
;   2.706 ;   2.706 ; R  ;      ;        ;                    ; clock network delay                 ;
; 3.322   ; 0.616   ;    ;      ;        ;                    ; data path                           ;
;   2.925 ;   0.219 ;    ; uTco ; 1      ; FF_X25_Y12_N27     ; touch_controller:u_touch|spi_cmd[6] ;
;   2.925 ;   0.000 ; FF ; CELL ; 2      ; FF_X25_Y12_N27     ; u_touch|spi_cmd[6]|q                ;
;   2.925 ;   0.000 ; FF ; IC   ; 1      ; LCCOMB_X25_Y12_N26 ; u_touch|Selector12~1|datac          ;
;   3.250 ;   0.325 ; FF ; CELL ; 1      ; LCCOMB_X25_Y12_N26 ; u_touch|Selector12~1|combout        ;
;   3.250 ;   0.000 ; FF ; IC   ; 1      ; FF_X25_Y12_N27     ; u_touch|spi_cmd[6]|d                ;
;   3.322 ;   0.072 ; FF ; CELL ; 1      ; FF_X25_Y12_N27     ; touch_controller:u_touch|spi_cmd[6] ;
+---------+---------+----+------+--------+--------------------+-------------------------------------+

+------------------------------------------------------------------------------------------------+
; Data Required Path                                                                             ;
+---------+----------+----+------+--------+----------------+-------------------------------------+
; Total   ; Incr     ; RF ; Type ; Fanout ; Location       ; Element                             ;
+---------+----------+----+------+--------+----------------+-------------------------------------+
; 0.000   ; 0.000    ;    ;      ;        ;                ; latch edge time                     ;
; 2.777   ; 2.777    ;    ;      ;        ;                ; clock path                          ;
;   2.798 ;   2.798  ; R  ;      ;        ;                ; clock network delay                 ;
;   2.777 ;   -0.021 ;    ;      ;        ;                ; clock pessimism removed             ;
; 2.777   ; 0.000    ;    ;      ;        ;                ; clock uncertainty                   ;
; 2.962   ; 0.185    ;    ; uTh  ; 1      ; FF_X25_Y12_N27 ; touch_controller:u_touch|spi_cmd[6] ;
+---------+----------+----+------+--------+----------------+-------------------------------------+


Path #7: Hold slack is 0.360 
===============================================================================
+----------------------------------------------------------+
; Path Summary                                             ;
+--------------------+-------------------------------------+
; Property           ; Value                               ;
+--------------------+-------------------------------------+
; From Node          ; touch_controller:u_touch|spi_cmd[4] ;
; To Node            ; touch_controller:u_touch|spi_cmd[4] ;
; Launch Clock       ; clk                                 ;
; Latch Clock        ; clk                                 ;
; Data Arrival Time  ; 3.322                               ;
; Data Required Time ; 2.962                               ;
; Slack              ; 0.360                               ;
+--------------------+-------------------------------------+

+--------------------------------------------------------------------------------------+
; Statistics                                                                           ;
+---------------------------+-------+-------+-------------+------------+-------+-------+
; Property                  ; Value ; Count ; Total Delay ; % of Total ; Min   ; Max   ;
+---------------------------+-------+-------+-------------+------------+-------+-------+
; Hold Relationship         ; 0.000 ;       ;             ;            ;       ;       ;
; Clock Skew                ; 0.071 ;       ;             ;            ;       ;       ;
; Data Delay                ; 0.616 ;       ;             ;            ;       ;       ;
; Number of Logic Levels    ;       ; 1     ;             ;            ;       ;       ;
; Physical Delays           ;       ;       ;             ;            ;       ;       ;
;  Arrival Path             ;       ;       ;             ;            ;       ;       ;
;   Clock                   ;       ;       ;             ;            ;       ;       ;
;    Clock Network (Lumped) ;       ; 1     ; 2.706       ; 100        ; 2.706 ; 2.706 ;
;   Data                    ;       ;       ;             ;            ;       ;       ;
;    IC                     ;       ; 2     ; 0.000       ; 0          ; 0.000 ; 0.000 ;
;    Cell                   ;       ; 3     ; 0.397       ; 64         ; 0.000 ; 0.325 ;
;    uTco                   ;       ; 1     ; 0.219       ; 36         ; 0.219 ; 0.219 ;
;  Required Path            ;       ;       ;             ;            ;       ;       ;
;   Clock                   ;       ;       ;             ;            ;       ;       ;
;    Clock Network (Lumped) ;       ; 1     ; 2.798       ; 100        ; 2.798 ; 2.798 ;
+---------------------------+-------+-------+-------------+------------+-------+-------+
Note: Negative delays are omitted from totals when calculating percentages

+---------------------------------------------------------------------------------------------------+
; Data Arrival Path                                                                                 ;
+---------+---------+----+------+--------+--------------------+-------------------------------------+
; Total   ; Incr    ; RF ; Type ; Fanout ; Location           ; Element                             ;
+---------+---------+----+------+--------+--------------------+-------------------------------------+
; 0.000   ; 0.000   ;    ;      ;        ;                    ; launch edge time                    ;
; 2.706   ; 2.706   ;    ;      ;        ;                    ; clock path                          ;
;   2.706 ;   2.706 ; R  ;      ;        ;                    ; clock network delay                 ;
; 3.322   ; 0.616   ;    ;      ;        ;                    ; data path                           ;
;   2.925 ;   0.219 ;    ; uTco ; 1      ; FF_X25_Y12_N17     ; touch_controller:u_touch|spi_cmd[4] ;
;   2.925 ;   0.000 ; FF ; CELL ; 3      ; FF_X25_Y12_N17     ; u_touch|spi_cmd[4]|q                ;
;   2.925 ;   0.000 ; FF ; IC   ; 1      ; LCCOMB_X25_Y12_N16 ; u_touch|Selector14~0|datac          ;
;   3.250 ;   0.325 ; FF ; CELL ; 1      ; LCCOMB_X25_Y12_N16 ; u_touch|Selector14~0|combout        ;
;   3.250 ;   0.000 ; FF ; IC   ; 1      ; FF_X25_Y12_N17     ; u_touch|spi_cmd[4]|d                ;
;   3.322 ;   0.072 ; FF ; CELL ; 1      ; FF_X25_Y12_N17     ; touch_controller:u_touch|spi_cmd[4] ;
+---------+---------+----+------+--------+--------------------+-------------------------------------+

+------------------------------------------------------------------------------------------------+
; Data Required Path                                                                             ;
+---------+----------+----+------+--------+----------------+-------------------------------------+
; Total   ; Incr     ; RF ; Type ; Fanout ; Location       ; Element                             ;
+---------+----------+----+------+--------+----------------+-------------------------------------+
; 0.000   ; 0.000    ;    ;      ;        ;                ; latch edge time                     ;
; 2.777   ; 2.777    ;    ;      ;        ;                ; clock path                          ;
;   2.798 ;   2.798  ; R  ;      ;        ;                ; clock network delay                 ;
;   2.777 ;   -0.021 ;    ;      ;        ;                ; clock pessimism removed             ;
; 2.777   ; 0.000    ;    ;      ;        ;                ; clock uncertainty                   ;
; 2.962   ; 0.185    ;    ; uTh  ; 1      ; FF_X25_Y12_N17 ; touch_controller:u_touch|spi_cmd[4] ;
+---------+----------+----+------+--------+----------------+-------------------------------------+


Path #8: Hold slack is 0.360 
===============================================================================
+--------------------------------------------------------+
; Path Summary                                           ;
+--------------------+-----------------------------------+
; Property           ; Value                             ;
+--------------------+-----------------------------------+
; From Node          ; touch_controller:u_touch|touch_cs ;
; To Node            ; touch_controller:u_touch|touch_cs ;
; Launch Clock       ; clk                               ;
; Latch Clock        ; clk                               ;
; Data Arrival Time  ; 3.322                             ;
; Data Required Time ; 2.962                             ;
; Slack              ; 0.360                             ;
+--------------------+-----------------------------------+

+--------------------------------------------------------------------------------------+
; Statistics                                                                           ;
+---------------------------+-------+-------+-------------+------------+-------+-------+
; Property                  ; Value ; Count ; Total Delay ; % of Total ; Min   ; Max   ;
+---------------------------+-------+-------+-------------+------------+-------+-------+
; Hold Relationship         ; 0.000 ;       ;             ;            ;       ;       ;
; Clock Skew                ; 0.071 ;       ;             ;            ;       ;       ;
; Data Delay                ; 0.616 ;       ;             ;            ;       ;       ;
; Number of Logic Levels    ;       ; 1     ;             ;            ;       ;       ;
; Physical Delays           ;       ;       ;             ;            ;       ;       ;
;  Arrival Path             ;       ;       ;             ;            ;       ;       ;
;   Clock                   ;       ;       ;             ;            ;       ;       ;
;    Clock Network (Lumped) ;       ; 1     ; 2.706       ; 100        ; 2.706 ; 2.706 ;
;   Data                    ;       ;       ;             ;            ;       ;       ;
;    IC                     ;       ; 2     ; 0.000       ; 0          ; 0.000 ; 0.000 ;
;    Cell                   ;       ; 3     ; 0.397       ; 64         ; 0.000 ; 0.325 ;
;    uTco                   ;       ; 1     ; 0.219       ; 36         ; 0.219 ; 0.219 ;
;  Required Path            ;       ;       ;             ;            ;       ;       ;
;   Clock                   ;       ;       ;             ;            ;       ;       ;
;    Clock Network (Lumped) ;       ; 1     ; 2.798       ; 100        ; 2.798 ; 2.798 ;
+---------------------------+-------+-------+-------------+------------+-------+-------+
Note: Negative delays are omitted from totals when calculating percentages

+-------------------------------------------------------------------------------------------------+
; Data Arrival Path                                                                               ;
+---------+---------+----+------+--------+--------------------+-----------------------------------+
; Total   ; Incr    ; RF ; Type ; Fanout ; Location           ; Element                           ;
+---------+---------+----+------+--------+--------------------+-----------------------------------+
; 0.000   ; 0.000   ;    ;      ;        ;                    ; launch edge time                  ;
; 2.706   ; 2.706   ;    ;      ;        ;                    ; clock path                        ;
;   2.706 ;   2.706 ; R  ;      ;        ;                    ; clock network delay               ;
; 3.322   ; 0.616   ;    ;      ;        ;                    ; data path                         ;
;   2.925 ;   0.219 ;    ; uTco ; 1      ; FF_X25_Y11_N25     ; touch_controller:u_touch|touch_cs ;
;   2.925 ;   0.000 ; FF ; CELL ; 2      ; FF_X25_Y11_N25     ; u_touch|touch_cs|q                ;
;   2.925 ;   0.000 ; FF ; IC   ; 1      ; LCCOMB_X25_Y11_N24 ; u_touch|touch_cs~2|datac          ;
;   3.250 ;   0.325 ; FF ; CELL ; 1      ; LCCOMB_X25_Y11_N24 ; u_touch|touch_cs~2|combout        ;
;   3.250 ;   0.000 ; FF ; IC   ; 1      ; FF_X25_Y11_N25     ; u_touch|touch_cs|d                ;
;   3.322 ;   0.072 ; FF ; CELL ; 1      ; FF_X25_Y11_N25     ; touch_controller:u_touch|touch_cs ;
+---------+---------+----+------+--------+--------------------+-----------------------------------+

+----------------------------------------------------------------------------------------------+
; Data Required Path                                                                           ;
+---------+----------+----+------+--------+----------------+-----------------------------------+
; Total   ; Incr     ; RF ; Type ; Fanout ; Location       ; Element                           ;
+---------+----------+----+------+--------+----------------+-----------------------------------+
; 0.000   ; 0.000    ;    ;      ;        ;                ; latch edge time                   ;
; 2.777   ; 2.777    ;    ;      ;        ;                ; clock path                        ;
;   2.798 ;   2.798  ; R  ;      ;        ;                ; clock network delay               ;
;   2.777 ;   -0.021 ;    ;      ;        ;                ; clock pessimism removed           ;
; 2.777   ; 0.000    ;    ;      ;        ;                ; clock uncertainty                 ;
; 2.962   ; 0.185    ;    ; uTh  ; 1      ; FF_X25_Y11_N25 ; touch_controller:u_touch|touch_cs ;
+---------+----------+----+------+--------+----------------+-----------------------------------+


Path #9: Hold slack is 0.360 
===============================================================================
+----------------------------------------------------+
; Path Summary                                       ;
+--------------------+-------------------------------+
; Property           ; Value                         ;
+--------------------+-------------------------------+
; From Node          ; lcd_ili9341_ctrl:u_lcd|lcd_dc ;
; To Node            ; lcd_ili9341_ctrl:u_lcd|lcd_dc ;
; Launch Clock       ; clk                           ;
; Latch Clock        ; clk                           ;
; Data Arrival Time  ; 3.319                         ;
; Data Required Time ; 2.959                         ;
; Slack              ; 0.360                         ;
+--------------------+-------------------------------+

+--------------------------------------------------------------------------------------+
; Statistics                                                                           ;
+---------------------------+-------+-------+-------------+------------+-------+-------+
; Property                  ; Value ; Count ; Total Delay ; % of Total ; Min   ; Max   ;
+---------------------------+-------+-------+-------------+------------+-------+-------+
; Hold Relationship         ; 0.000 ;       ;             ;            ;       ;       ;
; Clock Skew                ; 0.071 ;       ;             ;            ;       ;       ;
; Data Delay                ; 0.616 ;       ;             ;            ;       ;       ;
; Number of Logic Levels    ;       ; 1     ;             ;            ;       ;       ;
; Physical Delays           ;       ;       ;             ;            ;       ;       ;
;  Arrival Path             ;       ;       ;             ;            ;       ;       ;
;   Clock                   ;       ;       ;             ;            ;       ;       ;
;    Clock Network (Lumped) ;       ; 1     ; 2.703       ; 100        ; 2.703 ; 2.703 ;
;   Data                    ;       ;       ;             ;            ;       ;       ;
;    IC                     ;       ; 2     ; 0.000       ; 0          ; 0.000 ; 0.000 ;
;    Cell                   ;       ; 3     ; 0.397       ; 64         ; 0.000 ; 0.325 ;
;    uTco                   ;       ; 1     ; 0.219       ; 36         ; 0.219 ; 0.219 ;
;  Required Path            ;       ;       ;             ;            ;       ;       ;
;   Clock                   ;       ;       ;             ;            ;       ;       ;
;    Clock Network (Lumped) ;       ; 1     ; 2.795       ; 100        ; 2.795 ; 2.795 ;
+---------------------------+-------+-------+-------------+------------+-------+-------+
Note: Negative delays are omitted from totals when calculating percentages

+---------------------------------------------------------------------------------------------+
; Data Arrival Path                                                                           ;
+---------+---------+----+------+--------+--------------------+-------------------------------+
; Total   ; Incr    ; RF ; Type ; Fanout ; Location           ; Element                       ;
+---------+---------+----+------+--------+--------------------+-------------------------------+
; 0.000   ; 0.000   ;    ;      ;        ;                    ; launch edge time              ;
; 2.703   ; 2.703   ;    ;      ;        ;                    ; clock path                    ;
;   2.703 ;   2.703 ; R  ;      ;        ;                    ; clock network delay           ;
; 3.319   ; 0.616   ;    ;      ;        ;                    ; data path                     ;
;   2.922 ;   0.219 ;    ; uTco ; 1      ; FF_X28_Y16_N17     ; lcd_ili9341_ctrl:u_lcd|lcd_dc ;
;   2.922 ;   0.000 ; FF ; CELL ; 2      ; FF_X28_Y16_N17     ; u_lcd|lcd_dc|q                ;
;   2.922 ;   0.000 ; FF ; IC   ; 1      ; LCCOMB_X28_Y16_N16 ; u_lcd|Selector52~5|datac      ;
;   3.247 ;   0.325 ; FF ; CELL ; 1      ; LCCOMB_X28_Y16_N16 ; u_lcd|Selector52~5|combout    ;
;   3.247 ;   0.000 ; FF ; IC   ; 1      ; FF_X28_Y16_N17     ; u_lcd|lcd_dc|d                ;
;   3.319 ;   0.072 ; FF ; CELL ; 1      ; FF_X28_Y16_N17     ; lcd_ili9341_ctrl:u_lcd|lcd_dc ;
+---------+---------+----+------+--------+--------------------+-------------------------------+

+------------------------------------------------------------------------------------------+
; Data Required Path                                                                       ;
+---------+----------+----+------+--------+----------------+-------------------------------+
; Total   ; Incr     ; RF ; Type ; Fanout ; Location       ; Element                       ;
+---------+----------+----+------+--------+----------------+-------------------------------+
; 0.000   ; 0.000    ;    ;      ;        ;                ; latch edge time               ;
; 2.774   ; 2.774    ;    ;      ;        ;                ; clock path                    ;
;   2.795 ;   2.795  ; R  ;      ;        ;                ; clock network delay           ;
;   2.774 ;   -0.021 ;    ;      ;        ;                ; clock pessimism removed       ;
; 2.774   ; 0.000    ;    ;      ;        ;                ; clock uncertainty             ;
; 2.959   ; 0.185    ;    ; uTh  ; 1      ; FF_X28_Y16_N17 ; lcd_ili9341_ctrl:u_lcd|lcd_dc ;
+---------+----------+----+------+--------+----------------+-------------------------------+


Path #10: Hold slack is 0.360 
===============================================================================
+-----------------------------------------------------------------------+
; Path Summary                                                          ;
+--------------------+--------------------------------------------------+
; Property           ; Value                                            ;
+--------------------+--------------------------------------------------+
; From Node          ; lcd_ili9341_ctrl:u_lcd|spi_byte_master:u_spi|sck ;
; To Node            ; lcd_ili9341_ctrl:u_lcd|spi_byte_master:u_spi|sck ;
; Launch Clock       ; clk                                              ;
; Latch Clock        ; clk                                              ;
; Data Arrival Time  ; 3.319                                            ;
; Data Required Time ; 2.959                                            ;
; Slack              ; 0.360                                            ;
+--------------------+--------------------------------------------------+

+--------------------------------------------------------------------------------------+
; Statistics                                                                           ;
+---------------------------+-------+-------+-------------+------------+-------+-------+
; Property                  ; Value ; Count ; Total Delay ; % of Total ; Min   ; Max   ;
+---------------------------+-------+-------+-------------+------------+-------+-------+
; Hold Relationship         ; 0.000 ;       ;             ;            ;       ;       ;
; Clock Skew                ; 0.071 ;       ;             ;            ;       ;       ;
; Data Delay                ; 0.616 ;       ;             ;            ;       ;       ;
; Number of Logic Levels    ;       ; 1     ;             ;            ;       ;       ;
; Physical Delays           ;       ;       ;             ;            ;       ;       ;
;  Arrival Path             ;       ;       ;             ;            ;       ;       ;
;   Clock                   ;       ;       ;             ;            ;       ;       ;
;    Clock Network (Lumped) ;       ; 1     ; 2.703       ; 100        ; 2.703 ; 2.703 ;
;   Data                    ;       ;       ;             ;            ;       ;       ;
;    IC                     ;       ; 2     ; 0.000       ; 0          ; 0.000 ; 0.000 ;
;    Cell                   ;       ; 3     ; 0.397       ; 64         ; 0.000 ; 0.325 ;
;    uTco                   ;       ; 1     ; 0.219       ; 36         ; 0.219 ; 0.219 ;
;  Required Path            ;       ;       ;             ;            ;       ;       ;
;   Clock                   ;       ;       ;             ;            ;       ;       ;
;    Clock Network (Lumped) ;       ; 1     ; 2.795       ; 100        ; 2.795 ; 2.795 ;
+---------------------------+-------+-------+-------------+------------+-------+-------+
Note: Negative delays are omitted from totals when calculating percentages

+----------------------------------------------------------------------------------------------------------------+
; Data Arrival Path                                                                                              ;
+---------+---------+----+------+--------+--------------------+--------------------------------------------------+
; Total   ; Incr    ; RF ; Type ; Fanout ; Location           ; Element                                          ;
+---------+---------+----+------+--------+--------------------+--------------------------------------------------+
; 0.000   ; 0.000   ;    ;      ;        ;                    ; launch edge time                                 ;
; 2.703   ; 2.703   ;    ;      ;        ;                    ; clock path                                       ;
;   2.703 ;   2.703 ; R  ;      ;        ;                    ; clock network delay                              ;
; 3.319   ; 0.616   ;    ;      ;        ;                    ; data path                                        ;
;   2.922 ;   0.219 ;    ; uTco ; 1      ; FF_X30_Y16_N17     ; lcd_ili9341_ctrl:u_lcd|spi_byte_master:u_spi|sck ;
;   2.922 ;   0.000 ; FF ; CELL ; 2      ; FF_X30_Y16_N17     ; u_lcd|u_spi|sck|q                                ;
;   2.922 ;   0.000 ; FF ; IC   ; 1      ; LCCOMB_X30_Y16_N16 ; u_lcd|u_spi|Selector0~0|datac                    ;
;   3.247 ;   0.325 ; FF ; CELL ; 1      ; LCCOMB_X30_Y16_N16 ; u_lcd|u_spi|Selector0~0|combout                  ;
;   3.247 ;   0.000 ; FF ; IC   ; 1      ; FF_X30_Y16_N17     ; u_lcd|u_spi|sck|d                                ;
;   3.319 ;   0.072 ; FF ; CELL ; 1      ; FF_X30_Y16_N17     ; lcd_ili9341_ctrl:u_lcd|spi_byte_master:u_spi|sck ;
+---------+---------+----+------+--------+--------------------+--------------------------------------------------+

+-------------------------------------------------------------------------------------------------------------+
; Data Required Path                                                                                          ;
+---------+----------+----+------+--------+----------------+--------------------------------------------------+
; Total   ; Incr     ; RF ; Type ; Fanout ; Location       ; Element                                          ;
+---------+----------+----+------+--------+----------------+--------------------------------------------------+
; 0.000   ; 0.000    ;    ;      ;        ;                ; latch edge time                                  ;
; 2.774   ; 2.774    ;    ;      ;        ;                ; clock path                                       ;
;   2.795 ;   2.795  ; R  ;      ;        ;                ; clock network delay                              ;
;   2.774 ;   -0.021 ;    ;      ;        ;                ; clock pessimism removed                          ;
; 2.774   ; 0.000    ;    ;      ;        ;                ; clock uncertainty                                ;
; 2.959   ; 0.185    ;    ; uTh  ; 1      ; FF_X30_Y16_N17 ; lcd_ili9341_ctrl:u_lcd|spi_byte_master:u_spi|sck ;
+---------+----------+----+------+--------+----------------+--------------------------------------------------+


