Flow report for lcd_game
Fri Sep 25 18:11:33 2026
Quartus Prime Version 24.1std.0 Build 1077 03/04/2025 SC Lite Edition


---------------------
; Table of Contents ;
---------------------
  1. Legal Notice
  2. Flow Summary
  3. Flow Settings
  4. Flow Non-Default Global Settings
  5. Flow Elapsed Time
  6. Flow OS Summary
  7. Flow Log
  8. Flow Messages
  9. Flow Suppressed Messages



----------------
; Legal Notice ;
----------------
Copyright (C) 2025  Altera Corporation. All rights reserved.
Your use of Altera Corporation's design tools, logic functions 
and other software and tools, and any partner logic 
functions, and any output files from any of the foregoing 
(including device programming or simulation files), and any 
associated documentation or information are expressly subject 
to the terms and conditions of the Altera Program License 
Subscription Agreement, the Altera Quartus Prime License Agreement,
the Altera IP License Agreement, or other applicable license
agreement, including, without limitation, that your use is for
the sole purpose of programming logic devices manufactured by
Altera and sold by Altera or its authorized distributors.  Please
refer to the Altera Software License Subscription Agreements 
on the Quartus Prime software download page.



+--------------------------------------------------------------------------------------+
; Flow Summary                                                                         ;
+------------------------------------+-------------------------------------------------+
; Flow Status                        ; Successful - Fri Sep 25 18:11:28 2026           ;
; Quartus Prime Version              ; 24.1std.0 Build 1077 03/04/2025 SC Lite Edition ;
; Revision Name                      ; lcd_game                                        ;
; Top-level Entity Name              ; samegame_top                                    ;
; Family                             ; MAX 10                                          ;
; Device                             ; 10M08SCE144C8G                                  ;
; Timing Models                      ; Final                                           ;
; Total logic elements               ; 6,934 / 8,064 ( 86 % )                          ;
;     Total combinational functions  ; 6,304 / 8,064 ( 78 % )                          ;
;     Dedicated logic registers      ; 2,607 / 8,064 ( 32 % )                          ;
; Total registers                    ; 2607                                            ;
; Total pins                         ; 17 / 101 ( 17 % )                               ;
; Total virtual pins                 ; 0                                               ;
; Total memory bits                  ; 34,816 / 387,072 ( 9 % )                        ;
; Embedded Multiplier 9-bit elements ; 6 / 48 ( 13 % )                                 ;
; Total PLLs                         ; 0 / 1 ( 0 % )                                   ;
; UFM blocks                         ; 1 / 1 ( 100 % )                                 ;
; ADC blocks                         ; 0                                               ;
+------------------------------------+-------------------------------------------------+


+-----------------------------------------+
; Flow Settings                           ;
+-------------------+---------------------+
; Option            ; Setting             ;
+-------------------+---------------------+
; Start date & time ; 09/25/2026 18:10:40 ;
; Main task         ; Compilation         ;
; Revision Name     ; lcd_game            ;
+-------------------+---------------------+


+------------------------------------------------------------------------------------------------------------------------------------------------------------------------------+
; Flow Non-Default Global Settings                                                                                                                                             ;
+-------------------------------------+--------------------------------------------------------------+---------------+---------------------+-----------------------------------+
; Assignment Name                     ; Value                                                        ; Default Value ; Entity Name         ; Section Id                        ;
+-------------------------------------+--------------------------------------------------------------+---------------+---------------------+-----------------------------------+
; COMPILER_SIGNATURE_ID               ; 963351286446.179032744023336                                 ; --            ; --                  ; --                                ;
; EDA_GENERATE_FUNCTIONAL_NETLIST     ; Off                                                          ; --            ; --                  ; eda_board_design_timing           ;
; EDA_GENERATE_FUNCTIONAL_NETLIST     ; Off                                                          ; --            ; --                  ; eda_board_design_boundary_scan    ;
; EDA_GENERATE_FUNCTIONAL_NETLIST     ; Off                                                          ; --            ; --                  ; eda_board_design_signal_integrity ;
; EDA_GENERATE_FUNCTIONAL_NETLIST     ; Off                                                          ; --            ; --                  ; eda_board_design_symbol           ;
; MAX_CORE_JUNCTION_TEMP              ; 85                                                           ; --            ; --                  ; --                                ;
; MESSAGE_DISABLE                     ; 332060                                                       ; --            ; altera_onchip_flash ; --                                ;
; MIN_CORE_JUNCTION_TEMP              ; 0                                                            ; --            ; --                  ; --                                ;
; MISC_FILE                           ; logo_flash_gen/synthesis/../logo_flash.cmp                   ; --            ; --                  ; --                                ;
; MISC_FILE                           ; logo_flash_gen/synthesis/../../logo_flash.qsys               ; --            ; --                  ; --                                ;
; NUM_PARALLEL_PROCESSORS             ; All                                                          ; --            ; --                  ; --                                ;
; PARTITION_COLOR                     ; -- (Not supported for targeted family)                       ; --            ; samegame_top        ; Top                               ;
; PARTITION_FITTER_PRESERVATION_LEVEL ; -- (Not supported for targeted family)                       ; --            ; samegame_top        ; Top                               ;
; PARTITION_NETLIST_TYPE              ; -- (Not supported for targeted family)                       ; --            ; samegame_top        ; Top                               ;
; PROJECT_OUTPUT_DIRECTORY            ; output_files                                                 ; --            ; --                  ; --                                ;
; SLD_FILE                            ; logo_flash_gen/synthesis/logo_flash.debuginfo                ; --            ; --                  ; --                                ;
; SLD_INFO                            ; QSYS_NAME logo_flash HAS_SOPCINFO 1 GENERATION_ID 1790325429 ; --            ; logo_flash          ; --                                ;
; SOPCINFO_FILE                       ; logo_flash_gen/synthesis/../../logo_flash.sopcinfo           ; --            ; --                  ; --                                ;
; SYNTHESIS_ONLY_QIP                  ; On                                                           ; --            ; --                  ; --                                ;
; TOP_LEVEL_ENTITY                    ; samegame_top                                                 ; lcd_game      ; --                  ; --                                ;
+-------------------------------------+--------------------------------------------------------------+---------------+---------------------+-----------------------------------+


+--------------------------------------------------------------------------------------------------------------------------+
; Flow Elapsed Time                                                                                                        ;
+----------------------+--------------+-------------------------+---------------------+------------------------------------+
; Module Name          ; Elapsed Time ; Average Processors Used ; Peak Virtual Memory ; Total CPU Time (on all processors) ;
+----------------------+--------------+-------------------------+---------------------+------------------------------------+
; Analysis & Synthesis ; 00:00:18     ; 1.0                     ; 4899 MB             ; 00:00:24                           ;
; Fitter               ; 00:00:21     ; 1.6                     ; 5797 MB             ; 00:00:48                           ;
; Assembler            ; 00:00:01     ; 1.0                     ; 4748 MB             ; 00:00:01                           ;
; Power Analyzer       ; 00:00:03     ; 2.3                     ; 4936 MB             ; 00:00:08                           ;
; Timing Analyzer      ; 00:00:04     ; 2.5                     ; 4954 MB             ; 00:00:08                           ;
; Total                ; 00:00:47     ; --                      ; --                  ; 00:01:29                           ;
+----------------------+--------------+-------------------------+---------------------+------------------------------------+


+------------------------------------------------------------------------------------+
; Flow OS Summary                                                                    ;
+----------------------+------------------+------------+------------+----------------+
; Module Name          ; Machine Hostname ; OS Name    ; OS Version ; Processor type ;
+----------------------+------------------+------------+------------+----------------+
; Analysis & Synthesis ; PC-00403-A       ; Windows 10 ; 10.0       ; x86_64         ;
; Fitter               ; PC-00403-A       ; Windows 10 ; 10.0       ; x86_64         ;
; Assembler            ; PC-00403-A       ; Windows 10 ; 10.0       ; x86_64         ;
; Power Analyzer       ; PC-00403-A       ; Windows 10 ; 10.0       ; x86_64         ;
; Timing Analyzer      ; PC-00403-A       ; Windows 10 ; 10.0       ; x86_64         ;
+----------------------+------------------+------------+------------+----------------+


------------
; Flow Log ;
------------
quartus_map --read_settings_files=on --write_settings_files=off lcd_game -c lcd_game
quartus_fit --read_settings_files=off --write_settings_files=off lcd_game -c lcd_game
quartus_asm --read_settings_files=off --write_settings_files=off lcd_game -c lcd_game
quartus_pow --read_settings_files=off --write_settings_files=off lcd_game -c lcd_game
quartus_sta lcd_game -c lcd_game



