Flow report for lcd_game
Fri Sep 25 04:03:07 2026
Quartus Prime Version 25.1std.0 Build 1129 10/21/2025 SC Lite Edition


---------------------
; Table of Contents ;
---------------------
  1. Legal Notice
  2. Flow Summary
  3. Flow Settings
  4. Flow Non-Default Global Settings
  5. Flow Elapsed Time
  6. Flow OS Summary
  7. Flow Log
  8. Flow Messages
  9. Flow Suppressed Messages



----------------
; Legal Notice ;
----------------
Copyright (C) 2025  Altera Corporation. All rights reserved.
Your use of Altera Corporation's design tools, logic functions 
and other software and tools, and any partner logic 
functions, and any output files from any of the foregoing 
(including device programming or simulation files), and any 
associated documentation or information are expressly subject 
to the terms and conditions of the Altera Program License 
Subscription Agreement, the Altera Quartus Prime License Agreement,
the Altera IP License Agreement, or other applicable license
agreement, including, without limitation, that your use is for
the sole purpose of programming logic devices manufactured by
Altera and sold by Altera or its authorized distributors.  Please
refer to the Altera Software License Subscription Agreements 
on the Quartus Prime software download page.



+--------------------------------------------------------------------------------------+
; Flow Summary                                                                         ;
+------------------------------------+-------------------------------------------------+
; Flow Status                        ; Successful - Fri Sep 25 04:03:07 2026           ;
; Quartus Prime Version              ; 25.1std.0 Build 1129 10/21/2025 SC Lite Edition ;
; Revision Name                      ; lcd_game                                        ;
; Top-level Entity Name              ; lcd_test_top                                    ;
; Family                             ; MAX 10                                          ;
; Device                             ; 10M08SCE144C8G                                  ;
; Timing Models                      ; Final                                           ;
; Total logic elements               ; 1,347 / 8,064 ( 17 % )                          ;
;     Total combinational functions  ; 1,326 / 8,064 ( 16 % )                          ;
;     Dedicated logic registers      ; 623 / 8,064 ( 8 % )                             ;
; Total registers                    ; 623                                             ;
; Total pins                         ; 13 / 101 ( 13 % )                               ;
; Total virtual pins                 ; 0                                               ;
; Total memory bits                  ; 76,800 / 387,072 ( 20 % )                       ;
; Embedded Multiplier 9-bit elements ; 2 / 48 ( 4 % )                                  ;
; Total PLLs                         ; 0 / 1 ( 0 % )                                   ;
; UFM blocks                         ; 0 / 1 ( 0 % )                                   ;
; ADC blocks                         ; 0                                               ;
+------------------------------------+-------------------------------------------------+


+-----------------------------------------+
; Flow Settings                           ;
+-------------------+---------------------+
; Option            ; Setting             ;
+-------------------+---------------------+
; Start date & time ; 09/25/2026 04:02:26 ;
; Main task         ; Compilation         ;
; Revision Name     ; lcd_game            ;
+-------------------+---------------------+


+-------------------------------------------------------------------------------------------------------------------------------------------------+
; Flow Non-Default Global Settings                                                                                                                ;
+-------------------------------------+----------------------------------------+---------------+--------------+-----------------------------------+
; Assignment Name                     ; Value                                  ; Default Value ; Entity Name  ; Section Id                        ;
+-------------------------------------+----------------------------------------+---------------+--------------+-----------------------------------+
; COMPILER_SIGNATURE_ID               ; 91762414229.179027654608772            ; --            ; --           ; --                                ;
; EDA_GENERATE_FUNCTIONAL_NETLIST     ; Off                                    ; --            ; --           ; eda_board_design_timing           ;
; EDA_GENERATE_FUNCTIONAL_NETLIST     ; Off                                    ; --            ; --           ; eda_board_design_boundary_scan    ;
; EDA_GENERATE_FUNCTIONAL_NETLIST     ; Off                                    ; --            ; --           ; eda_board_design_signal_integrity ;
; EDA_GENERATE_FUNCTIONAL_NETLIST     ; Off                                    ; --            ; --           ; eda_board_design_symbol           ;
; EDA_OUTPUT_DATA_FORMAT              ; Verilog Hdl                            ; --            ; --           ; eda_simulation                    ;
; EDA_SIMULATION_TOOL                 ; Questa Altera FPGA (Verilog)           ; <None>        ; --           ; --                                ;
; EDA_TIME_SCALE                      ; 1 ps                                   ; --            ; --           ; eda_simulation                    ;
; MAX_CORE_JUNCTION_TEMP              ; 85                                     ; --            ; --           ; --                                ;
; MIN_CORE_JUNCTION_TEMP              ; 0                                      ; --            ; --           ; --                                ;
; NUM_PARALLEL_PROCESSORS             ; All                                    ; --            ; --           ; --                                ;
; PARTITION_COLOR                     ; -- (Not supported for targeted family) ; --            ; lcd_test_top ; Top                               ;
; PARTITION_FITTER_PRESERVATION_LEVEL ; -- (Not supported for targeted family) ; --            ; lcd_test_top ; Top                               ;
; PARTITION_NETLIST_TYPE              ; -- (Not supported for targeted family) ; --            ; lcd_test_top ; Top                               ;
; PROJECT_OUTPUT_DIRECTORY            ; output_files                           ; --            ; --           ; --                                ;
; TOP_LEVEL_ENTITY                    ; lcd_test_top                           ; lcd_game      ; --           ; --                                ;
+-------------------------------------+----------------------------------------+---------------+--------------+-----------------------------------+


+--------------------------------------------------------------------------------------------------------------------------+
; Flow Elapsed Time                                                                                                        ;
+----------------------+--------------+-------------------------+---------------------+------------------------------------+
; Module Name          ; Elapsed Time ; Average Processors Used ; Peak Virtual Memory ; Total CPU Time (on all processors) ;
+----------------------+--------------+-------------------------+---------------------+------------------------------------+
; Analysis & Synthesis ; 00:00:14     ; 1.0                     ; 4870 MB             ; 00:00:30                           ;
; Fitter               ; 00:00:09     ; 1.7                     ; 6572 MB             ; 00:00:20                           ;
; Assembler            ; 00:00:01     ; 1.0                     ; 4700 MB             ; 00:00:01                           ;
; Power Analyzer       ; 00:00:03     ; 1.9                     ; 5010 MB             ; 00:00:05                           ;
; Timing Analyzer      ; 00:00:05     ; 2.1                     ; 4901 MB             ; 00:00:05                           ;
; EDA Netlist Writer   ; 00:00:03     ; 1.0                     ; 4672 MB             ; 00:00:01                           ;
; Total                ; 00:00:35     ; --                      ; --                  ; 00:01:02                           ;
+----------------------+--------------+-------------------------+---------------------+------------------------------------+


+------------------------------------------------------------------------------------+
; Flow OS Summary                                                                    ;
+----------------------+------------------+------------+------------+----------------+
; Module Name          ; Machine Hostname ; OS Name    ; OS Version ; Processor type ;
+----------------------+------------------+------------+------------+----------------+
; Analysis & Synthesis ; DESKTOP-FASJBQ2  ; Windows 10 ; 10.0       ; x86_64         ;
; Fitter               ; DESKTOP-FASJBQ2  ; Windows 10 ; 10.0       ; x86_64         ;
; Assembler            ; DESKTOP-FASJBQ2  ; Windows 10 ; 10.0       ; x86_64         ;
; Power Analyzer       ; DESKTOP-FASJBQ2  ; Windows 10 ; 10.0       ; x86_64         ;
; Timing Analyzer      ; DESKTOP-FASJBQ2  ; Windows 10 ; 10.0       ; x86_64         ;
; EDA Netlist Writer   ; DESKTOP-FASJBQ2  ; Windows 10 ; 10.0       ; x86_64         ;
+----------------------+------------------+------------+------------+----------------+


------------
; Flow Log ;
------------
quartus_map --read_settings_files=on --write_settings_files=off lcd_game -c lcd_game
quartus_fit --read_settings_files=off --write_settings_files=off lcd_game -c lcd_game
quartus_asm --read_settings_files=off --write_settings_files=off lcd_game -c lcd_game
quartus_pow --read_settings_files=off --write_settings_files=off lcd_game -c lcd_game
quartus_sta lcd_game -c lcd_game
quartus_eda --read_settings_files=off --write_settings_files=off lcd_game -c lcd_game



